<html>
<body>
<pre>
<h1>µVision Build Log</h1>
<h2>Project:</h2>
C:\Users\konstantin\Documents\QuadVolucer2.0\source\QuadVolucer2.uvproj
Project File Date:  05/15/2011

<h2>Output:</h2>
Build target 'STM32F103VC'
compiling main.c...
src\main.c(13): error:  #5: cannot open source input file "TIM3.h": No such file or directory
compiling stm32f10x_it.c...
src\stm32f10x_it.c(139): warning:  #223-D: function "I2C2_Configuration" declared implicitly
src\stm32f10x_it.c(156): warning:  #223-D: function "TimingDelay_Decrement" declared implicitly
src\stm32f10x_it.c(502): warning:  #223-D: function "rcdsl_parse_data" declared implicitly
compiling I2C.c...
compiling rcdsl.c...
compiling mixer.c...
compiling TIM.c...
compiling stm32f10x_adc.c...
compiling stm32f10x_dma.c...
compiling stm32f10x_flash.c...
compiling stm32f10x_gpio.c...
compiling stm32f10x_sdio.c...
compiling misc.c...
compiling stm32f10x_tim.c...
compiling stm32f10x_fsmc.c...
compiling stm32f10x_rcc.c...
compiling stm32f10x_pwr.c...
compiling stm32f10x_i2c.c...
compiling stm32f10x_usart.c...
compiling system_stm32f10x.c...
compiling core_cm3.c...
Target not created
Build target 'STM32F103VC'
compiling main.c...
src\main.c(150): warning:  #223-D: function "sprintf" declared implicitly
linking...
Program Size: Code=8740 RO-data=276 RW-data=420 ZI-data=1068  
FromELF: creating hex file...
".\obj\DISCC.axf" - 0 Error(s), 1 Warning(s).
Build target 'STM32F103VC'
compiling main.c...
src\main.c(134): warning:  #223-D: function "sprintf" declared implicitly
linking...
Program Size: Code=8740 RO-data=276 RW-data=420 ZI-data=1068  
FromELF: creating hex file...
".\obj\DISCC.axf" - 0 Error(s), 1 Warning(s).
Build target 'STM32F103VC'
compiling main.c...
src\main.c(134): warning:  #223-D: function "sprintf" declared implicitly
linking...
.\obj\DISCC.axf: Error: L6218E: Undefined symbol USART_Configuration (referred from main.o).
.\obj\DISCC.axf: Error: L6218E: Undefined symbol USART_RC_Config (referred from main.o).
Target not created
Build target 'STM32F103VC'
compiling UART.c...
linking...
Program Size: Code=8772 RO-data=276 RW-data=420 ZI-data=1068  
FromELF: creating hex file...
".\obj\DISCC.axf" - 0 Error(s), 0 Warning(s).
Build target 'STM32F103VC'
compiling main.c...
src\main.c(14): error:  #5: cannot open source input file "I2CRoutines.h": No such file or directory
compiling I2C.c...
src\I2C.c(88): error:  #20: identifier "ITG3200_SLAVE_ADDR" is undefined
src\I2C.c(77): warning:  #177-D: function "readmem" was declared but never referenced
Target not created
Build target 'STM32F103VC'
compiling main.c...
src\main.c(134): warning:  #223-D: function "sprintf" declared implicitly
.\inc\I2C.h(132): error:  #114: function "readmem" was referenced but not defined
compiling I2C.c...
src\I2C.c(88): error:  #20: identifier "ITG3200_SLAVE_ADDR" is undefined
src\I2C.c(77): warning:  #177-D: function "readmem" was declared but never referenced
Target not created
Build target 'STM32F103VC'
compiling main.c...
src\main.c(134): warning:  #223-D: function "sprintf" declared implicitly
.\inc\I2C.h(136): error:  #114: function "readmem" was referenced but not defined
compiling stm32f10x_it.c...
src\stm32f10x_it.c(138): warning:  #223-D: function "I2C2_Configuration" declared implicitly
src\stm32f10x_it.c(155): warning:  #223-D: function "TimingDelay_Decrement" declared implicitly
src\stm32f10x_it.c(250): error:  #20: identifier "ITG3200_SLAVE_ADDR" is undefined
src\stm32f10x_it.c(258): error:  #20: identifier "ITG3200_SLAVE_ADDR" is undefined
src\stm32f10x_it.c(501): warning:  #223-D: function "rcdsl_parse_data" declared implicitly
compiling I2C.c...
src\I2C.c(77): warning:  #177-D: function "readmem" was declared but never referenced
compiling rcdsl.c...
compiling mixer.c...
Target not created
Build target 'STM32F103VC'
compiling main.c...
src\main.c(134): warning:  #223-D: function "sprintf" declared implicitly
src\main.c(57): error:  #114: function "readmem" was referenced but not defined
compiling stm32f10x_it.c...
src\stm32f10x_it.c(138): warning:  #223-D: function "I2C2_Configuration" declared implicitly
src\stm32f10x_it.c(155): warning:  #223-D: function "TimingDelay_Decrement" declared implicitly
src\stm32f10x_it.c(250): error:  #20: identifier "ITG3200_SLAVE_ADDR" is undefined
src\stm32f10x_it.c(258): error:  #20: identifier "ITG3200_SLAVE_ADDR" is undefined
src\stm32f10x_it.c(501): warning:  #223-D: function "rcdsl_parse_data" declared implicitly
compiling I2C.c...
src\I2C.c(77): warning:  #177-D: function "readmem" was declared but never referenced
Target not created
Build target 'STM32F103VC'
compiling main.c...
src\main.c(134): warning:  #223-D: function "sprintf" declared implicitly
.\inc\I2C.h(136): error:  #114: function "readmem" was referenced but not defined
compiling stm32f10x_it.c...
src\stm32f10x_it.c(139): warning:  #223-D: function "I2C2_Configuration" declared implicitly
src\stm32f10x_it.c(156): warning:  #223-D: function "TimingDelay_Decrement" declared implicitly
src\stm32f10x_it.c(502): warning:  #223-D: function "rcdsl_parse_data" declared implicitly
compiling I2C.c...
src\I2C.c(77): warning:  #177-D: function "readmem" was declared but never referenced
Target not created
Build target 'STM32F103VC'
compiling main.c...
src\main.c(134): warning:  #223-D: function "sprintf" declared implicitly
src\main.c(57): error:  #114: function "readmem" was referenced but not defined
compiling stm32f10x_it.c...
src\stm32f10x_it.c(139): warning:  #223-D: function "I2C2_Configuration" declared implicitly
src\stm32f10x_it.c(156): warning:  #223-D: function "TimingDelay_Decrement" declared implicitly
src\stm32f10x_it.c(502): warning:  #223-D: function "rcdsl_parse_data" declared implicitly
compiling I2C.c...
src\I2C.c(77): warning:  #177-D: function "readmem" was declared but never referenced
Target not created
Build target 'STM32F103VC'
compiling main.c...
src\main.c(126): warning:  #223-D: function "readmem" declared implicitly
src\main.c(133): warning:  #223-D: function "sprintf" declared implicitly
linking...
.\obj\DISCC.axf: Error: L6218E: Undefined symbol readmem (referred from main.o).
Target not created
compiling main.c...
src\main.c(134): warning:  #223-D: function "sprintf" declared implicitly
src\main.c(57): error:  #114: function "readmem" was referenced but not defined
src\main.c - 1 Error(s), 1 Warning(s).
compiling main.c...
src\main.c(134): warning:  #223-D: function "sprintf" declared implicitly
src\main.c - 0 Error(s), 1 Warning(s).
Build target 'STM32F103VC'
compiling main.c...
src\main.c(126): error:  #167: argument of type "uint8_t *" is incompatible with parameter of type "unsigned char"
src\main.c(133): warning:  #223-D: function "sprintf" declared implicitly
compiling stm32f10x_it.c...
src\stm32f10x_it.c(139): warning:  #223-D: function "I2C2_Configuration" declared implicitly
src\stm32f10x_it.c(156): warning:  #223-D: function "TimingDelay_Decrement" declared implicitly
src\stm32f10x_it.c(502): warning:  #223-D: function "rcdsl_parse_data" declared implicitly
compiling I2C.c...
src\I2C.c(77): error:  #147-D: declaration is incompatible with "void readmem(unsigned char, unsigned char, int)" (declared at line 136 of ".\inc\I2C.h")
src\I2C.c(77): warning:  #177-D: function "readmem" was declared but never referenced
Target not created
Build target 'STM32F103VC'
compiling main.c...
src\main.c(126): error:  #167: argument of type "unsigned char *" is incompatible with parameter of type "unsigned char"
src\main.c(133): warning:  #223-D: function "sprintf" declared implicitly
compiling I2C.c...
src\I2C.c(77): error:  #147-D: declaration is incompatible with "void readmem(unsigned char, unsigned char, int)" (declared at line 136 of ".\inc\I2C.h")
src\I2C.c(77): warning:  #177-D: function "readmem" was declared but never referenced
Target not created
Build target 'STM32F103VC'
compiling main.c...
src\main.c(133): warning:  #223-D: function "sprintf" declared implicitly
compiling stm32f10x_it.c...
src\stm32f10x_it.c(139): warning:  #223-D: function "I2C2_Configuration" declared implicitly
src\stm32f10x_it.c(156): warning:  #223-D: function "TimingDelay_Decrement" declared implicitly
src\stm32f10x_it.c(502): warning:  #223-D: function "rcdsl_parse_data" declared implicitly
compiling I2C.c...
src\I2C.c(77): warning:  #177-D: function "readmem" was declared but never referenced
linking...
.\obj\DISCC.axf: Error: L6218E: Undefined symbol readmem (referred from main.o).
Target not created
Build target 'STM32F103VC'
compiling main.c...
src\main.c(133): warning:  #223-D: function "sprintf" declared implicitly
compiling stm32f10x_it.c...
src\stm32f10x_it.c(139): warning:  #223-D: function "I2C2_Configuration" declared implicitly
src\stm32f10x_it.c(156): warning:  #223-D: function "TimingDelay_Decrement" declared implicitly
src\stm32f10x_it.c(502): warning:  #223-D: function "rcdsl_parse_data" declared implicitly
compiling I2C.c...
src\I2C.c(77): warning:  #177-D: function "readmem" was declared but never referenced
linking...
.\obj\DISCC.axf: Error: L6218E: Undefined symbol readmem (referred from main.o).
Target not created
Build target 'STM32F103VC'
compiling main.c...
src\main.c(133): warning:  #223-D: function "sprintf" declared implicitly
compiling stm32f10x_it.c...
src\stm32f10x_it.c(139): warning:  #223-D: function "I2C2_Configuration" declared implicitly
src\stm32f10x_it.c(156): warning:  #223-D: function "TimingDelay_Decrement" declared implicitly
src\stm32f10x_it.c(502): warning:  #223-D: function "rcdsl_parse_data" declared implicitly
compiling I2C.c...
src\I2C.c(77): warning:  #177-D: function "readmem" was declared but never referenced
linking...
.\obj\DISCC.axf: Error: L6218E: Undefined symbol readmem (referred from main.o).
Target not created
Build target 'STM32F103VC'
compiling I2C.c...
linking...
Program Size: Code=8784 RO-data=276 RW-data=420 ZI-data=1068  
FromELF: creating hex file...
".\obj\DISCC.axf" - 0 Error(s), 0 Warning(s).
Build target 'STM32F103VC'
compiling main.c...
src\main.c(133): warning:  #223-D: function "sprintf" declared implicitly
linking...
Program Size: Code=8784 RO-data=276 RW-data=420 ZI-data=1068  
FromELF: creating hex file...
".\obj\DISCC.axf" - 0 Error(s), 1 Warning(s).
Build target 'STM32F103VC'
compiling main.c...
src\main.c(16): error:  #5: cannot open source input file "stdio": No such file or directory
Target not created
Build target 'STM32F103VC'
compiling main.c...
src\main.c(16): error:  #13: expected a file name
Target not created
Build target 'STM32F103VC'
compiling main.c...
linking...
Program Size: Code=8784 RO-data=276 RW-data=420 ZI-data=1068  
FromELF: creating hex file...
".\obj\DISCC.axf" - 0 Error(s), 0 Warning(s).
Build target 'STM32F103VC'
compiling ADC.c...
compiling eeprom.c...
compiling GPIO.c...
compiling main.c...
compiling stm32f10x_it.c...
src\stm32f10x_it.c(139): warning:  #223-D: function "I2C2_Configuration" declared implicitly
src\stm32f10x_it.c(156): warning:  #223-D: function "TimingDelay_Decrement" declared implicitly
src\stm32f10x_it.c(502): warning:  #223-D: function "rcdsl_parse_data" declared implicitly
compiling I2C.c...
compiling rcdsl.c...
compiling mixer.c...
compiling TIM.c...
compiling UART.c...
compiling stm32f10x_adc.c...
compiling stm32f10x_dma.c...
compiling stm32f10x_flash.c...
compiling stm32f10x_gpio.c...
compiling stm32f10x_sdio.c...
compiling misc.c...
compiling stm32f10x_tim.c...
compiling stm32f10x_fsmc.c...
compiling stm32f10x_rcc.c...
compiling stm32f10x_pwr.c...
compiling stm32f10x_i2c.c...
compiling stm32f10x_usart.c...
compiling system_stm32f10x.c...
compiling core_cm3.c...
assembling startup_stm32f10x_md.s...
linking...
Program Size: Code=8784 RO-data=276 RW-data=420 ZI-data=1068  
FromELF: creating hex file...
".\obj\DISCC.axf" - 0 Error(s), 3 Warning(s).
Build target 'STM32F103VC'
compiling main.c...
linking...
Program Size: Code=8784 RO-data=276 RW-data=420 ZI-data=1068  
FromELF: creating hex file...
".\obj\DISCC.axf" - 0 Error(s), 0 Warning(s).
Build target 'STM32F103VC'
linking...
Program Size: Code=8784 RO-data=276 RW-data=420 ZI-data=1068  
FromELF: creating hex file...
".\obj\QuadVolucer2.axf" - 0 Error(s), 0 Warning(s).
Build target 'STM32F103VC'
compiling ADC.c...
compiling eeprom.c...
compiling GPIO.c...
compiling main.c...
compiling stm32f10x_it.c...
src\stm32f10x_it.c(139): warning:  #223-D: function "I2C2_Configuration" declared implicitly
src\stm32f10x_it.c(156): warning:  #223-D: function "TimingDelay_Decrement" declared implicitly
src\stm32f10x_it.c(502): warning:  #223-D: function "rcdsl_parse_data" declared implicitly
compiling I2C.c...
compiling rcdsl.c...
compiling mixer.c...
compiling TIM.c...
compiling UART.c...
compiling stm32f10x_adc.c...
compiling stm32f10x_dma.c...
compiling stm32f10x_flash.c...
compiling stm32f10x_gpio.c...
compiling stm32f10x_sdio.c...
compiling misc.c...
compiling stm32f10x_tim.c...
compiling stm32f10x_fsmc.c...
compiling stm32f10x_rcc.c...
compiling stm32f10x_pwr.c...
compiling stm32f10x_i2c.c...
compiling stm32f10x_usart.c...
compiling system_stm32f10x.c...
compiling core_cm3.c...
assembling startup_stm32f10x_md.s...
linking...
Program Size: Code=8784 RO-data=276 RW-data=420 ZI-data=1068  
FromELF: creating hex file...
".\obj\QuadVolucer2.axf" - 0 Error(s), 3 Warning(s).
Build target 'STM32F103VC'
compiling main.c...
compiling stm32f10x_it.c...
src\stm32f10x_it.c(156): warning:  #223-D: function "TimingDelay_Decrement" declared implicitly
src\stm32f10x_it.c(502): warning:  #223-D: function "rcdsl_parse_data" declared implicitly
compiling I2C.c...
linking...
Program Size: Code=8784 RO-data=276 RW-data=420 ZI-data=1068  
FromELF: creating hex file...
".\obj\QuadVolucer2.axf" - 0 Error(s), 2 Warning(s).
Build target 'STM32F103VC'
compiling main.c...
compiling stm32f10x_it.c...
compiling rcdsl.c...
compiling mixer.c...
linking...
Program Size: Code=8788 RO-data=276 RW-data=420 ZI-data=1068  
FromELF: creating hex file...
".\obj\QuadVolucer2.axf" - 0 Error(s), 0 Warning(s).
Build target 'STM32F103VC'
compiling ADC.c...
compiling eeprom.c...
compiling GPIO.c...
compiling main.c...
compiling stm32f10x_it.c...
compiling I2C.c...
compiling rcdsl.c...
compiling mixer.c...
compiling TIM.c...
compiling UART.c...
compiling stm32f10x_adc.c...
compiling stm32f10x_dma.c...
compiling stm32f10x_flash.c...
compiling stm32f10x_gpio.c...
compiling stm32f10x_sdio.c...
compiling misc.c...
compiling stm32f10x_tim.c...
compiling stm32f10x_fsmc.c...
compiling stm32f10x_rcc.c...
compiling stm32f10x_pwr.c...
compiling stm32f10x_i2c.c...
compiling stm32f10x_usart.c...
compiling system_stm32f10x.c...
compiling core_cm3.c...
assembling startup_stm32f10x_md.s...
linking...
Program Size: Code=8788 RO-data=276 RW-data=420 ZI-data=1068  
FromELF: creating hex file...
".\obj\QuadVolucer2.axf" - 0 Error(s), 0 Warning(s).
