<html>
<body>
<pre>
<h1>µVision Build Log</h1>
<h2>Project:</h2>
C:\Users\konstantin\Documents\QuadVolucer2.0\source\QuadVolucer2.uvproj
Project File Date:  05/15/2011

<h2>Output:</h2>
Build target 'STM32F103VC'
compiling UART.c...
linking...
Program Size: Code=9844 RO-data=276 RW-data=244 ZI-data=1196  
FromELF: creating hex file...
".\obj\QuadVolucer2.axf" - 0 Error(s), 0 Warning(s).
Build target 'STM32F103VC'
compiling UART.c...
linking...
Program Size: Code=9860 RO-data=276 RW-data=244 ZI-data=1196  
FromELF: creating hex file...
".\obj\QuadVolucer2.axf" - 0 Error(s), 0 Warning(s).
compiling UART.c...
src\UART.c - 0 Error(s), 0 Warning(s).
Build target 'STM32F103VC'
linking...
Program Size: Code=9860 RO-data=276 RW-data=244 ZI-data=1196  
FromELF: creating hex file...
".\obj\QuadVolucer2.axf" - 0 Error(s), 0 Warning(s).
Build target 'STM32F103VC'
compiling UART.c...
linking...
Program Size: Code=9840 RO-data=276 RW-data=244 ZI-data=1196  
FromELF: creating hex file...
".\obj\QuadVolucer2.axf" - 0 Error(s), 0 Warning(s).
Build target 'STM32F103VC'
compiling UART.c...
linking...
Program Size: Code=9876 RO-data=276 RW-data=244 ZI-data=1196  
FromELF: creating hex file...
".\obj\QuadVolucer2.axf" - 0 Error(s), 0 Warning(s).
Build target 'STM32F103VC'
compiling UART.c...
linking...
Program Size: Code=9876 RO-data=276 RW-data=244 ZI-data=1196  
FromELF: creating hex file...
".\obj\QuadVolucer2.axf" - 0 Error(s), 0 Warning(s).
Build target 'STM32F103VC'
compiling UART.c...
linking...
Program Size: Code=9892 RO-data=276 RW-data=244 ZI-data=1196  
FromELF: creating hex file...
".\obj\QuadVolucer2.axf" - 0 Error(s), 0 Warning(s).
Build target 'STM32F103VC'
compiling UART.c...
linking...
Program Size: Code=9888 RO-data=276 RW-data=244 ZI-data=1196  
FromELF: creating hex file...
".\obj\QuadVolucer2.axf" - 0 Error(s), 0 Warning(s).
Build target 'STM32F103VC'
compiling UART.c...
linking...
Program Size: Code=9864 RO-data=276 RW-data=244 ZI-data=1196  
FromELF: creating hex file...
".\obj\QuadVolucer2.axf" - 0 Error(s), 0 Warning(s).
Build target 'STM32F103VC'
compiling UART.c...
linking...
Program Size: Code=9884 RO-data=276 RW-data=244 ZI-data=1196  
FromELF: creating hex file...
".\obj\QuadVolucer2.axf" - 0 Error(s), 0 Warning(s).
Build target 'STM32F103VC'
compiling UART.c...
linking...
Program Size: Code=9884 RO-data=276 RW-data=244 ZI-data=1196  
FromELF: creating hex file...
".\obj\QuadVolucer2.axf" - 0 Error(s), 0 Warning(s).
Build target 'STM32F103VC'
compiling UART.c...
linking...
Program Size: Code=9884 RO-data=276 RW-data=244 ZI-data=1196  
FromELF: creating hex file...
".\obj\QuadVolucer2.axf" - 0 Error(s), 0 Warning(s).
Build target 'STM32F103VC'
compiling UART.c...
linking...
Program Size: Code=9884 RO-data=276 RW-data=244 ZI-data=1196  
FromELF: creating hex file...
".\obj\QuadVolucer2.axf" - 0 Error(s), 0 Warning(s).
Build target 'STM32F103VC'
compiling UART.c...
linking...
Program Size: Code=9884 RO-data=276 RW-data=244 ZI-data=1196  
FromELF: creating hex file...
".\obj\QuadVolucer2.axf" - 0 Error(s), 0 Warning(s).
Build target 'STM32F103VC'
compiling UART.c...
linking...
Program Size: Code=9884 RO-data=276 RW-data=244 ZI-data=1196  
FromELF: creating hex file...
".\obj\QuadVolucer2.axf" - 0 Error(s), 0 Warning(s).
Build target 'STM32F103VC'
compiling UART.c...
linking...
Program Size: Code=9884 RO-data=276 RW-data=244 ZI-data=1196  
FromELF: creating hex file...
".\obj\QuadVolucer2.axf" - 0 Error(s), 0 Warning(s).
Build target 'STM32F103VC'
compiling UART.c...
linking...
Program Size: Code=9884 RO-data=276 RW-data=244 ZI-data=1196  
FromELF: creating hex file...
".\obj\QuadVolucer2.axf" - 0 Error(s), 0 Warning(s).
Build target 'STM32F103VC'
compiling UART.c...
linking...
Program Size: Code=9884 RO-data=276 RW-data=244 ZI-data=1196  
FromELF: creating hex file...
".\obj\QuadVolucer2.axf" - 0 Error(s), 0 Warning(s).
Build target 'STM32F103VC'
compiling UART.c...
linking...
Program Size: Code=9884 RO-data=276 RW-data=244 ZI-data=1196  
FromELF: creating hex file...
".\obj\QuadVolucer2.axf" - 0 Error(s), 0 Warning(s).
