<html>
<body>
<pre>
<h1>µVision Build Log</h1>
<h2>Project:</h2>
C:\Users\konstantin\Documents\QuadVolucer2.0\source\QuadVolucer2.uvproj
Project File Date:  05/15/2011

<h2>Output:</h2>
compiling main.c...
src\main.c - 0 Error(s), 0 Warning(s).
compiling main.c...
src\main.c - 0 Error(s), 0 Warning(s).
Build target 'STM32F103VC'
linking...
Program Size: Code=11344 RO-data=276 RW-data=264 ZI-data=1216  
FromELF: creating hex file...
".\obj\QuadVolucer2.axf" - 0 Error(s), 0 Warning(s).
Build target 'STM32F103VC'
compiling ADC.c...
compiling eeprom.c...
compiling GPIO.c...
compiling main.c...
compiling stm32f10x_it.c...
compiling I2C.c...
compiling rcdsl.c...
compiling mixer.c...
src\mixer.c(324): warning:  #223-D: function "limitStep" declared implicitly
compiling TIM.c...
compiling UART.c...
compiling stm32f10x_adc.c...
compiling stm32f10x_dma.c...
compiling stm32f10x_flash.c...
compiling stm32f10x_gpio.c...
compiling stm32f10x_sdio.c...
compiling misc.c...
compiling stm32f10x_tim.c...
compiling stm32f10x_fsmc.c...
compiling stm32f10x_rcc.c...
compiling stm32f10x_pwr.c...
compiling stm32f10x_i2c.c...
compiling stm32f10x_usart.c...
compiling system_stm32f10x.c...
compiling core_cm3.c...
assembling startup_stm32f10x_md.s...
linking...
Program Size: Code=11344 RO-data=276 RW-data=264 ZI-data=1216  
FromELF: creating hex file...
".\obj\QuadVolucer2.axf" - 0 Error(s), 1 Warning(s).
Build target 'STM32F103VC'
compiling main.c...
linking...
Program Size: Code=11344 RO-data=276 RW-data=264 ZI-data=1216  
FromELF: creating hex file...
".\obj\QuadVolucer2.axf" - 0 Error(s), 0 Warning(s).
Build target 'STM32F103VC'
compiling stm32f10x_it.c...
linking...
Program Size: Code=11344 RO-data=276 RW-data=264 ZI-data=1216  
FromELF: creating hex file...
".\obj\QuadVolucer2.axf" - 0 Error(s), 0 Warning(s).
