ARM Linker, 4.1 [Build 561] [Evaluation]

==============================================================================

Section Cross References

    adc.o(i.ADC1_Configuration) refers to stm32f10x_adc.o(i.ADC_Init) for ADC_Init
    adc.o(i.ADC1_Configuration) refers to stm32f10x_adc.o(i.ADC_Cmd) for ADC_Cmd
    adc.o(i.ADC1_Configuration) refers to stm32f10x_adc.o(i.ADC_RegularChannelConfig) for ADC_RegularChannelConfig
    adc.o(i.ADC1_Configuration) refers to stm32f10x_adc.o(i.ADC_ResetCalibration) for ADC_ResetCalibration
    adc.o(i.ADC1_Configuration) refers to stm32f10x_adc.o(i.ADC_GetResetCalibrationStatus) for ADC_GetResetCalibrationStatus
    adc.o(i.ADC1_Configuration) refers to stm32f10x_adc.o(i.ADC_StartCalibration) for ADC_StartCalibration
    adc.o(i.ADC1_Configuration) refers to stm32f10x_adc.o(i.ADC_GetCalibrationStatus) for ADC_GetCalibrationStatus
    adc.o(i.ADC1_Configuration) refers to stm32f10x_adc.o(i.ADC_SoftwareStartConvCmd) for ADC_SoftwareStartConvCmd
    eeprom.o(i.EE_Init) refers to stm32f10x_flash.o(i.FLASH_ErasePage) for FLASH_ErasePage
    eeprom.o(i.EE_Init) refers to stm32f10x_flash.o(i.FLASH_ProgramHalfWord) for FLASH_ProgramHalfWord
    eeprom.o(i.EE_Init) refers to eeprom.o(i.EE_ReadVariable) for EE_ReadVariable
    eeprom.o(i.EE_Init) refers to eeprom.o(i.EE_VerifyPageFullWriteVariable) for EE_VerifyPageFullWriteVariable
    eeprom.o(i.EE_Init) refers to eeprom.o(.data) for .data
    eeprom.o(i.EE_VerifyPageFullWriteVariable) refers to stm32f10x_flash.o(i.FLASH_ProgramHalfWord) for FLASH_ProgramHalfWord
    eeprom.o(i.EE_WriteVariable) refers to eeprom.o(i.EE_VerifyPageFullWriteVariable) for EE_VerifyPageFullWriteVariable
    eeprom.o(i.EE_WriteVariable) refers to stm32f10x_flash.o(i.FLASH_ProgramHalfWord) for FLASH_ProgramHalfWord
    eeprom.o(i.EE_WriteVariable) refers to eeprom.o(i.EE_ReadVariable) for EE_ReadVariable
    eeprom.o(i.EE_WriteVariable) refers to stm32f10x_flash.o(i.FLASH_ErasePage) for FLASH_ErasePage
    eeprom.o(i.EE_WriteVariable) refers to eeprom.o(.data) for .data
    gpio.o(i.GPIO_Configuration) refers to stm32f10x_gpio.o(i.GPIO_Init) for GPIO_Init
    gpio.o(i.GPIO_Configuration) refers to stm32f10x_rcc.o(i.RCC_APB1PeriphResetCmd) for RCC_APB1PeriphResetCmd
    gpio.o(i.QuadC_LEDOff) refers to gpio.o(.constdata) for .constdata
    gpio.o(i.QuadC_LEDOff) refers to gpio.o(.data) for .data
    gpio.o(i.QuadC_LEDOn) refers to gpio.o(.constdata) for .constdata
    gpio.o(i.QuadC_LEDOn) refers to gpio.o(.data) for .data
    gpio.o(i.QuadC_LEDToggle) refers to gpio.o(.data) for .data
    gpio.o(i.QuadC_LEDToggle) refers to gpio.o(.constdata) for .constdata
    main.o(i.Delay) refers to main.o(.data) for .data
    main.o(i.NVIC_Configuration) refers to misc.o(i.NVIC_PriorityGroupConfig) for NVIC_PriorityGroupConfig
    main.o(i.NVIC_Configuration) refers to misc.o(i.NVIC_Init) for NVIC_Init
    main.o(i.RCC_Configuration) refers to system_stm32f10x.o(i.SystemInit) for SystemInit
    main.o(i.RCC_Configuration) refers to stm32f10x_rcc.o(i.RCC_PCLK1Config) for RCC_PCLK1Config
    main.o(i.RCC_Configuration) refers to stm32f10x_rcc.o(i.RCC_ADCCLKConfig) for RCC_ADCCLKConfig
    main.o(i.RCC_Configuration) refers to stm32f10x_rcc.o(i.RCC_APB2PeriphClockCmd) for RCC_APB2PeriphClockCmd
    main.o(i.RCC_Configuration) refers to stm32f10x_rcc.o(i.RCC_APB1PeriphClockCmd) for RCC_APB1PeriphClockCmd
    main.o(i.SysTick_Configuration) refers to system_stm32f10x.o(.data) for SystemCoreClock
    main.o(i.TimingDelay_Decrement) refers to main.o(.data) for .data
    main.o(i.main) refers to system_stm32f10x.o(i.SystemInit) for SystemInit
    main.o(i.main) refers to stm32f10x_rcc.o(i.RCC_PCLK1Config) for RCC_PCLK1Config
    main.o(i.main) refers to stm32f10x_rcc.o(i.RCC_ADCCLKConfig) for RCC_ADCCLKConfig
    main.o(i.main) refers to stm32f10x_rcc.o(i.RCC_APB2PeriphClockCmd) for RCC_APB2PeriphClockCmd
    main.o(i.main) refers to stm32f10x_rcc.o(i.RCC_APB1PeriphClockCmd) for RCC_APB1PeriphClockCmd
    main.o(i.main) refers to misc.o(i.NVIC_PriorityGroupConfig) for NVIC_PriorityGroupConfig
    main.o(i.main) refers to misc.o(i.NVIC_Init) for NVIC_Init
    main.o(i.main) refers to gpio.o(i.GPIO_Configuration) for GPIO_Configuration
    main.o(i.main) refers to uart.o(i.USART_Configuration) for USART_Configuration
    main.o(i.main) refers to uart.o(i.USART_RC_Config) for USART_RC_Config
    main.o(i.main) refers to i2c.o(i.I2C2_Configuration) for I2C2_Configuration
    main.o(i.main) refers to adc.o(i.ADC1_Configuration) for ADC1_Configuration
    main.o(i.main) refers to tim.o(i.TIM3_Configuration) for TIM3_Configuration
    main.o(i.main) refers to i2c.o(i.I2C_Configuration) for I2C_Configuration
    main.o(i.main) refers to i2c.o(i.readmem) for readmem
    main.o(i.main) refers to mixer.o(i.mixer) for mixer
    main.o(i.main) refers to printf6.o(i.__0sprintf$6) for __2sprintf
    main.o(i.main) refers to stm32f10x_usart.o(i.USART_ITConfig) for USART_ITConfig
[...]
    printfa.o(i.__0snprintf) refers to printfa.o(i._snputc) for _snputc
    printfa.o(i.__0sprintf) refers (Special) to iusefp.o(.text) for __I$use$fp
    printfa.o(i.__0sprintf) refers to printfa.o(i._printf_core) for _printf_core
    printfa.o(i.__0sprintf) refers to printfa.o(i._sputc) for _sputc
    printfa.o(i.__0vfprintf) refers (Special) to iusefp.o(.text) for __I$use$fp
    printfa.o(i.__0vfprintf) refers to printfa.o(i._printf_core) for _printf_core
    printfa.o(i.__0vfprintf) refers to fputc.o(i.fputc) for fputc
    printfa.o(i.__0vprintf) refers (Special) to iusefp.o(.text) for __I$use$fp
    printfa.o(i.__0vprintf) refers to printfa.o(i._printf_core) for _printf_core
    printfa.o(i.__0vprintf) refers to fputc.o(i.fputc) for fputc
    printfa.o(i.__0vprintf) refers to stdout.o(.data) for __stdout
    printfa.o(i.__0vsnprintf) refers (Special) to iusefp.o(.text) for __I$use$fp
    printfa.o(i.__0vsnprintf) refers to printfa.o(i._printf_core) for _printf_core
    printfa.o(i.__0vsnprintf) refers to printfa.o(i._snputc) for _snputc
    printfa.o(i.__0vsprintf) refers (Special) to iusefp.o(.text) for __I$use$fp
    printfa.o(i.__0vsprintf) refers to printfa.o(i._printf_core) for _printf_core
    printfa.o(i.__0vsprintf) refers to printfa.o(i._sputc) for _sputc
    printfa.o(i._fp_digits) refers (Special) to iusefp.o(.text) for __I$use$fp
    printfa.o(i._fp_digits) refers to dmul.o(.text) for __aeabi_dmul
    printfa.o(i._fp_digits) refers to ddiv.o(.text) for __aeabi_ddiv
    printfa.o(i._fp_digits) refers to cdrcmple.o(.text) for __aeabi_cdrcmple
    printfa.o(i._fp_digits) refers to dadd.o(.text) for __aeabi_dadd
    printfa.o(i._fp_digits) refers to dfixul.o(.text) for __aeabi_d2ulz
    printfa.o(i._fp_digits) refers to uldiv.o(.text) for __aeabi_uldivmod
    printfa.o(i._printf_core) refers (Special) to iusefp.o(.text) for __I$use$fp
    printfa.o(i._printf_core) refers to printfa.o(i._printf_pre_padding) for _printf_pre_padding
    printfa.o(i._printf_core) refers to uldiv.o(.text) for __aeabi_uldivmod
    printfa.o(i._printf_core) refers to printfa.o(i._printf_post_padding) for _printf_post_padding
    printfa.o(i._printf_core) refers to printfa.o(i._fp_digits) for _fp_digits
    printfa.o(i._printf_core) refers to uidiv.o(.text) for __aeabi_uidivmod
    printfa.o(i._printf_post_padding) refers (Special) to iusefp.o(.text) for __I$use$fp
    printfa.o(i._printf_pre_padding) refers (Special) to iusefp.o(.text) for __I$use$fp
    printfa.o(i._snputc) refers (Special) to iusefp.o(.text) for __I$use$fp
    printfa.o(i._sputc) refers (Special) to iusefp.o(.text) for __I$use$fp
    fadd.o(.text) refers (Special) to iusefp.o(.text) for __I$use$fp
    fadd.o(.text) refers to fepilogue.o(.text) for _float_epilogue
    fmul.o(.text) refers (Special) to iusefp.o(.text) for __I$use$fp
    fdiv.o(.text) refers (Special) to iusefp.o(.text) for __I$use$fp
    fdiv.o(.text) refers to fepilogue.o(.text) for _float_round
    dadd.o(.text) refers (Special) to iusefp.o(.text) for __I$use$fp
    dadd.o(.text) refers to llshl.o(.text) for __aeabi_llsl
    dadd.o(.text) refers to llsshr.o(.text) for __aeabi_lasr
    dadd.o(.text) refers to depilogue.o(.text) for _double_epilogue
    dmul.o(.text) refers (Special) to iusefp.o(.text) for __I$use$fp
    dmul.o(.text) refers to depilogue.o(.text) for _double_epilogue
    ddiv.o(.text) refers (Special) to iusefp.o(.text) for __I$use$fp
    ddiv.o(.text) refers to depilogue.o(.text) for _double_round
    fflti.o(.text) refers (Special) to iusefp.o(.text) for __I$use$fp
    fflti.o(.text) refers to fepilogue.o(.text) for _float_epilogue
    ffltui.o(.text) refers (Special) to iusefp.o(.text) for __I$use$fp
    ffltui.o(.text) refers to fepilogue.o(.text) for _float_epilogue
    dflti.o(.text) refers (Special) to iusefp.o(.text) for __I$use$fp
    dflti.o(.text) refers to depilogue.o(.text) for _double_epilogue
    dfltui.o(.text) refers (Special) to iusefp.o(.text) for __I$use$fp
    dfltui.o(.text) refers to depilogue.o(.text) for _double_epilogue
    ffixi.o(.text) refers (Special) to iusefp.o(.text) for __I$use$fp
    dfixi.o(.text) refers (Special) to iusefp.o(.text) for __I$use$fp
    dfixi.o(.text) refers to llushr.o(.text) for __aeabi_llsr
    entry2.o(.ARM.Collect$$$$00000001) refers to entry2.o(.ARM.Collect$$$$00002712) for __lit__00000000
    entry2.o(.ARM.Collect$$$$00002712) refers to startup_stm32f10x_md.o(STACK) for __initial_sp
    entry2.o(__vectab_stack_and_reset_area) refers to startup_stm32f10x_md.o(STACK) for __initial_sp
    entry2.o(__vectab_stack_and_reset_area) refers to entry.o(.ARM.Collect$$$$00000000) for __main
    entry5.o(.ARM.Collect$$$$00000004) refers to init.o(.text) for __scatterload
    entry7.o(.ARM.Collect$$$$00000007) refers to main.o(i.main) for main
    fputc.o(i.fputc) refers (Special) to iusesemip.o(.text) for __I$use$semihosting$fputc
    uldiv.o(.text) refers to llushr.o(.text) for __aeabi_llsr
    uldiv.o(.text) refers to llshl.o(.text) for __aeabi_llsl
    depilogue.o(.text) refers to llshl.o(.text) for __aeabi_llsl
    depilogue.o(.text) refers to llushr.o(.text) for __aeabi_llsr
    dfixul.o(.text) refers to llushr.o(.text) for __aeabi_llsr
    dfixul.o(.text) refers to llshl.o(.text) for __aeabi_llsl
    init.o(.text) refers to entry5.o(.ARM.Collect$$$$00000004) for __main_after_scatterload


==============================================================================

Removing Unused input sections from the image.

    Removing eeprom.o(i.EE_Init), (516 bytes).
    Removing eeprom.o(i.EE_ReadVariable), (136 bytes).
    Removing eeprom.o(i.EE_VerifyPageFullWriteVariable), (108 bytes).
    Removing eeprom.o(i.EE_WriteVariable), (184 bytes).
    Removing eeprom.o(.data), (10 bytes).
    Removing gpio.o(i.QuadC_LEDOff), (24 bytes).
    Removing gpio.o(i.QuadC_LEDOn), (24 bytes).
    Removing main.o(i.Delay), (16 bytes).
    Removing main.o(i.NVIC_Configuration), (152 bytes).
    Removing main.o(i.RCC_Configuration), (82 bytes).
    Removing main.o(i.SysTick_Configuration), (52 bytes).
    Removing main.o(.data), (2 bytes).
    Removing main.o(.data), (1 bytes).
    Removing i2c.o(i.I2C_DMAConfig), (204 bytes).
    Removing i2c.o(i.I2C_Master_BufferRead), (848 bytes).
    Removing i2c.o(.bss), (44 bytes).
    Removing i2c.o(.data), (16 bytes).
    Removing rcdsl.o(i.rcdsl_incoming_paket), (120 bytes).
    Removing rcdsl.o(i.rcdsl_new_signal), (12 bytes).
    Removing mixer.o(i.mode_off), (20 bytes).
    Removing mixer.o(i.mode_standby), (20 bytes).
    Removing mixer.o(i.yawcontroller), (104 bytes).
    Removing stm32f10x_adc.o(i.ADC_AnalogWatchdogCmd), (16 bytes).
    Removing stm32f10x_adc.o(i.ADC_AnalogWatchdogSingleChannelConfig), (12 bytes).
    Removing stm32f10x_adc.o(i.ADC_AnalogWatchdogThresholdsConfig), (6 bytes).
    Removing stm32f10x_adc.o(i.ADC_AutoInjectedConvCmd), (18 bytes).
    Removing stm32f10x_adc.o(i.ADC_ClearFlag), (6 bytes).
    Removing stm32f10x_adc.o(i.ADC_DMACmd), (18 bytes).
    Removing stm32f10x_adc.o(i.ADC_DeInit), (100 bytes).
    Removing stm32f10x_adc.o(i.ADC_DiscModeChannelCountConfig), (16 bytes).
    Removing stm32f10x_adc.o(i.ADC_DiscModeCmd), (18 bytes).
    Removing stm32f10x_adc.o(i.ADC_ExternalTrigConvCmd), (18 bytes).
    Removing stm32f10x_adc.o(i.ADC_ExternalTrigInjectedConvCmd), (18 bytes).
    Removing stm32f10x_adc.o(i.ADC_ExternalTrigInjectedConvConfig), (12 bytes).
    Removing stm32f10x_adc.o(i.ADC_GetDualModeConversionValue), (12 bytes).
    Removing stm32f10x_adc.o(i.ADC_GetFlagStatus), (14 bytes).
    Removing stm32f10x_adc.o(i.ADC_GetInjectedConversionValue), (8 bytes).
    Removing stm32f10x_adc.o(i.ADC_GetSoftwareStartConvStatus), (16 bytes).
    Removing stm32f10x_adc.o(i.ADC_GetSoftwareStartInjectedConvCmdStatus), (16 bytes).
    Removing stm32f10x_adc.o(i.ADC_ITConfig), (18 bytes).
    Removing stm32f10x_adc.o(i.ADC_InjectedChannelConfig), (92 bytes).
    Removing stm32f10x_adc.o(i.ADC_InjectedDiscModeCmd), (18 bytes).
    Removing stm32f10x_adc.o(i.ADC_InjectedSequencerLengthConfig), (16 bytes).
    Removing stm32f10x_adc.o(i.ADC_SetInjectedOffset), (4 bytes).
    Removing stm32f10x_adc.o(i.ADC_SoftwareStartInjectedConvCmd), (18 bytes).
    Removing stm32f10x_adc.o(i.ADC_StructInit), (18 bytes).
    Removing stm32f10x_adc.o(i.ADC_TempSensorVrefintCmd), (28 bytes).
    Removing stm32f10x_dma.o(i.DMA_ClearFlag), (20 bytes).
    Removing stm32f10x_dma.o(i.DMA_ClearITPendingBit), (20 bytes).
    Removing stm32f10x_dma.o(i.DMA_Cmd), (20 bytes).
    Removing stm32f10x_dma.o(i.DMA_DeInit), (272 bytes).
    Removing stm32f10x_dma.o(i.DMA_GetCurrDataCounter), (6 bytes).
    Removing stm32f10x_dma.o(i.DMA_GetFlagStatus), (32 bytes).
    Removing stm32f10x_dma.o(i.DMA_GetITStatus), (32 bytes).
    Removing stm32f10x_dma.o(i.DMA_ITConfig), (16 bytes).
    Removing stm32f10x_dma.o(i.DMA_Init), (70 bytes).
    Removing stm32f10x_dma.o(i.DMA_SetCurrDataCounter), (4 bytes).
    Removing stm32f10x_dma.o(i.DMA_StructInit), (26 bytes).
    Removing stm32f10x_flash.o(i.FLASH_ClearFlag), (12 bytes).
    Removing stm32f10x_flash.o(i.FLASH_EnableWriteProtection), (176 bytes).
    Removing stm32f10x_flash.o(i.FLASH_EraseAllBank1Pages), (60 bytes).
    Removing stm32f10x_flash.o(i.FLASH_EraseAllPages), (60 bytes).
    Removing stm32f10x_flash.o(i.FLASH_EraseOptionBytes), (140 bytes).
    Removing stm32f10x_flash.o(i.FLASH_ErasePage), (64 bytes).
    Removing stm32f10x_flash.o(i.FLASH_GetBank1Status), (44 bytes).
    Removing stm32f10x_flash.o(i.FLASH_GetFlagStatus), (40 bytes).
    Removing stm32f10x_flash.o(i.FLASH_GetPrefetchBufferStatus), (20 bytes).
    Removing stm32f10x_flash.o(i.FLASH_GetReadOutProtectionStatus), (20 bytes).
    Removing stm32f10x_flash.o(i.FLASH_GetStatus), (44 bytes).
    Removing stm32f10x_flash.o(i.FLASH_GetUserOptionByte), (12 bytes).
    Removing stm32f10x_flash.o(i.FLASH_GetWriteProtectionOptionByte), (12 bytes).
    Removing stm32f10x_flash.o(i.FLASH_HalfCycleAccessCmd), (24 bytes).
    Removing stm32f10x_flash.o(i.FLASH_ITConfig), (24 bytes).
    Removing stm32f10x_flash.o(i.FLASH_Lock), (16 bytes).
    Removing stm32f10x_flash.o(i.FLASH_LockBank1), (16 bytes).
    Removing stm32f10x_flash.o(i.FLASH_PrefetchBufferCmd), (24 bytes).
    Removing stm32f10x_flash.o(i.FLASH_ProgramHalfWord), (56 bytes).
    Removing stm32f10x_flash.o(i.FLASH_ProgramOptionByteData), (80 bytes).
    Removing stm32f10x_flash.o(i.FLASH_ProgramWord), (72 bytes).
    Removing stm32f10x_flash.o(i.FLASH_ReadOutProtection), (144 bytes).
    Removing stm32f10x_flash.o(i.FLASH_SetLatency), (20 bytes).
    Removing stm32f10x_flash.o(i.FLASH_Unlock), (24 bytes).
    Removing stm32f10x_flash.o(i.FLASH_UnlockBank1), (24 bytes).
    Removing stm32f10x_flash.o(i.FLASH_UserOptionByteConfig), (96 bytes).
    Removing stm32f10x_flash.o(i.FLASH_WaitForLastBank1Operation), (100 bytes).
    Removing stm32f10x_flash.o(i.FLASH_WaitForLastOperation), (100 bytes).
    Removing stm32f10x_gpio.o(i.GPIO_AFIODeInit), (22 bytes).
    Removing stm32f10x_gpio.o(i.GPIO_DeInit), (216 bytes).
    Removing stm32f10x_gpio.o(i.GPIO_ETH_MediaInterfaceConfig), (12 bytes).
    Removing stm32f10x_gpio.o(i.GPIO_EXTILineConfig), (40 bytes).
    Removing stm32f10x_gpio.o(i.GPIO_EventOutputCmd), (12 bytes).
    Removing stm32f10x_gpio.o(i.GPIO_EventOutputConfig), (28 bytes).
    Removing stm32f10x_gpio.o(i.GPIO_PinLockConfig), (16 bytes).
    Removing stm32f10x_gpio.o(i.GPIO_PinRemapConfig), (108 bytes).
    Removing stm32f10x_gpio.o(i.GPIO_ReadInputData), (6 bytes).
    Removing stm32f10x_gpio.o(i.GPIO_ReadInputDataBit), (14 bytes).
    Removing stm32f10x_gpio.o(i.GPIO_ReadOutputData), (6 bytes).
    Removing stm32f10x_gpio.o(i.GPIO_ReadOutputDataBit), (14 bytes).
    Removing stm32f10x_gpio.o(i.GPIO_ResetBits), (4 bytes).
    Removing stm32f10x_gpio.o(i.GPIO_SetBits), (4 bytes).
    Removing stm32f10x_gpio.o(i.GPIO_StructInit), (16 bytes).
    Removing stm32f10x_gpio.o(i.GPIO_Write), (4 bytes).
    Removing stm32f10x_gpio.o(i.GPIO_WriteBit), (10 bytes).
    Removing stm32f10x_sdio.o(i.SDIO_CEATAITCmd), (16 bytes).
    Removing stm32f10x_sdio.o(i.SDIO_ClearFlag), (12 bytes).
    Removing stm32f10x_sdio.o(i.SDIO_ClearITPendingBit), (12 bytes).
    Removing stm32f10x_sdio.o(i.SDIO_ClockCmd), (12 bytes).
    Removing stm32f10x_sdio.o(i.SDIO_CmdStructInit), (14 bytes).
    Removing stm32f10x_sdio.o(i.SDIO_CommandCompletionCmd), (12 bytes).
    Removing stm32f10x_sdio.o(i.SDIO_DMACmd), (12 bytes).
    Removing stm32f10x_sdio.o(i.SDIO_DataConfig), (48 bytes).
    Removing stm32f10x_sdio.o(i.SDIO_DataStructInit), (20 bytes).
    Removing stm32f10x_sdio.o(i.SDIO_DeInit), (36 bytes).
    Removing stm32f10x_sdio.o(i.SDIO_GetCommandResponse), (12 bytes).
    Removing stm32f10x_sdio.o(i.SDIO_GetDataCounter), (12 bytes).
    Removing stm32f10x_sdio.o(i.SDIO_GetFIFOCount), (12 bytes).
    Removing stm32f10x_sdio.o(i.SDIO_GetFlagStatus), (20 bytes).
    Removing stm32f10x_sdio.o(i.SDIO_GetITStatus), (20 bytes).
    Removing stm32f10x_sdio.o(i.SDIO_GetPowerState), (16 bytes).
    Removing stm32f10x_sdio.o(i.SDIO_GetResponse), (12 bytes).
    Removing stm32f10x_sdio.o(i.SDIO_ITConfig), (24 bytes).
    Removing stm32f10x_sdio.o(i.SDIO_Init), (56 bytes).
    Removing stm32f10x_sdio.o(i.SDIO_ReadData), (12 bytes).
    Removing stm32f10x_sdio.o(i.SDIO_SendCEATACmd), (12 bytes).
    Removing stm32f10x_sdio.o(i.SDIO_SendCommand), (44 bytes).
    Removing stm32f10x_sdio.o(i.SDIO_SendSDIOSuspendCmd), (12 bytes).
    Removing stm32f10x_sdio.o(i.SDIO_SetPowerState), (24 bytes).
    Removing stm32f10x_sdio.o(i.SDIO_SetSDIOOperation), (12 bytes).
    Removing stm32f10x_sdio.o(i.SDIO_SetSDIOReadWaitMode), (12 bytes).
    Removing stm32f10x_sdio.o(i.SDIO_StartSDIOReadWait), (12 bytes).
    Removing stm32f10x_sdio.o(i.SDIO_StopSDIOReadWait), (12 bytes).
    Removing stm32f10x_sdio.o(i.SDIO_StructInit), (16 bytes).
    Removing stm32f10x_sdio.o(i.SDIO_WriteData), (12 bytes).
    Removing misc.o(i.NVIC_SetVectorTable), (20 bytes).
    Removing misc.o(i.NVIC_SystemLPConfig), (24 bytes).
    Removing misc.o(i.SysTick_CLKSourceConfig), (22 bytes).
    Removing stm32f10x_tim.o(i.TIM_ARRPreloadConfig), (18 bytes).
    Removing stm32f10x_tim.o(i.TIM_BDTRConfig), (44 bytes).
    Removing stm32f10x_tim.o(i.TIM_BDTRStructInit), (18 bytes).
    Removing stm32f10x_tim.o(i.TIM_CCPreloadControl), (18 bytes).
    Removing stm32f10x_tim.o(i.TIM_CCxCmd), (26 bytes).
    Removing stm32f10x_tim.o(i.TIM_CCxNCmd), (26 bytes).
    Removing stm32f10x_tim.o(i.TIM_ClearFlag), (6 bytes).
    Removing stm32f10x_tim.o(i.TIM_ClearOC1Ref), (12 bytes).
    Removing stm32f10x_tim.o(i.TIM_ClearOC2Ref), (14 bytes).
    Removing stm32f10x_tim.o(i.TIM_ClearOC3Ref), (12 bytes).
    Removing stm32f10x_tim.o(i.TIM_ClearOC4Ref), (14 bytes).
    Removing stm32f10x_tim.o(i.TIM_CounterModeConfig), (12 bytes).
    Removing stm32f10x_tim.o(i.TIM_CtrlPWMOutputs), (22 bytes).
    Removing stm32f10x_tim.o(i.TIM_DMACmd), (16 bytes).
    Removing stm32f10x_tim.o(i.TIM_DMAConfig), (8 bytes).
    Removing stm32f10x_tim.o(i.TIM_DeInit), (528 bytes).
    Removing stm32f10x_tim.o(i.TIM_ETRClockMode1Config), (30 bytes).
    Removing stm32f10x_tim.o(i.TIM_ETRClockMode2Config), (30 bytes).
    Removing stm32f10x_tim.o(i.TIM_ETRConfig), (22 bytes).
    Removing stm32f10x_tim.o(i.TIM_EncoderInterfaceConfig), (54 bytes).
    Removing stm32f10x_tim.o(i.TIM_ForcedOC1Config), (12 bytes).
    Removing stm32f10x_tim.o(i.TIM_ForcedOC2Config), (14 bytes).
    Removing stm32f10x_tim.o(i.TIM_ForcedOC3Config), (12 bytes).
    Removing stm32f10x_tim.o(i.TIM_ForcedOC4Config), (14 bytes).
    Removing stm32f10x_tim.o(i.TIM_GenerateEvent), (4 bytes).
    Removing stm32f10x_tim.o(i.TIM_GetCapture2), (4 bytes).
    Removing stm32f10x_tim.o(i.TIM_GetCapture3), (4 bytes).
    Removing stm32f10x_tim.o(i.TIM_GetCapture4), (6 bytes).
    Removing stm32f10x_tim.o(i.TIM_GetCounter), (4 bytes).
    Removing stm32f10x_tim.o(i.TIM_GetFlagStatus), (14 bytes).
    Removing stm32f10x_tim.o(i.TIM_GetITStatus), (26 bytes).
    Removing stm32f10x_tim.o(i.TIM_GetPrescaler), (4 bytes).
    Removing stm32f10x_tim.o(i.TIM_ICInit), (528 bytes).
    Removing stm32f10x_tim.o(i.TIM_ICStructInit), (16 bytes).
    Removing stm32f10x_tim.o(i.TIM_ITRxExternalClockConfig), (20 bytes).
    Removing stm32f10x_tim.o(i.TIM_InternalClockConfig), (10 bytes).
    Removing stm32f10x_tim.o(i.TIM_OC1FastConfig), (12 bytes).
    Removing stm32f10x_tim.o(i.TIM_OC1NPolarityConfig), (12 bytes).
    Removing stm32f10x_tim.o(i.TIM_OC1PolarityConfig), (12 bytes).
    Removing stm32f10x_tim.o(i.TIM_OC2FastConfig), (14 bytes).
    Removing stm32f10x_tim.o(i.TIM_OC2Init), (130 bytes).
    Removing stm32f10x_tim.o(i.TIM_OC2NPolarityConfig), (14 bytes).
    Removing stm32f10x_tim.o(i.TIM_OC2PolarityConfig), (14 bytes).
    Removing stm32f10x_tim.o(i.TIM_OC2PreloadConfig), (14 bytes).
    Removing stm32f10x_tim.o(i.TIM_OC3FastConfig), (12 bytes).
    Removing stm32f10x_tim.o(i.TIM_OC3Init), (128 bytes).
    Removing stm32f10x_tim.o(i.TIM_OC3NPolarityConfig), (14 bytes).
    Removing stm32f10x_tim.o(i.TIM_OC3PolarityConfig), (14 bytes).
    Removing stm32f10x_tim.o(i.TIM_OC3PreloadConfig), (12 bytes).
    Removing stm32f10x_tim.o(i.TIM_OC4FastConfig), (14 bytes).
    Removing stm32f10x_tim.o(i.TIM_OC4Init), (100 bytes).
    Removing stm32f10x_tim.o(i.TIM_OC4PolarityConfig), (14 bytes).
    Removing stm32f10x_tim.o(i.TIM_OC4PreloadConfig), (14 bytes).
    Removing stm32f10x_tim.o(i.TIM_OCStructInit), (20 bytes).
    Removing stm32f10x_tim.o(i.TIM_PWMIConfig), (536 bytes).
    Removing stm32f10x_tim.o(i.TIM_PrescalerConfig), (6 bytes).
    Removing stm32f10x_tim.o(i.TIM_SelectCCDMA), (18 bytes).
    Removing stm32f10x_tim.o(i.TIM_SelectCOM), (18 bytes).
    Removing stm32f10x_tim.o(i.TIM_SelectHallSensor), (18 bytes).
    Removing stm32f10x_tim.o(i.TIM_SelectInputTrigger), (12 bytes).
    Removing stm32f10x_tim.o(i.TIM_SelectMasterSlaveMode), (16 bytes).
    Removing stm32f10x_tim.o(i.TIM_SelectOCxM), (84 bytes).
    Removing stm32f10x_tim.o(i.TIM_SelectOnePulseMode), (16 bytes).
    Removing stm32f10x_tim.o(i.TIM_SelectOutputTrigger), (16 bytes).
    Removing stm32f10x_tim.o(i.TIM_SelectSlaveMode), (16 bytes).
    Removing stm32f10x_tim.o(i.TIM_SetAutoreload), (4 bytes).
    Removing stm32f10x_tim.o(i.TIM_SetClockDivision), (16 bytes).
    Removing stm32f10x_tim.o(i.TIM_SetCompare2), (4 bytes).
    Removing stm32f10x_tim.o(i.TIM_SetCompare3), (4 bytes).
    Removing stm32f10x_tim.o(i.TIM_SetCompare4), (6 bytes).
    Removing stm32f10x_tim.o(i.TIM_SetCounter), (4 bytes).
    Removing stm32f10x_tim.o(i.TIM_SetIC1Prescaler), (16 bytes).
    Removing stm32f10x_tim.o(i.TIM_SetIC2Prescaler), (18 bytes).
    Removing stm32f10x_tim.o(i.TIM_SetIC3Prescaler), (16 bytes).
    Removing stm32f10x_tim.o(i.TIM_SetIC4Prescaler), (18 bytes).
    Removing stm32f10x_tim.o(i.TIM_TIxExternalClockConfig), (244 bytes).
    Removing stm32f10x_tim.o(i.TIM_TimeBaseStructInit), (18 bytes).
    Removing stm32f10x_tim.o(i.TIM_UpdateDisableConfig), (18 bytes).
    Removing stm32f10x_tim.o(i.TIM_UpdateRequestConfig), (18 bytes).
    Removing stm32f10x_fsmc.o(i.FSMC_ClearFlag), (46 bytes).
    Removing stm32f10x_fsmc.o(i.FSMC_ClearITPendingBit), (48 bytes).
    Removing stm32f10x_fsmc.o(i.FSMC_GetECC), (16 bytes).
    Removing stm32f10x_fsmc.o(i.FSMC_GetFlagStatus), (38 bytes).
    Removing stm32f10x_fsmc.o(i.FSMC_GetITStatus), (44 bytes).
    Removing stm32f10x_fsmc.o(i.FSMC_ITConfig), (82 bytes).
    Removing stm32f10x_fsmc.o(i.FSMC_NANDCmd), (56 bytes).
    Removing stm32f10x_fsmc.o(i.FSMC_NANDDeInit), (48 bytes).
    Removing stm32f10x_fsmc.o(i.FSMC_NANDECCCmd), (56 bytes).
    Removing stm32f10x_fsmc.o(i.FSMC_NANDInit), (118 bytes).
    Removing stm32f10x_fsmc.o(i.FSMC_NANDStructInit), (54 bytes).
    Removing stm32f10x_fsmc.o(i.FSMC_NORSRAMCmd), (32 bytes).
    Removing stm32f10x_fsmc.o(i.FSMC_NORSRAMDeInit), (36 bytes).
    Removing stm32f10x_fsmc.o(i.FSMC_NORSRAMInit), (204 bytes).
    Removing stm32f10x_fsmc.o(i.FSMC_NORSRAMStructInit), (136 bytes).
    Removing stm32f10x_fsmc.o(i.FSMC_PCCARDCmd), (32 bytes).
    Removing stm32f10x_fsmc.o(i.FSMC_PCCARDDeInit), (28 bytes).
    Removing stm32f10x_fsmc.o(i.FSMC_PCCARDInit), (120 bytes).
    Removing stm32f10x_fsmc.o(i.FSMC_PCCARDStructInit), (60 bytes).
    Removing stm32f10x_rcc.o(i.RCC_AHBPeriphClockCmd), (24 bytes).
    Removing stm32f10x_rcc.o(i.RCC_APB2PeriphResetCmd), (24 bytes).
    Removing stm32f10x_rcc.o(i.RCC_AdjustHSICalibrationValue), (20 bytes).
    Removing stm32f10x_rcc.o(i.RCC_BackupResetCmd), (12 bytes).
    Removing stm32f10x_rcc.o(i.RCC_ClearFlag), (16 bytes).
    Removing stm32f10x_rcc.o(i.RCC_ClearITPendingBit), (12 bytes).
    Removing stm32f10x_rcc.o(i.RCC_ClockSecuritySystemCmd), (12 bytes).
    Removing stm32f10x_rcc.o(i.RCC_DeInit), (64 bytes).
    Removing stm32f10x_rcc.o(i.RCC_GetFlagStatus), (48 bytes).
    Removing stm32f10x_rcc.o(i.RCC_GetITStatus), (20 bytes).
    Removing stm32f10x_rcc.o(i.RCC_GetSYSCLKSource), (16 bytes).
    Removing stm32f10x_rcc.o(i.RCC_HCLKConfig), (20 bytes).
    Removing stm32f10x_rcc.o(i.RCC_HSEConfig), (56 bytes).
    Removing stm32f10x_rcc.o(i.RCC_HSICmd), (12 bytes).
    Removing stm32f10x_rcc.o(i.RCC_ITConfig), (24 bytes).
    Removing stm32f10x_rcc.o(i.RCC_LSEConfig), (36 bytes).
    Removing stm32f10x_rcc.o(i.RCC_LSICmd), (12 bytes).
    Removing stm32f10x_rcc.o(i.RCC_MCOConfig), (12 bytes).
    Removing stm32f10x_rcc.o(i.RCC_PCLK2Config), (20 bytes).
    Removing stm32f10x_rcc.o(i.RCC_PLLCmd), (12 bytes).
    Removing stm32f10x_rcc.o(i.RCC_PLLConfig), (20 bytes).
    Removing stm32f10x_rcc.o(i.RCC_RTCCLKCmd), (12 bytes).
    Removing stm32f10x_rcc.o(i.RCC_RTCCLKConfig), (16 bytes).
    Removing stm32f10x_rcc.o(i.RCC_SYSCLKConfig), (20 bytes).
    Removing stm32f10x_rcc.o(i.RCC_USBCLKConfig), (12 bytes).
    Removing stm32f10x_rcc.o(i.RCC_WaitForHSEStartUp), (44 bytes).
    Removing stm32f10x_pwr.o(i.PWR_BackupAccessCmd), (12 bytes).
    Removing stm32f10x_pwr.o(i.PWR_ClearFlag), (16 bytes).
    Removing stm32f10x_pwr.o(i.PWR_DeInit), (24 bytes).
    Removing stm32f10x_pwr.o(i.PWR_EnterSTANDBYMode), (40 bytes).
    Removing stm32f10x_pwr.o(i.PWR_EnterSTOPMode), (56 bytes).
    Removing stm32f10x_pwr.o(i.PWR_GetFlagStatus), (20 bytes).
    Removing stm32f10x_pwr.o(i.PWR_PVDCmd), (12 bytes).
    Removing stm32f10x_pwr.o(i.PWR_PVDLevelConfig), (20 bytes).
    Removing stm32f10x_pwr.o(i.PWR_WakeUpPinCmd), (12 bytes).
    Removing stm32f10x_i2c.o(i.I2C_ARPCmd), (18 bytes).
    Removing stm32f10x_i2c.o(i.I2C_CalculatePEC), (18 bytes).
    Removing stm32f10x_i2c.o(i.I2C_DMACmd), (18 bytes).
    Removing stm32f10x_i2c.o(i.I2C_DMALastTransferCmd), (18 bytes).
    Removing stm32f10x_i2c.o(i.I2C_DualAddressCmd), (18 bytes).
    Removing stm32f10x_i2c.o(i.I2C_FastModeDutyCycleConfig), (20 bytes).
    Removing stm32f10x_i2c.o(i.I2C_GeneralCallCmd), (18 bytes).
    Removing stm32f10x_i2c.o(i.I2C_GetITStatus), (36 bytes).
    Removing stm32f10x_i2c.o(i.I2C_GetPEC), (6 bytes).
    Removing stm32f10x_i2c.o(i.I2C_OwnAddress2Config), (16 bytes).
    Removing stm32f10x_i2c.o(i.I2C_PECPositionConfig), (20 bytes).
    Removing stm32f10x_i2c.o(i.I2C_ReadRegister), (4 bytes).
    Removing stm32f10x_i2c.o(i.I2C_SMBusAlertConfig), (20 bytes).
    Removing stm32f10x_i2c.o(i.I2C_SoftwareResetCmd), (18 bytes).
    Removing stm32f10x_i2c.o(i.I2C_StretchClockCmd), (18 bytes).
    Removing stm32f10x_i2c.o(i.I2C_StructInit), (28 bytes).
    Removing stm32f10x_i2c.o(i.I2C_TransmitPEC), (18 bytes).
    Removing stm32f10x_usart.o(i.USART_ClearFlag), (6 bytes).
    Removing stm32f10x_usart.o(i.USART_ClearITPendingBit), (14 bytes).
    Removing stm32f10x_usart.o(i.USART_ClockInit), (36 bytes).
    Removing stm32f10x_usart.o(i.USART_ClockStructInit), (12 bytes).
    Removing stm32f10x_usart.o(i.USART_DMACmd), (16 bytes).
    Removing stm32f10x_usart.o(i.USART_DeInit), (164 bytes).
    Removing stm32f10x_usart.o(i.USART_GetFlagStatus), (14 bytes).
    Removing stm32f10x_usart.o(i.USART_HalfDuplexCmd), (18 bytes).
    Removing stm32f10x_usart.o(i.USART_IrDACmd), (18 bytes).
    Removing stm32f10x_usart.o(i.USART_IrDAConfig), (16 bytes).
    Removing stm32f10x_usart.o(i.USART_LINBreakDetectLengthConfig), (16 bytes).
    Removing stm32f10x_usart.o(i.USART_LINCmd), (18 bytes).
    Removing stm32f10x_usart.o(i.USART_OneBitMethodCmd), (18 bytes).
    Removing stm32f10x_usart.o(i.USART_OverSampling8Cmd), (18 bytes).
    Removing stm32f10x_usart.o(i.USART_ReceiverWakeUpCmd), (18 bytes).
    Removing stm32f10x_usart.o(i.USART_SendBreak), (10 bytes).
    Removing stm32f10x_usart.o(i.USART_SetAddress), (16 bytes).
    Removing stm32f10x_usart.o(i.USART_SetGuardTime), (16 bytes).
    Removing stm32f10x_usart.o(i.USART_SetPrescaler), (16 bytes).
    Removing stm32f10x_usart.o(i.USART_SmartCardCmd), (18 bytes).
    Removing stm32f10x_usart.o(i.USART_SmartCardNACKCmd), (18 bytes).
    Removing stm32f10x_usart.o(i.USART_StructInit), (22 bytes).
    Removing stm32f10x_usart.o(i.USART_WakeUpConfig), (16 bytes).
    Removing system_stm32f10x.o(i.SystemCoreClockUpdate), (112 bytes).
    Removing core_cm3.o(.emb_text), (32 bytes).
    Removing startup_stm32f10x_md.o(HEAP), (512 bytes).
    Removing dfixul.o(.text), (48 bytes).
    Removing cdrcmple.o(.text), (40 bytes).

314 unused section(s) (total 13427 bytes) removed from the image.

==============================================================================

Image Symbol Table

    Local Symbols

    Symbol Name                              Value     Ov Type        Size  Object(Section)

    ../../../cmprslib/zerorunl2.c            0x00000000   Number         0  __dczerorl2.o ABSOLUTE
    ../../microlib/division.c                0x00000000   Number         0  uldiv.o ABSOLUTE
    ../../microlib/division.c                0x00000000   Number         0  uidiv.o ABSOLUTE
    ../../microlib/fpadd.c                   0x00000000   Number         0  dadd.o ABSOLUTE
    ../../microlib/fpadd.c                   0x00000000   Number         0  fadd.o ABSOLUTE
    ../../microlib/fpdiv.c                   0x00000000   Number         0  ddiv.o ABSOLUTE
    ../../microlib/fpdiv.c                   0x00000000   Number         0  fdiv.o ABSOLUTE
    ../../microlib/fpepilogue.c              0x00000000   Number         0  depilogue.o ABSOLUTE
    ../../microlib/fpepilogue.c              0x00000000   Number         0  fepilogue.o ABSOLUTE
    ../../microlib/fpfix.c                   0x00000000   Number         0  dfixul.o ABSOLUTE
    ../../microlib/fpfix.c                   0x00000000   Number         0  ffixi.o ABSOLUTE
    ../../microlib/fpfix.c                   0x00000000   Number         0  dfixi.o ABSOLUTE
    ../../microlib/fpflt.c                   0x00000000   Number         0  fflti.o ABSOLUTE
    ../../microlib/fpflt.c                   0x00000000   Number         0  ffltui.o ABSOLUTE
    ../../microlib/fpflt.c                   0x00000000   Number         0  dflti.o ABSOLUTE
    ../../microlib/fpflt.c                   0x00000000   Number         0  dfltui.o ABSOLUTE
    ../../microlib/fpmul.c                   0x00000000   Number         0  fmul.o ABSOLUTE
    ../../microlib/fpmul.c                   0x00000000   Number         0  dmul.o ABSOLUTE
    ../../microlib/init/entry.s              0x00000000   Number         0  entry.o ABSOLUTE
    ../../microlib/init/entry.s              0x00000000   Number         0  entry2.o ABSOLUTE
    ../../microlib/init/entry.s              0x00000000   Number         0  entry7.o ABSOLUTE
    ../../microlib/init/entry.s              0x00000000   Number         0  entry5.o ABSOLUTE
    ../../microlib/longlong.c                0x00000000   Number         0  llsshr.o ABSOLUTE
    ../../microlib/longlong.c                0x00000000   Number         0  llushr.o ABSOLUTE
    ../../microlib/longlong.c                0x00000000   Number         0  llshl.o ABSOLUTE
    ../../microlib/printf/printf.c           0x00000000   Number         0  printfb.o ABSOLUTE
    ../../microlib/printf/printf.c           0x00000000   Number         0  printf1.o ABSOLUTE
    ../../microlib/printf/printf.c           0x00000000   Number         0  printf2.o ABSOLUTE
    ../../microlib/printf/printf.c           0x00000000   Number         0  printf3.o ABSOLUTE
    ../../microlib/printf/printf.c           0x00000000   Number         0  printf4.o ABSOLUTE
    ../../microlib/printf/printf.c           0x00000000   Number         0  printf0.o ABSOLUTE
    ../../microlib/printf/printf.c           0x00000000   Number         0  printf5.o ABSOLUTE
    ../../microlib/printf/printf.c           0x00000000   Number         0  printf6.o ABSOLUTE
    ../../microlib/printf/printf.c           0x00000000   Number         0  printf7.o ABSOLUTE
    ../../microlib/printf/printf.c           0x00000000   Number         0  printf8.o ABSOLUTE
    ../../microlib/printf/printf.c           0x00000000   Number         0  printfa.o ABSOLUTE
    ../../microlib/printf/stubs.s            0x00000000   Number         0  stubs.o ABSOLUTE
    ../../microlib/stdio/fputc.c             0x00000000   Number         0  fputc.o ABSOLUTE
    ../../microlib/stdio/streams.c           0x00000000   Number         0  stdout.o ABSOLUTE
    ../../microlib/stubs.s                   0x00000000   Number         0  iusefp.o ABSOLUTE
    ../../microlib/stubs.s                   0x00000000   Number         0  iusesemip.o ABSOLUTE
    ..\STM32F10x_StdPeriph_Lib_V3.4.0\Libraries\CMSIS\CM3\CoreSupport\core_cm3.c 0x00000000   Number         0  core_cm3.o ABSOLUTE
    ..\STM32F10x_StdPeriph_Lib_V3.4.0\Libraries\CMSIS\CM3\DeviceSupport\ST\STM32F10x\startup\arm\startup_stm32f10x_md.s 0x00000000   Number         0  startup_stm32f10x_md.o ABSOLUTE
    ..\STM32F10x_StdPeriph_Lib_V3.4.0\Libraries\STM32F10x_StdPeriph_Driver\src\misc.c 0x00000000   Number         0  misc.o ABSOLUTE
    ..\STM32F10x_StdPeriph_Lib_V3.4.0\Libraries\STM32F10x_StdPeriph_Driver\src\stm32f10x_adc.c 0x00000000   Number         0  stm32f10x_adc.o ABSOLUTE
    ..\STM32F10x_StdPeriph_Lib_V3.4.0\Libraries\STM32F10x_StdPeriph_Driver\src\stm32f10x_dma.c 0x00000000   Number         0  stm32f10x_dma.o ABSOLUTE
    ..\STM32F10x_StdPeriph_Lib_V3.4.0\Libraries\STM32F10x_StdPeriph_Driver\src\stm32f10x_flash.c 0x00000000   Number         0  stm32f10x_flash.o ABSOLUTE
    ..\STM32F10x_StdPeriph_Lib_V3.4.0\Libraries\STM32F10x_StdPeriph_Driver\src\stm32f10x_fsmc.c 0x00000000   Number         0  stm32f10x_fsmc.o ABSOLUTE
    ..\STM32F10x_StdPeriph_Lib_V3.4.0\Libraries\STM32F10x_StdPeriph_Driver\src\stm32f10x_gpio.c 0x00000000   Number         0  stm32f10x_gpio.o ABSOLUTE
    ..\STM32F10x_StdPeriph_Lib_V3.4.0\Libraries\STM32F10x_StdPeriph_Driver\src\stm32f10x_i2c.c 0x00000000   Number         0  stm32f10x_i2c.o ABSOLUTE
    ..\STM32F10x_StdPeriph_Lib_V3.4.0\Libraries\STM32F10x_StdPeriph_Driver\src\stm32f10x_pwr.c 0x00000000   Number         0  stm32f10x_pwr.o ABSOLUTE
    ..\STM32F10x_StdPeriph_Lib_V3.4.0\Libraries\STM32F10x_StdPeriph_Driver\src\stm32f10x_rcc.c 0x00000000   Number         0  stm32f10x_rcc.o ABSOLUTE
    ..\STM32F10x_StdPeriph_Lib_V3.4.0\Libraries\STM32F10x_StdPeriph_Driver\src\stm32f10x_sdio.c 0x00000000   Number         0  stm32f10x_sdio.o ABSOLUTE
    ..\STM32F10x_StdPeriph_Lib_V3.4.0\Libraries\STM32F10x_StdPeriph_Driver\src\stm32f10x_tim.c 0x00000000   Number         0  stm32f10x_tim.o ABSOLUTE
    ..\STM32F10x_StdPeriph_Lib_V3.4.0\Libraries\STM32F10x_StdPeriph_Driver\src\stm32f10x_usart.c 0x00000000   Number         0  stm32f10x_usart.o ABSOLUTE
    ..\\STM32F10x_StdPeriph_Lib_V3.4.0\\Libraries\\CMSIS\\CM3\\CoreSupport\\core_cm3.c 0x00000000   Number         0  core_cm3.o ABSOLUTE
    cdrcmple.s                               0x00000000   Number         0  cdrcmple.o ABSOLUTE
    dc.s                                     0x00000000   Number         0  dc.o ABSOLUTE
    handlers.s                               0x00000000   Number         0  handlers.o ABSOLUTE
    init.s                                   0x00000000   Number         0  init.o ABSOLUTE
    src\ADC.c                                0x00000000   Number         0  adc.o ABSOLUTE
    src\GPIO.c                               0x00000000   Number         0  gpio.o ABSOLUTE
    src\I2C.c                                0x00000000   Number         0  i2c.o ABSOLUTE
    src\TIM.c                                0x00000000   Number         0  tim.o ABSOLUTE
    src\UART.c                               0x00000000   Number         0  uart.o ABSOLUTE
    src\eeprom.c                             0x00000000   Number         0  eeprom.o ABSOLUTE
    src\main.c                               0x00000000   Number         0  main.o ABSOLUTE
    src\mixer.c                              0x00000000   Number         0  mixer.o ABSOLUTE
    src\rcdsl.c                              0x00000000   Number         0  rcdsl.o ABSOLUTE
    src\stm32f10x_it.c                       0x00000000   Number         0  stm32f10x_it.o ABSOLUTE
    system_stm32f10x.c                       0x00000000   Number         0  system_stm32f10x.o ABSOLUTE
    RESET                                    0x08000000   Section      236  startup_stm32f10x_md.o(RESET)
    .ARM.Collect$$$$00000000                 0x080000ec   Section        0  entry.o(.ARM.Collect$$$$00000000)
    .ARM.Collect$$$$00000001                 0x080000ec   Section        4  entry2.o(.ARM.Collect$$$$00000001)
    .ARM.Collect$$$$00000004                 0x080000f0   Section        4  entry5.o(.ARM.Collect$$$$00000004)
    .ARM.Collect$$$$00000007                 0x080000f4   Section        8  entry7.o(.ARM.Collect$$$$00000007)
    .ARM.Collect$$$$00002712                 0x080000fc   Section        4  entry2.o(.ARM.Collect$$$$00002712)
    __lit__00000000                          0x080000fc   Data           4  entry2.o(.ARM.Collect$$$$00002712)
    .text                                    0x08000100   Section       36  startup_stm32f10x_md.o(.text)
    .text                                    0x08000124   Section        0  fadd.o(.text)
    .text                                    0x080001d4   Section        0  fmul.o(.text)
    .text                                    0x08000240   Section        0  fdiv.o(.text)
    .text                                    0x080002c0   Section        0  dadd.o(.text)
    .text                                    0x0800040a   Section        0  dmul.o(.text)
    .text                                    0x080004ec   Section        0  ddiv.o(.text)
    .text                                    0x080005ca   Section        0  fflti.o(.text)
    .text                                    0x080005dc   Section        0  ffltui.o(.text)
    .text                                    0x080005e6   Section        0  dflti.o(.text)
    .text                                    0x08000608   Section        0  dfltui.o(.text)
    .text                                    0x08000622   Section        0  ffixi.o(.text)
    .text                                    0x08000654   Section        0  dfixi.o(.text)
    .text                                    0x08000692   Section        0  uidiv.o(.text)
    .text                                    0x080006be   Section        0  llshl.o(.text)
    .text                                    0x080006dc   Section        0  llushr.o(.text)
    .text                                    0x080006fc   Section        0  llsshr.o(.text)
    .text                                    0x08000720   Section        0  iusefp.o(.text)
    .text                                    0x08000720   Section        0  fepilogue.o(.text)
    .text                                    0x08000790   Section        0  depilogue.o(.text)
    .text                                    0x08000854   Section       36  init.o(.text)
    .text                                    0x08000878   Section        0  __dczerorl2.o(.text)
    i.ADC1_2_IRQHandler                      0x080008d4   Section        0  stm32f10x_it.o(i.ADC1_2_IRQHandler)
    i.ADC1_Configuration                     0x08000918   Section        0  adc.o(i.ADC1_Configuration)
    i.ADC_ClearITPendingBit                  0x08000984   Section        0  stm32f10x_adc.o(i.ADC_ClearITPendingBit)
    i.ADC_Cmd                                0x0800098c   Section        0  stm32f10x_adc.o(i.ADC_Cmd)
    i.ADC_GetCalibrationStatus               0x0800099e   Section        0  stm32f10x_adc.o(i.ADC_GetCalibrationStatus)
    i.ADC_GetConversionValue                 0x080009ae   Section        0  stm32f10x_adc.o(i.ADC_GetConversionValue)
    i.ADC_GetITStatus                        0x080009b4   Section        0  stm32f10x_adc.o(i.ADC_GetITStatus)
    i.ADC_GetResetCalibrationStatus          0x080009d4   Section        0  stm32f10x_adc.o(i.ADC_GetResetCalibrationStatus)
    i.ADC_Init                               0x080009e4   Section        0  stm32f10x_adc.o(i.ADC_Init)
    i.ADC_RegularChannelConfig               0x08000a30   Section        0  stm32f10x_adc.o(i.ADC_RegularChannelConfig)
    i.ADC_ResetCalibration                   0x08000ac6   Section        0  stm32f10x_adc.o(i.ADC_ResetCalibration)
    i.ADC_SoftwareStartConvCmd               0x08000ad0   Section        0  stm32f10x_adc.o(i.ADC_SoftwareStartConvCmd)
    i.ADC_StartCalibration                   0x08000ae2   Section        0  stm32f10x_adc.o(i.ADC_StartCalibration)
    i.BusFault_Handler                       0x08000aec   Section        0  stm32f10x_it.o(i.BusFault_Handler)
    i.DebugMon_Handler                       0x08000aee   Section        0  stm32f10x_it.o(i.DebugMon_Handler)
    i.GPIO_Configuration                     0x08000af0   Section        0  gpio.o(i.GPIO_Configuration)
    i.GPIO_Init                              0x08000bd4   Section        0  stm32f10x_gpio.o(i.GPIO_Init)
    i.HardFault_Handler                      0x08000c7e   Section        0  stm32f10x_it.o(i.HardFault_Handler)
    i.I2C1_ER_IRQHandler                     0x08000c80   Section        0  stm32f10x_it.o(i.I2C1_ER_IRQHandler)
    i.I2C1_EV_IRQHandler                     0x08000c90   Section        0  stm32f10x_it.o(i.I2C1_EV_IRQHandler)
    i.I2C2_Configuration                     0x08000d74   Section        0  i2c.o(i.I2C2_Configuration)
    i.I2C2_EV_IRQHandler                     0x08000dcc   Section        0  stm32f10x_it.o(i.I2C2_EV_IRQHandler)
    i.I2C_AcknowledgeConfig                  0x08000ea8   Section        0  stm32f10x_i2c.o(i.I2C_AcknowledgeConfig)
    i.I2C_CheckEvent                         0x08000eba   Section        0  stm32f10x_i2c.o(i.I2C_CheckEvent)
    i.I2C_ClearFlag                          0x08000ed4   Section        0  stm32f10x_i2c.o(i.I2C_ClearFlag)
    i.I2C_ClearITPendingBit                  0x08000eda   Section        0  stm32f10x_i2c.o(i.I2C_ClearITPendingBit)
    i.I2C_Cmd                                0x08000ee0   Section        0  stm32f10x_i2c.o(i.I2C_Cmd)
    i.I2C_Configuration                      0x08000ef4   Section        0  i2c.o(i.I2C_Configuration)
    i.I2C_DeInit                             0x08000f40   Section        0  stm32f10x_i2c.o(i.I2C_DeInit)
    i.I2C_GenerateSTART                      0x08000f7a   Section        0  stm32f10x_i2c.o(i.I2C_GenerateSTART)
    i.I2C_GenerateSTOP                       0x08000f8c   Section        0  stm32f10x_i2c.o(i.I2C_GenerateSTOP)
    i.I2C_GetFlagStatus                      0x08000f9e   Section        0  stm32f10x_i2c.o(i.I2C_GetFlagStatus)
    i.I2C_GetLastEvent                       0x08000fba   Section        0  stm32f10x_i2c.o(i.I2C_GetLastEvent)
    i.I2C_ITConfig                           0x08000fc8   Section        0  stm32f10x_i2c.o(i.I2C_ITConfig)
    i.I2C_Init                               0x08000fd8   Section        0  stm32f10x_i2c.o(i.I2C_Init)
    i.I2C_ReceiveData                        0x0800109c   Section        0  stm32f10x_i2c.o(i.I2C_ReceiveData)
    i.I2C_Send7bitAddress                    0x080010a2   Section        0  stm32f10x_i2c.o(i.I2C_Send7bitAddress)
    i.I2C_SendData                           0x080010b2   Section        0  stm32f10x_i2c.o(i.I2C_SendData)
    i.MemManage_Handler                      0x080010b6   Section        0  stm32f10x_it.o(i.MemManage_Handler)
    i.NMI_Handler                            0x080010b8   Section        0  stm32f10x_it.o(i.NMI_Handler)
    i.NVIC_Init                              0x080010ba   Section        0  misc.o(i.NVIC_Init)
    i.NVIC_PriorityGroupConfig               0x08001124   Section        0  misc.o(i.NVIC_PriorityGroupConfig)
    i.PendSV_Handler                         0x08001138   Section        0  stm32f10x_it.o(i.PendSV_Handler)
    i.QuadC_LEDToggle                        0x0800113c   Section        0  gpio.o(i.QuadC_LEDToggle)
    i.RCC_ADCCLKConfig                       0x08001158   Section        0  stm32f10x_rcc.o(i.RCC_ADCCLKConfig)
    i.RCC_APB1PeriphClockCmd                 0x0800116c   Section        0  stm32f10x_rcc.o(i.RCC_APB1PeriphClockCmd)
    i.RCC_APB1PeriphResetCmd                 0x08001184   Section        0  stm32f10x_rcc.o(i.RCC_APB1PeriphResetCmd)
    i.RCC_APB2PeriphClockCmd                 0x0800119c   Section        0  stm32f10x_rcc.o(i.RCC_APB2PeriphClockCmd)
    i.RCC_GetClocksFreq                      0x080011b4   Section        0  stm32f10x_rcc.o(i.RCC_GetClocksFreq)
    i.RCC_PCLK1Config                        0x08001264   Section        0  stm32f10x_rcc.o(i.RCC_PCLK1Config)
    i.RTCAlarm_IRQHandler                    0x08001278   Section        0  stm32f10x_it.o(i.RTCAlarm_IRQHandler)
    i.RTC_IRQHandler                         0x0800127a   Section        0  stm32f10x_it.o(i.RTC_IRQHandler)
    i.SVC_Handler                            0x0800127c   Section        0  stm32f10x_it.o(i.SVC_Handler)
    i.SysTick_Handler                        0x08001280   Section        0  stm32f10x_it.o(i.SysTick_Handler)
    i.SystemInit                             0x08001300   Section        0  system_stm32f10x.o(i.SystemInit)
    i.TIM1_CC_IRQHandler                     0x080013d0   Section        0  stm32f10x_it.o(i.TIM1_CC_IRQHandler)
    i.TIM1_TRG_COM_IRQHandler                0x080013d2   Section        0  stm32f10x_it.o(i.TIM1_TRG_COM_IRQHandler)
    i.TIM2_IRQHandler                        0x080013d4   Section        0  stm32f10x_it.o(i.TIM2_IRQHandler)
    i.TIM3_Configuration                     0x080013d8   Section        0  tim.o(i.TIM3_Configuration)
    i.TIM3_IRQHandler                        0x08001440   Section        0  stm32f10x_it.o(i.TIM3_IRQHandler)
    i.TIM_ClearITPendingBit                  0x08001478   Section        0  stm32f10x_tim.o(i.TIM_ClearITPendingBit)
    i.TIM_Cmd                                0x0800147e   Section        0  stm32f10x_tim.o(i.TIM_Cmd)
    i.TIM_GetCapture1                        0x08001490   Section        0  stm32f10x_tim.o(i.TIM_GetCapture1)
    i.TIM_ITConfig                           0x08001494   Section        0  stm32f10x_tim.o(i.TIM_ITConfig)
    i.TIM_OC1Init                            0x080014a4   Section        0  stm32f10x_tim.o(i.TIM_OC1Init)
    i.TIM_OC1PreloadConfig                   0x08001528   Section        0  stm32f10x_tim.o(i.TIM_OC1PreloadConfig)
    i.TIM_SetCompare1                        0x08001534   Section        0  stm32f10x_tim.o(i.TIM_SetCompare1)
    i.TIM_TimeBaseInit                       0x08001538   Section        0  stm32f10x_tim.o(i.TIM_TimeBaseInit)
    i.TimingDelay_Decrement                  0x080015d4   Section        0  main.o(i.TimingDelay_Decrement)
    i.USART1_IRQHandler                      0x080015ec   Section        0  stm32f10x_it.o(i.USART1_IRQHandler)
    i.USART2_IRQHandler                      0x0800164c   Section        0  stm32f10x_it.o(i.USART2_IRQHandler)
    i.USART_Cmd                              0x08001660   Section        0  stm32f10x_usart.o(i.USART_Cmd)
    i.USART_Configuration                    0x08001674   Section        0  uart.o(i.USART_Configuration)
    i.USART_GetITStatus                      0x080016c0   Section        0  stm32f10x_usart.o(i.USART_GetITStatus)
    i.USART_ITConfig                         0x0800170e   Section        0  stm32f10x_usart.o(i.USART_ITConfig)
    i.USART_Init                             0x08001740   Section        0  stm32f10x_usart.o(i.USART_Init)
    i.USART_RC_Config                        0x080017f4   Section        0  uart.o(i.USART_RC_Config)
    i.USART_ReceiveData                      0x0800183c   Section        0  stm32f10x_usart.o(i.USART_ReceiveData)
    i.USART_SendData                         0x08001844   Section        0  stm32f10x_usart.o(i.USART_SendData)
    i.USB_LP_CAN1_RX0_IRQHandler             0x0800184c   Section        0  stm32f10x_it.o(i.USB_LP_CAN1_RX0_IRQHandler)
    i.UsageFault_Handler                     0x0800184e   Section        0  stm32f10x_it.o(i.UsageFault_Handler)
    i.__0sprintf$6                           0x08001850   Section        0  printf6.o(i.__0sprintf$6)
    i.__scatterload_copy                     0x08001878   Section       14  handlers.o(i.__scatterload_copy)
    i.__scatterload_null                     0x08001886   Section        2  handlers.o(i.__scatterload_null)
    i.__scatterload_zeroinit                 0x08001888   Section       14  handlers.o(i.__scatterload_zeroinit)
    i._printf_core                           0x08001898   Section        0  printf6.o(i._printf_core)
    _printf_core                             0x08001899   Thumb Code   750  printf6.o(i._printf_core)
    i._printf_post_padding                   0x08001b8c   Section        0  printf6.o(i._printf_post_padding)
    _printf_post_padding                     0x08001b8d   Thumb Code    38  printf6.o(i._printf_post_padding)
    i._printf_pre_padding                    0x08001bb2   Section        0  printf6.o(i._printf_pre_padding)
    _printf_pre_padding                      0x08001bb3   Thumb Code    46  printf6.o(i._printf_pre_padding)
    i._sputc                                 0x08001be0   Section        0  printf6.o(i._sputc)
    _sputc                                   0x08001be1   Thumb Code    10  printf6.o(i._sputc)
    i.levelcontroller                        0x08001bec   Section        0  mixer.o(i.levelcontroller)
    i.main                                   0x08001cd0   Section        0  main.o(i.main)
    i.mixer                                  0x08001eb0   Section        0  mixer.o(i.mixer)
    i.mode_flight                            0x08002088   Section        0  mixer.o(i.mode_flight)
    i.rcdsl_parse_data                       0x08002158   Section        0  rcdsl.o(i.rcdsl_parse_data)
    i.readmem                                0x08002244   Section        0  i2c.o(i.readmem)
    .constdata                               0x0800233c   Section        6  gpio.o(.constdata)
    .data                                    0x20000000   Section       12  gpio.o(.data)
    .data                                    0x2000000c   Section      211  main.o(.data)
    TimingDelay                              0x20000018   Data           4  main.o(.data)
    .data                                    0x200000e0   Section       16  main.o(.data)
    .data                                    0x200000f0   Section        4  main.o(.data)
    .data                                    0x200000f4   Section        1  main.o(.data)
    .data                                    0x200000f5   Section        1  main.o(.data)
    .data                                    0x200000f6   Section        1  main.o(.data)
    .data                                    0x200000f7   Section        1  main.o(.data)
    .data                                    0x200000f8   Section       12  stm32f10x_it.o(.data)
    transmitting                             0x200000fb   Data           1  stm32f10x_it.o(.data)
    buffer                                   0x20000100   Data           4  stm32f10x_it.o(.data)
    .data                                    0x20000104   Section       14  rcdsl.o(.data)
    servos                                   0x20000108   Data           4  rcdsl.o(.data)
    .data                                    0x20000114   Section      104  mixer.o(.data)
    .data                                    0x2000017c   Section       20  stm32f10x_rcc.o(.data)
    ADCPrescTable                            0x2000017c   Data           4  stm32f10x_rcc.o(.data)
    APBAHBPrescTable                         0x20000180   Data          16  stm32f10x_rcc.o(.data)
    .data                                    0x20000190   Section       20  system_stm32f10x.o(.data)
    .bss                                     0x200001a4   Section       18  main.o(.bss)
    .bss                                     0x200001b6   Section       10  main.o(.bss)
    .bss                                     0x200001c0   Section       16  mixer.o(.bss)
    STACK                                    0x200001d0   Section     1024  startup_stm32f10x_md.o(STACK)

    Global Symbols

    Symbol Name                              Value     Ov Type        Size  Object(Section)

    BuildAttributes$$THM_ISAv4$P$D$K$B$S$PE$A:L22UL41UL21$X:L11$S22US41US21$IEEE1$IW$USESV6$~STKCKD$USESV7$~SHL$OTIME$ROPI$EBA8$MICROLIB$REQ8$PRES8$EABIv2 0x00000000   Number         0  anon$$obj.o ABSOLUTE
    __ARM_use_no_argv                        0x00000000   Number         0  main.o ABSOLUTE
    _printf_a                                0x00000000   Number         0  stubs.o ABSOLUTE
    _printf_c                                0x00000000   Number         0  stubs.o ABSOLUTE
    _printf_charcount                        0x00000000   Number         0  stubs.o ABSOLUTE
    _printf_d                                0x00000000   Number         0  stubs.o ABSOLUTE
    _printf_e                                0x00000000   Number         0  stubs.o ABSOLUTE
    _printf_f                                0x00000000   Number         0  stubs.o ABSOLUTE
    _printf_flags                            0x00000000   Number         0  stubs.o ABSOLUTE
    _printf_fp_dec                           0x00000000   Number         0  stubs.o ABSOLUTE
    _printf_fp_hex                           0x00000000   Number         0  stubs.o ABSOLUTE
    _printf_g                                0x00000000   Number         0  stubs.o ABSOLUTE
    _printf_i                                0x00000000   Number         0  stubs.o ABSOLUTE
    _printf_int_dec                          0x00000000   Number         0  stubs.o ABSOLUTE
    _printf_l                                0x00000000   Number         0  stubs.o ABSOLUTE
    _printf_lc                               0x00000000   Number         0  stubs.o ABSOLUTE
    _printf_ll                               0x00000000   Number         0  stubs.o ABSOLUTE
    _printf_lld                              0x00000000   Number         0  stubs.o ABSOLUTE
    _printf_lli                              0x00000000   Number         0  stubs.o ABSOLUTE
    _printf_llo                              0x00000000   Number         0  stubs.o ABSOLUTE
    _printf_llu                              0x00000000   Number         0  stubs.o ABSOLUTE
    _printf_llx                              0x00000000   Number         0  stubs.o ABSOLUTE
    _printf_longlong_dec                     0x00000000   Number         0  stubs.o ABSOLUTE
    _printf_longlong_hex                     0x00000000   Number         0  stubs.o ABSOLUTE
    _printf_longlong_oct                     0x00000000   Number         0  stubs.o ABSOLUTE
    _printf_ls                               0x00000000   Number         0  stubs.o ABSOLUTE
    _printf_mbtowc                           0x00000000   Number         0  stubs.o ABSOLUTE
    _printf_n                                0x00000000   Number         0  stubs.o ABSOLUTE
    _printf_o                                0x00000000   Number         0  stubs.o ABSOLUTE
    _printf_p                                0x00000000   Number         0  stubs.o ABSOLUTE
    _printf_percent                          0x00000000   Number         0  stubs.o ABSOLUTE
    _printf_pre_padding                      0x00000000   Number         0  stubs.o ABSOLUTE
    _printf_return_value                     0x00000000   Number         0  stubs.o ABSOLUTE
    _printf_s                                0x00000000   Number         0  stubs.o ABSOLUTE
    _printf_sizespec                         0x00000000   Number         0  stubs.o ABSOLUTE
    _printf_str                              0x00000000   Number         0  stubs.o ABSOLUTE
    _printf_truncate_signed                  0x00000000   Number         0  stubs.o ABSOLUTE
    _printf_truncate_unsigned                0x00000000   Number         0  stubs.o ABSOLUTE
    _printf_u                                0x00000000   Number         0  stubs.o ABSOLUTE
    _printf_wc                               0x00000000   Number         0  stubs.o ABSOLUTE
    _printf_wctomb                           0x00000000   Number         0  stubs.o ABSOLUTE
    _printf_widthprec                        0x00000000   Number         0  stubs.o ABSOLUTE
    _printf_x                                0x00000000   Number         0  stubs.o ABSOLUTE
    __Vectors_Size                           0x000000ec   Number         0  startup_stm32f10x_md.o ABSOLUTE
    __Vectors                                0x08000000   Data           4  startup_stm32f10x_md.o(RESET)
    __Vectors_End                            0x080000ec   Data           0  startup_stm32f10x_md.o(RESET)
    __main                                   0x080000ed   Thumb Code     0  entry.o(.ARM.Collect$$$$00000000)
    _main_stk                                0x080000ed   Thumb Code     0  entry2.o(.ARM.Collect$$$$00000001)
    _main_scatterload                        0x080000f1   Thumb Code     0  entry5.o(.ARM.Collect$$$$00000004)
    __main_after_scatterload                 0x080000f5   Thumb Code     0  entry5.o(.ARM.Collect$$$$00000004)
    _main_init                               0x080000f5   Thumb Code     0  entry7.o(.ARM.Collect$$$$00000007)
    Reset_Handler                            0x08000101   Thumb Code     8  startup_stm32f10x_md.o(.text)
    CAN1_RX1_IRQHandler                      0x0800011b   Thumb Code     0  startup_stm32f10x_md.o(.text)
    CAN1_SCE_IRQHandler                      0x0800011b   Thumb Code     0  startup_stm32f10x_md.o(.text)
    DMA1_Channel1_IRQHandler                 0x0800011b   Thumb Code     0  startup_stm32f10x_md.o(.text)
    DMA1_Channel2_IRQHandler                 0x0800011b   Thumb Code     0  startup_stm32f10x_md.o(.text)
    DMA1_Channel3_IRQHandler                 0x0800011b   Thumb Code     0  startup_stm32f10x_md.o(.text)
    DMA1_Channel4_IRQHandler                 0x0800011b   Thumb Code     0  startup_stm32f10x_md.o(.text)
    DMA1_Channel5_IRQHandler                 0x0800011b   Thumb Code     0  startup_stm32f10x_md.o(.text)
    DMA1_Channel6_IRQHandler                 0x0800011b   Thumb Code     0  startup_stm32f10x_md.o(.text)
    DMA1_Channel7_IRQHandler                 0x0800011b   Thumb Code     0  startup_stm32f10x_md.o(.text)
    EXTI0_IRQHandler                         0x0800011b   Thumb Code     0  startup_stm32f10x_md.o(.text)
    EXTI15_10_IRQHandler                     0x0800011b   Thumb Code     0  startup_stm32f10x_md.o(.text)
    EXTI1_IRQHandler                         0x0800011b   Thumb Code     0  startup_stm32f10x_md.o(.text)
    EXTI2_IRQHandler                         0x0800011b   Thumb Code     0  startup_stm32f10x_md.o(.text)
    EXTI3_IRQHandler                         0x0800011b   Thumb Code     0  startup_stm32f10x_md.o(.text)
    EXTI4_IRQHandler                         0x0800011b   Thumb Code     0  startup_stm32f10x_md.o(.text)
    EXTI9_5_IRQHandler                       0x0800011b   Thumb Code     0  startup_stm32f10x_md.o(.text)
    FLASH_IRQHandler                         0x0800011b   Thumb Code     0  startup_stm32f10x_md.o(.text)
    I2C2_ER_IRQHandler                       0x0800011b   Thumb Code     0  startup_stm32f10x_md.o(.text)
    PVD_IRQHandler                           0x0800011b   Thumb Code     0  startup_stm32f10x_md.o(.text)
    RCC_IRQHandler                           0x0800011b   Thumb Code     0  startup_stm32f10x_md.o(.text)
    SPI1_IRQHandler                          0x0800011b   Thumb Code     0  startup_stm32f10x_md.o(.text)
    SPI2_IRQHandler                          0x0800011b   Thumb Code     0  startup_stm32f10x_md.o(.text)
    TAMPER_IRQHandler                        0x0800011b   Thumb Code     0  startup_stm32f10x_md.o(.text)
    TIM1_BRK_IRQHandler                      0x0800011b   Thumb Code     0  startup_stm32f10x_md.o(.text)
    TIM1_UP_IRQHandler                       0x0800011b   Thumb Code     0  startup_stm32f10x_md.o(.text)
    TIM4_IRQHandler                          0x0800011b   Thumb Code     0  startup_stm32f10x_md.o(.text)
    USART3_IRQHandler                        0x0800011b   Thumb Code     0  startup_stm32f10x_md.o(.text)
    USBWakeUp_IRQHandler                     0x0800011b   Thumb Code     0  startup_stm32f10x_md.o(.text)
    USB_HP_CAN1_TX_IRQHandler                0x0800011b   Thumb Code     0  startup_stm32f10x_md.o(.text)
    WWDG_IRQHandler                          0x0800011b   Thumb Code     0  startup_stm32f10x_md.o(.text)
    __aeabi_fadd                             0x08000125   Thumb Code   164  fadd.o(.text)
    __aeabi_fsub                             0x080001c9   Thumb Code     6  fadd.o(.text)
    __aeabi_frsub                            0x080001cf   Thumb Code     6  fadd.o(.text)
    __aeabi_fmul                             0x080001d5   Thumb Code   108  fmul.o(.text)
    __aeabi_fdiv                             0x08000241   Thumb Code   128  fdiv.o(.text)
    __aeabi_dadd                             0x080002c1   Thumb Code   318  dadd.o(.text)
    __aeabi_dsub                             0x080003ff   Thumb Code     6  dadd.o(.text)
    __aeabi_drsub                            0x08000405   Thumb Code     6  dadd.o(.text)
    __aeabi_dmul                             0x0800040b   Thumb Code   226  dmul.o(.text)
    __aeabi_ddiv                             0x080004ed   Thumb Code   222  ddiv.o(.text)
    __aeabi_i2f                              0x080005cb   Thumb Code    18  fflti.o(.text)
    __aeabi_ui2f                             0x080005dd   Thumb Code    10  ffltui.o(.text)
    __aeabi_i2d                              0x080005e7   Thumb Code    34  dflti.o(.text)
    __aeabi_ui2d                             0x08000609   Thumb Code    26  dfltui.o(.text)
    __aeabi_f2iz                             0x08000623   Thumb Code    50  ffixi.o(.text)
    __aeabi_d2iz                             0x08000655   Thumb Code    62  dfixi.o(.text)
    __aeabi_uidiv                            0x08000693   Thumb Code     0  uidiv.o(.text)
    __aeabi_uidivmod                         0x08000693   Thumb Code    44  uidiv.o(.text)
    __aeabi_llsl                             0x080006bf   Thumb Code    30  llshl.o(.text)
    _ll_shift_l                              0x080006bf   Thumb Code     0  llshl.o(.text)
    __aeabi_llsr                             0x080006dd   Thumb Code    32  llushr.o(.text)
    _ll_ushift_r                             0x080006dd   Thumb Code     0  llushr.o(.text)
    __aeabi_lasr                             0x080006fd   Thumb Code    36  llsshr.o(.text)
    _ll_sshift_r                             0x080006fd   Thumb Code     0  llsshr.o(.text)
    __I$use$fp                               0x08000721   Thumb Code     0  iusefp.o(.text)
    _float_round                             0x08000721   Thumb Code    18  fepilogue.o(.text)
    _float_epilogue                          0x08000733   Thumb Code    94  fepilogue.o(.text)
    _double_round                            0x08000791   Thumb Code    26  depilogue.o(.text)
    _double_epilogue                         0x080007ab   Thumb Code   168  depilogue.o(.text)
    __scatterload                            0x08000855   Thumb Code    28  init.o(.text)
    __scatterload_rt2                        0x08000855   Thumb Code     0  init.o(.text)
    __decompress                             0x08000879   Thumb Code     0  __dczerorl2.o(.text)
    __decompress1                            0x08000879   Thumb Code    92  __dczerorl2.o(.text)
    ADC1_2_IRQHandler                        0x080008d5   Thumb Code    58  stm32f10x_it.o(i.ADC1_2_IRQHandler)
    ADC1_Configuration                       0x08000919   Thumb Code   104  adc.o(i.ADC1_Configuration)
    ADC_ClearITPendingBit                    0x08000985   Thumb Code     8  stm32f10x_adc.o(i.ADC_ClearITPendingBit)
    ADC_Cmd                                  0x0800098d   Thumb Code    18  stm32f10x_adc.o(i.ADC_Cmd)
    ADC_GetCalibrationStatus                 0x0800099f   Thumb Code    16  stm32f10x_adc.o(i.ADC_GetCalibrationStatus)
    ADC_GetConversionValue                   0x080009af   Thumb Code     6  stm32f10x_adc.o(i.ADC_GetConversionValue)
    ADC_GetITStatus                          0x080009b5   Thumb Code    32  stm32f10x_adc.o(i.ADC_GetITStatus)
    ADC_GetResetCalibrationStatus            0x080009d5   Thumb Code    16  stm32f10x_adc.o(i.ADC_GetResetCalibrationStatus)
    ADC_Init                                 0x080009e5   Thumb Code    72  stm32f10x_adc.o(i.ADC_Init)
    ADC_RegularChannelConfig                 0x08000a31   Thumb Code   150  stm32f10x_adc.o(i.ADC_RegularChannelConfig)
    ADC_ResetCalibration                     0x08000ac7   Thumb Code    10  stm32f10x_adc.o(i.ADC_ResetCalibration)
    ADC_SoftwareStartConvCmd                 0x08000ad1   Thumb Code    18  stm32f10x_adc.o(i.ADC_SoftwareStartConvCmd)
    ADC_StartCalibration                     0x08000ae3   Thumb Code    10  stm32f10x_adc.o(i.ADC_StartCalibration)
    BusFault_Handler                         0x08000aed   Thumb Code     2  stm32f10x_it.o(i.BusFault_Handler)
    DebugMon_Handler                         0x08000aef   Thumb Code     2  stm32f10x_it.o(i.DebugMon_Handler)
    GPIO_Configuration                       0x08000af1   Thumb Code   218  gpio.o(i.GPIO_Configuration)
    GPIO_Init                                0x08000bd5   Thumb Code   170  stm32f10x_gpio.o(i.GPIO_Init)
    HardFault_Handler                        0x08000c7f   Thumb Code     2  stm32f10x_it.o(i.HardFault_Handler)
    I2C1_ER_IRQHandler                       0x08000c81   Thumb Code    10  stm32f10x_it.o(i.I2C1_ER_IRQHandler)
    I2C1_EV_IRQHandler                       0x08000c91   Thumb Code   212  stm32f10x_it.o(i.I2C1_EV_IRQHandler)
    I2C2_Configuration                       0x08000d75   Thumb Code    78  i2c.o(i.I2C2_Configuration)
    I2C2_EV_IRQHandler                       0x08000dcd   Thumb Code   208  stm32f10x_it.o(i.I2C2_EV_IRQHandler)
    I2C_AcknowledgeConfig                    0x08000ea9   Thumb Code    18  stm32f10x_i2c.o(i.I2C_AcknowledgeConfig)
    I2C_CheckEvent                           0x08000ebb   Thumb Code    26  stm32f10x_i2c.o(i.I2C_CheckEvent)
    I2C_ClearFlag                            0x08000ed5   Thumb Code     6  stm32f10x_i2c.o(i.I2C_ClearFlag)
    I2C_ClearITPendingBit                    0x08000edb   Thumb Code     6  stm32f10x_i2c.o(i.I2C_ClearITPendingBit)
    I2C_Cmd                                  0x08000ee1   Thumb Code    18  stm32f10x_i2c.o(i.I2C_Cmd)
    I2C_Configuration                        0x08000ef5   Thumb Code    70  i2c.o(i.I2C_Configuration)
    I2C_DeInit                               0x08000f41   Thumb Code    58  stm32f10x_i2c.o(i.I2C_DeInit)
    I2C_GenerateSTART                        0x08000f7b   Thumb Code    18  stm32f10x_i2c.o(i.I2C_GenerateSTART)
    I2C_GenerateSTOP                         0x08000f8d   Thumb Code    18  stm32f10x_i2c.o(i.I2C_GenerateSTOP)
    I2C_GetFlagStatus                        0x08000f9f   Thumb Code    28  stm32f10x_i2c.o(i.I2C_GetFlagStatus)
    I2C_GetLastEvent                         0x08000fbb   Thumb Code    14  stm32f10x_i2c.o(i.I2C_GetLastEvent)
    I2C_ITConfig                             0x08000fc9   Thumb Code    16  stm32f10x_i2c.o(i.I2C_ITConfig)
    I2C_Init                                 0x08000fd9   Thumb Code   188  stm32f10x_i2c.o(i.I2C_Init)
    I2C_ReceiveData                          0x0800109d   Thumb Code     6  stm32f10x_i2c.o(i.I2C_ReceiveData)
    I2C_Send7bitAddress                      0x080010a3   Thumb Code    16  stm32f10x_i2c.o(i.I2C_Send7bitAddress)
    I2C_SendData                             0x080010b3   Thumb Code     4  stm32f10x_i2c.o(i.I2C_SendData)
    MemManage_Handler                        0x080010b7   Thumb Code     2  stm32f10x_it.o(i.MemManage_Handler)
    NMI_Handler                              0x080010b9   Thumb Code     2  stm32f10x_it.o(i.NMI_Handler)
    NVIC_Init                                0x080010bb   Thumb Code   106  misc.o(i.NVIC_Init)
    NVIC_PriorityGroupConfig                 0x08001125   Thumb Code    14  misc.o(i.NVIC_PriorityGroupConfig)
    PendSV_Handler                           0x08001139   Thumb Code     2  stm32f10x_it.o(i.PendSV_Handler)
    QuadC_LEDToggle                          0x0800113d   Thumb Code    20  gpio.o(i.QuadC_LEDToggle)
    RCC_ADCCLKConfig                         0x08001159   Thumb Code    14  stm32f10x_rcc.o(i.RCC_ADCCLKConfig)
    RCC_APB1PeriphClockCmd                   0x0800116d   Thumb Code    18  stm32f10x_rcc.o(i.RCC_APB1PeriphClockCmd)
    RCC_APB1PeriphResetCmd                   0x08001185   Thumb Code    18  stm32f10x_rcc.o(i.RCC_APB1PeriphResetCmd)
    RCC_APB2PeriphClockCmd                   0x0800119d   Thumb Code    18  stm32f10x_rcc.o(i.RCC_APB2PeriphClockCmd)
    RCC_GetClocksFreq                        0x080011b5   Thumb Code   156  stm32f10x_rcc.o(i.RCC_GetClocksFreq)
    RCC_PCLK1Config                          0x08001265   Thumb Code    14  stm32f10x_rcc.o(i.RCC_PCLK1Config)
    RTCAlarm_IRQHandler                      0x08001279   Thumb Code     2  stm32f10x_it.o(i.RTCAlarm_IRQHandler)
    RTC_IRQHandler                           0x0800127b   Thumb Code     2  stm32f10x_it.o(i.RTC_IRQHandler)
    SVC_Handler                              0x0800127d   Thumb Code     2  stm32f10x_it.o(i.SVC_Handler)
    SysTick_Handler                          0x08001281   Thumb Code    98  stm32f10x_it.o(i.SysTick_Handler)
    SystemInit                               0x08001301   Thumb Code   192  system_stm32f10x.o(i.SystemInit)
    TIM1_CC_IRQHandler                       0x080013d1   Thumb Code     2  stm32f10x_it.o(i.TIM1_CC_IRQHandler)
    TIM1_TRG_COM_IRQHandler                  0x080013d3   Thumb Code     2  stm32f10x_it.o(i.TIM1_TRG_COM_IRQHandler)
    TIM2_IRQHandler                          0x080013d5   Thumb Code     2  stm32f10x_it.o(i.TIM2_IRQHandler)
    TIM3_Configuration                       0x080013d9   Thumb Code    98  tim.o(i.TIM3_Configuration)
    TIM3_IRQHandler                          0x08001441   Thumb Code    48  stm32f10x_it.o(i.TIM3_IRQHandler)
    TIM_ClearITPendingBit                    0x08001479   Thumb Code     6  stm32f10x_tim.o(i.TIM_ClearITPendingBit)
    TIM_Cmd                                  0x0800147f   Thumb Code    18  stm32f10x_tim.o(i.TIM_Cmd)
    TIM_GetCapture1                          0x08001491   Thumb Code     4  stm32f10x_tim.o(i.TIM_GetCapture1)
    TIM_ITConfig                             0x08001495   Thumb Code    16  stm32f10x_tim.o(i.TIM_ITConfig)
    TIM_OC1Init                              0x080014a5   Thumb Code   132  stm32f10x_tim.o(i.TIM_OC1Init)
    TIM_OC1PreloadConfig                     0x08001529   Thumb Code    12  stm32f10x_tim.o(i.TIM_OC1PreloadConfig)
    TIM_SetCompare1                          0x08001535   Thumb Code     4  stm32f10x_tim.o(i.TIM_SetCompare1)
    TIM_TimeBaseInit                         0x08001539   Thumb Code   148  stm32f10x_tim.o(i.TIM_TimeBaseInit)
    TimingDelay_Decrement                    0x080015d5   Thumb Code    18  main.o(i.TimingDelay_Decrement)
    USART1_IRQHandler                        0x080015ed   Thumb Code    78  stm32f10x_it.o(i.USART1_IRQHandler)
    USART2_IRQHandler                        0x0800164d   Thumb Code    16  stm32f10x_it.o(i.USART2_IRQHandler)
    USART_Cmd                                0x08001661   Thumb Code    18  stm32f10x_usart.o(i.USART_Cmd)
    USART_Configuration                      0x08001675   Thumb Code    72  uart.o(i.USART_Configuration)
    USART_GetITStatus                        0x080016c1   Thumb Code    78  stm32f10x_usart.o(i.USART_GetITStatus)
    USART_ITConfig                           0x0800170f   Thumb Code    48  stm32f10x_usart.o(i.USART_ITConfig)
    USART_Init                               0x08001741   Thumb Code   174  stm32f10x_usart.o(i.USART_Init)
    USART_RC_Config                          0x080017f5   Thumb Code    68  uart.o(i.USART_RC_Config)
    USART_ReceiveData                        0x0800183d   Thumb Code     8  stm32f10x_usart.o(i.USART_ReceiveData)
    USART_SendData                           0x08001845   Thumb Code     8  stm32f10x_usart.o(i.USART_SendData)
    USB_LP_CAN1_RX0_IRQHandler               0x0800184d   Thumb Code     2  stm32f10x_it.o(i.USB_LP_CAN1_RX0_IRQHandler)
    UsageFault_Handler                       0x0800184f   Thumb Code     2  stm32f10x_it.o(i.UsageFault_Handler)
    __0sprintf$6                             0x08001851   Thumb Code    34  printf6.o(i.__0sprintf$6)
    __1sprintf$6                             0x08001851   Thumb Code     0  printf6.o(i.__0sprintf$6)
    __2sprintf                               0x08001851   Thumb Code     0  printf6.o(i.__0sprintf$6)
    __scatterload_copy                       0x08001879   Thumb Code    14  handlers.o(i.__scatterload_copy)
    __scatterload_null                       0x08001887   Thumb Code     2  handlers.o(i.__scatterload_null)
    __scatterload_zeroinit                   0x08001889   Thumb Code    14  handlers.o(i.__scatterload_zeroinit)
    levelcontroller                          0x08001bed   Thumb Code   198  mixer.o(i.levelcontroller)
    main                                     0x08001cd1   Thumb Code   408  main.o(i.main)
    mixer                                    0x08001eb1   Thumb Code   416  mixer.o(i.mixer)
    mode_flight                              0x08002089   Thumb Code   190  mixer.o(i.mode_flight)
    rcdsl_parse_data                         0x08002159   Thumb Code   206  rcdsl.o(i.rcdsl_parse_data)
    readmem                                  0x08002245   Thumb Code   222  i2c.o(i.readmem)
    GPIO_PIN                                 0x0800233c   Data           6  gpio.o(.constdata)
    Region$$Table$$Base                      0x08002344   Number         0  anon$$obj.o(Region$$Table)
    Region$$Table$$Limit                     0x08002364   Number         0  anon$$obj.o(Region$$Table)
    GPIO_PORT                                0x20000000   Data          12  gpio.o(.data)
    tick                                     0x2000000c   Data           1  main.o(.data)
    lowbat_flag                              0x2000000d   Data           1  main.o(.data)
    vadc                                     0x2000000e   Data           2  main.o(.data)
    GyroX                                    0x20000010   Data           2  main.o(.data)
    GyroY                                    0x20000012   Data           2  main.o(.data)
    GyroZ                                    0x20000014   Data           2  main.o(.data)
    Temp                                     0x20000016   Data           2  main.o(.data)
    TxBuffer                                 0x2000001c   Data         195  main.o(.data)
    neutral                                  0x200000e0   Data          16  main.o(.data)
    gas                                      0x200000f0   Data           4  main.o(.data)
    NbrOfDataToTransfer                      0x200000f4   Data           1  main.o(.data)
    rcdsl_battery                            0x200000f5   Data           1  main.o(.data)
    rcdsl_allocation                         0x200000f6   Data           1  main.o(.data)
    rcdsl_RSSI                               0x200000f7   Data           1  main.o(.data)
    addr                                     0x200000f8   Data           1  stm32f10x_it.o(.data)
    TxCounter                                0x200000f9   Data           1  stm32f10x_it.o(.data)
    n                                        0x200000fa   Data           1  stm32f10x_it.o(.data)
    slave                                    0x200000fc   Data           2  stm32f10x_it.o(.data)
    data_counter                             0x20000104   Data           1  rcdsl.o(.data)
    last_byte                                0x20000105   Data           1  rcdsl.o(.data)
    check_sum                                0x20000106   Data           1  rcdsl.o(.data)
    paket_len                                0x20000107   Data           1  rcdsl.o(.data)
    data                                     0x2000010c   Data           6  rcdsl.o(.data)
    pwrmode                                  0x20000114   Data           1  mixer.o(.data)
    differential_error                       0x20000118   Data           4  mixer.o(.data)
    K_pY                                     0x2000011c   Data           4  mixer.o(.data)
    K_iY                                     0x20000120   Data           4  mixer.o(.data)
    K_dY                                     0x20000124   Data           4  mixer.o(.data)
    throttle                                 0x20000128   Data           4  mixer.o(.data)
    modeswitch                               0x2000012c   Data           4  mixer.o(.data)
    K_p                                      0x20000130   Data           4  mixer.o(.data)
    K_i                                      0x20000134   Data           4  mixer.o(.data)
    K_d                                      0x20000138   Data           4  mixer.o(.data)
    temp                                     0x2000013c   Data           4  mixer.o(.data)
    level                                    0x20000140   Data          40  mixer.o(.data)
    yaw                                      0x20000168   Data          20  mixer.o(.data)
    SystemCoreClock                          0x20000190   Data           4  system_stm32f10x.o(.data)
    AHBPrescTable                            0x20000194   Data          16  system_stm32f10x.o(.data)
    pulswidth                                0x200001a4   Data          18  main.o(.bss)
    buf                                      0x200001b6   Data          10  main.o(.bss)
    set                                      0x200001c0   Data          16  mixer.o(.bss)
    __initial_sp                             0x200005d0   Data           0  startup_stm32f10x_md.o(STACK)



==============================================================================

Memory Map of the image

  Image Entry point : 0x080000ed

  Load Region LR_IROM1 (Base: 0x08000000, Size: 0x00002508, Max: 0x00010000, ABSOLUTE, COMPRESSED[0x000023b4])

    Execution Region ER_IROM1 (Base: 0x08000000, Size: 0x00002364, Max: 0x00010000, ABSOLUTE)

    Base Addr    Size         Type   Attr      Idx    E Section Name        Object

    0x08000000   0x000000ec   Data   RO         2729    RESET               startup_stm32f10x_md.o
    0x080000ec   0x00000000   Code   RO         2734  * .ARM.Collect$$$$00000000  mc_w.l(entry.o)
    0x080000ec   0x00000004   Code   RO         3022    .ARM.Collect$$$$00000001  mc_w.l(entry2.o)
    0x080000f0   0x00000004   Code   RO         3025    .ARM.Collect$$$$00000004  mc_w.l(entry5.o)
    0x080000f4   0x00000008   Code   RO         3026    .ARM.Collect$$$$00000007  mc_w.l(entry7.o)
    0x080000fc   0x00000004   Code   RO         3023    .ARM.Collect$$$$00002712  mc_w.l(entry2.o)
    0x08000100   0x00000024   Code   RO         2730    .text               startup_stm32f10x_md.o
    0x08000124   0x000000b0   Code   RO         2998    .text               mf_w.l(fadd.o)
    0x080001d4   0x0000006c   Code   RO         3000    .text               mf_w.l(fmul.o)
    0x08000240   0x00000080   Code   RO         3002    .text               mf_w.l(fdiv.o)
    0x080002c0   0x0000014a   Code   RO         3004    .text               mf_w.l(dadd.o)
    0x0800040a   0x000000e2   Code   RO         3006    .text               mf_w.l(dmul.o)
    0x080004ec   0x000000de   Code   RO         3008    .text               mf_w.l(ddiv.o)
    0x080005ca   0x00000012   Code   RO         3010    .text               mf_w.l(fflti.o)
    0x080005dc   0x0000000a   Code   RO         3012    .text               mf_w.l(ffltui.o)
    0x080005e6   0x00000022   Code   RO         3014    .text               mf_w.l(dflti.o)
    0x08000608   0x0000001a   Code   RO         3016    .text               mf_w.l(dfltui.o)
    0x08000622   0x00000032   Code   RO         3018    .text               mf_w.l(ffixi.o)
    0x08000654   0x0000003e   Code   RO         3020    .text               mf_w.l(dfixi.o)
    0x08000692   0x0000002c   Code   RO         3030    .text               mc_w.l(uidiv.o)
    0x080006be   0x0000001e   Code   RO         3034    .text               mc_w.l(llshl.o)
    0x080006dc   0x00000020   Code   RO         3036    .text               mc_w.l(llushr.o)
    0x080006fc   0x00000024   Code   RO         3038    .text               mc_w.l(llsshr.o)
    0x08000720   0x00000000   Code   RO         3040    .text               mc_w.l(iusefp.o)
    0x08000720   0x00000070   Code   RO         3041    .text               mf_w.l(fepilogue.o)
    0x08000790   0x000000c2   Code   RO         3043    .text               mf_w.l(depilogue.o)
    0x08000852   0x00000002   PAD
    0x08000854   0x00000024   Code   RO         3049    .text               mc_w.l(init.o)
    0x08000878   0x0000005c   Code   RO         3060    .text               mc_w.l(__dczerorl2.o)
    0x080008d4   0x00000044   Code   RO          213    i.ADC1_2_IRQHandler  stm32f10x_it.o
    0x08000918   0x0000006c   Code   RO            1    i.ADC1_Configuration  adc.o
    0x08000984   0x00000008   Code   RO          592    i.ADC_ClearITPendingBit  stm32f10x_adc.o
    0x0800098c   0x00000012   Code   RO          593    i.ADC_Cmd           stm32f10x_adc.o
    0x0800099e   0x00000010   Code   RO          601    i.ADC_GetCalibrationStatus  stm32f10x_adc.o
    0x080009ae   0x00000006   Code   RO          602    i.ADC_GetConversionValue  stm32f10x_adc.o
    0x080009b4   0x00000020   Code   RO          605    i.ADC_GetITStatus   stm32f10x_adc.o
    0x080009d4   0x00000010   Code   RO          607    i.ADC_GetResetCalibrationStatus  stm32f10x_adc.o
    0x080009e4   0x0000004c   Code   RO          611    i.ADC_Init          stm32f10x_adc.o
    0x08000a30   0x00000096   Code   RO          615    i.ADC_RegularChannelConfig  stm32f10x_adc.o
    0x08000ac6   0x0000000a   Code   RO          616    i.ADC_ResetCalibration  stm32f10x_adc.o
    0x08000ad0   0x00000012   Code   RO          618    i.ADC_SoftwareStartConvCmd  stm32f10x_adc.o
    0x08000ae2   0x0000000a   Code   RO          620    i.ADC_StartCalibration  stm32f10x_adc.o
    0x08000aec   0x00000002   Code   RO          214    i.BusFault_Handler  stm32f10x_it.o
    0x08000aee   0x00000002   Code   RO          215    i.DebugMon_Handler  stm32f10x_it.o
    0x08000af0   0x000000e4   Code   RO          109    i.GPIO_Configuration  gpio.o
    0x08000bd4   0x000000aa   Code   RO         1059    i.GPIO_Init         stm32f10x_gpio.o
    0x08000c7e   0x00000002   Code   RO          216    i.HardFault_Handler  stm32f10x_it.o
    0x08000c80   0x00000010   Code   RO          217    i.I2C1_ER_IRQHandler  stm32f10x_it.o
    0x08000c90   0x000000e4   Code   RO          218    i.I2C1_EV_IRQHandler  stm32f10x_it.o
    0x08000d74   0x00000058   Code   RO          358    i.I2C2_Configuration  i2c.o
    0x08000dcc   0x000000dc   Code   RO          219    i.I2C2_EV_IRQHandler  stm32f10x_it.o
    0x08000ea8   0x00000012   Code   RO         2299    i.I2C_AcknowledgeConfig  stm32f10x_i2c.o
    0x08000eba   0x0000001a   Code   RO         2301    i.I2C_CheckEvent    stm32f10x_i2c.o
    0x08000ed4   0x00000006   Code   RO         2302    i.I2C_ClearFlag     stm32f10x_i2c.o
    0x08000eda   0x00000006   Code   RO         2303    i.I2C_ClearITPendingBit  stm32f10x_i2c.o
    0x08000ee0   0x00000012   Code   RO         2304    i.I2C_Cmd           stm32f10x_i2c.o
    0x08000ef2   0x00000002   PAD
    0x08000ef4   0x0000004c   Code   RO          359    i.I2C_Configuration  i2c.o
    0x08000f40   0x0000003a   Code   RO         2307    i.I2C_DeInit        stm32f10x_i2c.o
    0x08000f7a   0x00000012   Code   RO         2311    i.I2C_GenerateSTART  stm32f10x_i2c.o
    0x08000f8c   0x00000012   Code   RO         2312    i.I2C_GenerateSTOP  stm32f10x_i2c.o
    0x08000f9e   0x0000001c   Code   RO         2313    i.I2C_GetFlagStatus  stm32f10x_i2c.o
    0x08000fba   0x0000000e   Code   RO         2315    i.I2C_GetLastEvent  stm32f10x_i2c.o
    0x08000fc8   0x00000010   Code   RO         2317    i.I2C_ITConfig      stm32f10x_i2c.o
    0x08000fd8   0x000000c4   Code   RO         2318    i.I2C_Init          stm32f10x_i2c.o
    0x0800109c   0x00000006   Code   RO         2322    i.I2C_ReceiveData   stm32f10x_i2c.o
    0x080010a2   0x00000010   Code   RO         2324    i.I2C_Send7bitAddress  stm32f10x_i2c.o
    0x080010b2   0x00000004   Code   RO         2325    i.I2C_SendData      stm32f10x_i2c.o
    0x080010b6   0x00000002   Code   RO          220    i.MemManage_Handler  stm32f10x_it.o
    0x080010b8   0x00000002   Code   RO          221    i.NMI_Handler       stm32f10x_it.o
    0x080010ba   0x0000006a   Code   RO         1356    i.NVIC_Init         misc.o
    0x08001124   0x00000014   Code   RO         1357    i.NVIC_PriorityGroupConfig  misc.o
    0x08001138   0x00000002   Code   RO          222    i.PendSV_Handler    stm32f10x_it.o
    0x0800113a   0x00000002   PAD
    0x0800113c   0x0000001c   Code   RO          112    i.QuadC_LEDToggle   gpio.o
    0x08001158   0x00000014   Code   RO         2038    i.RCC_ADCCLKConfig  stm32f10x_rcc.o
    0x0800116c   0x00000018   Code   RO         2040    i.RCC_APB1PeriphClockCmd  stm32f10x_rcc.o
    0x08001184   0x00000018   Code   RO         2041    i.RCC_APB1PeriphResetCmd  stm32f10x_rcc.o
    0x0800119c   0x00000018   Code   RO         2042    i.RCC_APB2PeriphClockCmd  stm32f10x_rcc.o
    0x080011b4   0x000000b0   Code   RO         2050    i.RCC_GetClocksFreq  stm32f10x_rcc.o
    0x08001264   0x00000014   Code   RO         2061    i.RCC_PCLK1Config   stm32f10x_rcc.o
    0x08001278   0x00000002   Code   RO          223    i.RTCAlarm_IRQHandler  stm32f10x_it.o
    0x0800127a   0x00000002   Code   RO          224    i.RTC_IRQHandler    stm32f10x_it.o
    0x0800127c   0x00000002   Code   RO          225    i.SVC_Handler       stm32f10x_it.o
    0x0800127e   0x00000002   PAD
    0x08001280   0x00000080   Code   RO          226    i.SysTick_Handler   stm32f10x_it.o
    0x08001300   0x000000d0   Code   RO         2677    i.SystemInit        system_stm32f10x.o
    0x080013d0   0x00000002   Code   RO          227    i.TIM1_CC_IRQHandler  stm32f10x_it.o
    0x080013d2   0x00000002   Code   RO          228    i.TIM1_TRG_COM_IRQHandler  stm32f10x_it.o
    0x080013d4   0x00000002   Code   RO          229    i.TIM2_IRQHandler   stm32f10x_it.o
    0x080013d6   0x00000002   PAD
    0x080013d8   0x00000068   Code   RO          557    i.TIM3_Configuration  tim.o
    0x08001440   0x00000038   Code   RO          230    i.TIM3_IRQHandler   stm32f10x_it.o
    0x08001478   0x00000006   Code   RO         1399    i.TIM_ClearITPendingBit  stm32f10x_tim.o
    0x0800147e   0x00000012   Code   RO         1404    i.TIM_Cmd           stm32f10x_tim.o
    0x08001490   0x00000004   Code   RO         1419    i.TIM_GetCapture1   stm32f10x_tim.o
    0x08001494   0x00000010   Code   RO         1429    i.TIM_ITConfig      stm32f10x_tim.o
    0x080014a4   0x00000084   Code   RO         1433    i.TIM_OC1Init       stm32f10x_tim.o
    0x08001528   0x0000000c   Code   RO         1436    i.TIM_OC1PreloadConfig  stm32f10x_tim.o
    0x08001534   0x00000004   Code   RO         1465    i.TIM_SetCompare1   stm32f10x_tim.o
    0x08001538   0x0000009c   Code   RO         1475    i.TIM_TimeBaseInit  stm32f10x_tim.o
    0x080015d4   0x00000018   Code   RO          150    i.TimingDelay_Decrement  main.o
    0x080015ec   0x00000060   Code   RO          231    i.USART1_IRQHandler  stm32f10x_it.o
    0x0800164c   0x00000014   Code   RO          232    i.USART2_IRQHandler  stm32f10x_it.o
    0x08001660   0x00000012   Code   RO         2500    i.USART_Cmd         stm32f10x_usart.o
    0x08001672   0x00000002   PAD
    0x08001674   0x0000004c   Code   RO          569    i.USART_Configuration  uart.o
    0x080016c0   0x0000004e   Code   RO         2504    i.USART_GetITStatus  stm32f10x_usart.o
    0x0800170e   0x00000030   Code   RO         2506    i.USART_ITConfig    stm32f10x_usart.o
    0x0800173e   0x00000002   PAD
    0x08001740   0x000000b4   Code   RO         2507    i.USART_Init        stm32f10x_usart.o
    0x080017f4   0x00000048   Code   RO          570    i.USART_RC_Config   uart.o
    0x0800183c   0x00000008   Code   RO         2514    i.USART_ReceiveData  stm32f10x_usart.o
    0x08001844   0x00000008   Code   RO         2517    i.USART_SendData    stm32f10x_usart.o
    0x0800184c   0x00000002   Code   RO          233    i.USB_LP_CAN1_RX0_IRQHandler  stm32f10x_it.o
    0x0800184e   0x00000002   Code   RO          234    i.UsageFault_Handler  stm32f10x_it.o
    0x08001850   0x00000028   Code   RO         2894    i.__0sprintf$6      mc_w.l(printf6.o)
    0x08001878   0x0000000e   Code   RO         3054    i.__scatterload_copy  mc_w.l(handlers.o)
    0x08001886   0x00000002   Code   RO         3055    i.__scatterload_null  mc_w.l(handlers.o)
    0x08001888   0x0000000e   Code   RO         3056    i.__scatterload_zeroinit  mc_w.l(handlers.o)
    0x08001896   0x00000002   PAD
    0x08001898   0x000002f4   Code   RO         2899    i._printf_core      mc_w.l(printf6.o)
    0x08001b8c   0x00000026   Code   RO         2900    i._printf_post_padding  mc_w.l(printf6.o)
    0x08001bb2   0x0000002e   Code   RO         2901    i._printf_pre_padding  mc_w.l(printf6.o)
    0x08001be0   0x0000000a   Code   RO         2903    i._sputc            mc_w.l(printf6.o)
    0x08001bea   0x00000002   PAD
    0x08001bec   0x000000e4   Code   RO          513    i.levelcontroller   mixer.o
    0x08001cd0   0x000001e0   Code   RO          151    i.main              main.o
    0x08001eb0   0x000001d8   Code   RO          514    i.mixer             mixer.o
    0x08002088   0x000000d0   Code   RO          515    i.mode_flight       mixer.o
    0x08002158   0x000000ec   Code   RO          400    i.rcdsl_parse_data  rcdsl.o
    0x08002244   0x000000f8   Code   RO          362    i.readmem           i2c.o
    0x0800233c   0x00000006   Data   RO          113    .constdata          gpio.o
    0x08002342   0x00000002   PAD
    0x08002344   0x00000020   Data   RO         3052    Region$$Table       anon$$obj.o


    Execution Region RW_IRAM1 (Base: 0x20000000, Size: 0x000005d0, Max: 0x00005000, ABSOLUTE, COMPRESSED[0x00000050])

    Base Addr    Size         Type   Attr      Idx    E Section Name        Object

    0x20000000   0x0000000c   Data   RW          114    .data               gpio.o
    0x2000000c   0x000000d3   Data   RW          154    .data               main.o
    0x200000df   0x00000001   PAD
    0x200000e0   0x00000010   Data   RW          155    .data               main.o
    0x200000f0   0x00000004   Data   RW          156    .data               main.o
    0x200000f4   0x00000001   Data   RW          157    .data               main.o
    0x200000f5   0x00000001   Data   RW          159    .data               main.o
    0x200000f6   0x00000001   Data   RW          160    .data               main.o
    0x200000f7   0x00000001   Data   RW          161    .data               main.o
    0x200000f8   0x0000000c   Data   RW          235    .data               stm32f10x_it.o
    0x20000104   0x0000000e   Data   RW          401    .data               rcdsl.o
    0x20000112   0x00000002   PAD
    0x20000114   0x00000068   Data   RW          520    .data               mixer.o
    0x2000017c   0x00000014   Data   RW         2070    .data               stm32f10x_rcc.o
    0x20000190   0x00000014   Data   RW         2678    .data               system_stm32f10x.o
    0x200001a4   0x00000012   Zero   RW          152    .bss                main.o
    0x200001b6   0x0000000a   Zero   RW          153    .bss                main.o
    0x200001c0   0x00000010   Zero   RW          519    .bss                mixer.o
    0x200001d0   0x00000400   Zero   RW         2727    STACK               startup_stm32f10x_md.o


==============================================================================

Image component sizes


      Code (inc. data)   RO Data    RW Data    ZI Data      Debug   Object Name

       108          4          0          0          0     268077   adc.o
         0          0          0          0          0         32   core_cm3.o
       256         18          6         12          0       1920   gpio.o
       412         42          0          0          0       2123   i2c.o
       504         78          0        235         28      19034   main.o
       126          6          0          0          0       1791   misc.o
       908        104          0        104         16       3114   mixer.o
       236         30          0         14          0       3447   rcdsl.o
        36          8        236          0       1024        912   startup_stm32f10x_md.o
       360          4          0          0          0       9539   stm32f10x_adc.o
       170          0          0          0          0       2040   stm32f10x_gpio.o
       448          8          0          0          0      11407   stm32f10x_i2c.o
       860        104          0         12          0       9665   stm32f10x_it.o
       288         50          0         20          0       6624   stm32f10x_rcc.o
       348          8          0          0          0       6864   stm32f10x_tim.o
       340          6          0          0          0       5931   stm32f10x_usart.o
       208         16          0         20          0       1177   system_stm32f10x.o
       104          6          0          0          0        541   tim.o
       148          8          0          0          0        984   uart.o

    ----------------------------------------------------------------------
      5872        500        276        420       1068     355222   Object Totals
         0          0         32          0          0          0   (incl. Generated)
        12          0          2          3          0          2   (incl. Padding)

    ----------------------------------------------------------------------

      Code (inc. data)   RO Data    RW Data    ZI Data      Debug   Library Member Name

        92          0          0          0          0          0   __dczerorl2.o
         0          0          0          0          0          0   entry.o
         8          4          0          0          0          0   entry2.o
         4          0          0          0          0          0   entry5.o
         8          4          0          0          0          0   entry7.o
        30          0          0          0          0          0   handlers.o
        36          8          0          0          0         68   init.o
         0          0          0          0          0          0   iusefp.o
        30          0          0          0          0         68   llshl.o
        36          0          0          0          0         68   llsshr.o
        32          0          0          0          0         68   llushr.o
       890         12          0          0          0        420   printf6.o
        44          0          0          0          0         80   uidiv.o
       330          0          0          0          0        148   dadd.o
       222          0          0          0          0        100   ddiv.o
       194          0          0          0          0        184   depilogue.o
        62          0          0          0          0         80   dfixi.o
        34          0          0          0          0         76   dflti.o
        26          0          0          0          0         76   dfltui.o
       226          0          0          0          0         96   dmul.o
       176          0          0          0          0        140   fadd.o
       128          0          0          0          0         88   fdiv.o
       112          0          0          0          0        168   fepilogue.o
        50          0          0          0          0         68   ffixi.o
        18          0          0          0          0         68   fflti.o
        10          0          0          0          0         68   ffltui.o
       108          0          0          0          0         76   fmul.o

    ----------------------------------------------------------------------
      2912         28          0          0          0       2208   Library Totals
         6          0          0          0          0          0   (incl. Padding)

    ----------------------------------------------------------------------

      Code (inc. data)   RO Data    RW Data    ZI Data      Debug   Library Name

      1210         28          0          0          0        772   mc_w.l
      1696          0          0          0          0       1436   mf_w.l

    ----------------------------------------------------------------------
      2912         28          0          0          0       2208   Library Totals

    ----------------------------------------------------------------------

==============================================================================


      Code (inc. data)   RO Data    RW Data    ZI Data      Debug   

      8784        528        276        420       1068     351868   Grand Totals
      8784        528        276         80       1068     351868   ELF Image Totals (compressed)
      8784        528        276         80          0          0   ROM Totals

==============================================================================

    Total RO  Size (Code + RO Data)                 9060 (   8.85kB)
    Total RW  Size (RW Data + ZI Data)              1488 (   1.45kB)
    Total ROM Size (Code + RO Data + RW Data)       9140 (   8.93kB)

==============================================================================

