ARM Linker, 4.1 [Build 561] [Evaluation]

==============================================================================

Section Cross References

    adc.o(i.ADC1_Configuration) refers to stm32f10x_adc.o(i.ADC_Init) for ADC_Init
    adc.o(i.ADC1_Configuration) refers to stm32f10x_adc.o(i.ADC_Cmd) for ADC_Cmd
    adc.o(i.ADC1_Configuration) refers to stm32f10x_adc.o(i.ADC_RegularChannelConfig) for ADC_RegularChannelConfig
    adc.o(i.ADC1_Configuration) refers to stm32f10x_adc.o(i.ADC_ResetCalibration) for ADC_ResetCalibration
    adc.o(i.ADC1_Configuration) refers to stm32f10x_adc.o(i.ADC_GetResetCalibrationStatus) for ADC_GetResetCalibrationStatus
    adc.o(i.ADC1_Configuration) refers to stm32f10x_adc.o(i.ADC_StartCalibration) for ADC_StartCalibration
    adc.o(i.ADC1_Configuration) refers to stm32f10x_adc.o(i.ADC_GetCalibrationStatus) for ADC_GetCalibrationStatus
    adc.o(i.ADC1_Configuration) refers to stm32f10x_adc.o(i.ADC_SoftwareStartConvCmd) for ADC_SoftwareStartConvCmd
    eeprom.o(i.EE_Init) refers to stm32f10x_flash.o(i.FLASH_ErasePage) for FLASH_ErasePage
    eeprom.o(i.EE_Init) refers to stm32f10x_flash.o(i.FLASH_ProgramHalfWord) for FLASH_ProgramHalfWord
    eeprom.o(i.EE_Init) refers to eeprom.o(i.EE_ReadVariable) for EE_ReadVariable
    eeprom.o(i.EE_Init) refers to eeprom.o(i.EE_VerifyPageFullWriteVariable) for EE_VerifyPageFullWriteVariable
    eeprom.o(i.EE_Init) refers to main.o(.data) for VirtAddVarTab
    eeprom.o(i.EE_Init) refers to eeprom.o(.data) for .data
    eeprom.o(i.EE_VerifyPageFullWriteVariable) refers to stm32f10x_flash.o(i.FLASH_ProgramHalfWord) for FLASH_ProgramHalfWord
    eeprom.o(i.EE_WriteVariable) refers to eeprom.o(i.EE_VerifyPageFullWriteVariable) for EE_VerifyPageFullWriteVariable
    eeprom.o(i.EE_WriteVariable) refers to stm32f10x_flash.o(i.FLASH_ProgramHalfWord) for FLASH_ProgramHalfWord
    eeprom.o(i.EE_WriteVariable) refers to eeprom.o(i.EE_ReadVariable) for EE_ReadVariable
    eeprom.o(i.EE_WriteVariable) refers to stm32f10x_flash.o(i.FLASH_ErasePage) for FLASH_ErasePage
    eeprom.o(i.EE_WriteVariable) refers to main.o(.data) for VirtAddVarTab
    eeprom.o(i.EE_WriteVariable) refers to eeprom.o(.data) for .data
    gpio.o(i.GPIO_Configuration) refers to stm32f10x_gpio.o(i.GPIO_Init) for GPIO_Init
    gpio.o(i.GPIO_Configuration) refers to stm32f10x_rcc.o(i.RCC_APB1PeriphResetCmd) for RCC_APB1PeriphResetCmd
    gpio.o(i.QuadC_LEDOff) refers to gpio.o(.constdata) for .constdata
    gpio.o(i.QuadC_LEDOff) refers to gpio.o(.data) for .data
    gpio.o(i.QuadC_LEDOn) refers to gpio.o(.constdata) for .constdata
    gpio.o(i.QuadC_LEDOn) refers to gpio.o(.data) for .data
    gpio.o(i.QuadC_LEDToggle) refers to gpio.o(.data) for .data
    gpio.o(i.QuadC_LEDToggle) refers to gpio.o(.constdata) for .constdata
    main.o(i.CalibrateGyro) refers to i2c.o(i.readmem) for readmem
    main.o(i.CalibrateGyro) refers to main.o(.bss) for .bss
    main.o(i.CalibrateGyro) refers to main.o(.data) for .data
    main.o(i.CalibrateRC) refers to stm32f10x_flash.o(i.FLASH_Unlock) for FLASH_Unlock
    main.o(i.CalibrateRC) refers to eeprom.o(i.EE_WriteVariable) for EE_WriteVariable
    main.o(i.CalibrateRC) refers to stm32f10x_flash.o(i.FLASH_Lock) for FLASH_Lock
    main.o(i.CalibrateRC) refers to main.o(.bss) for .bss
    main.o(i.CalibrateRC) refers to main.o(.data) for .data
    main.o(i.Delay) refers to main.o(.data) for .data
    main.o(i.NVIC_Configuration) refers to misc.o(i.NVIC_PriorityGroupConfig) for NVIC_PriorityGroupConfig
    main.o(i.NVIC_Configuration) refers to misc.o(i.NVIC_Init) for NVIC_Init
    main.o(i.RCC_Configuration) refers to system_stm32f10x.o(i.SystemInit) for SystemInit
    main.o(i.RCC_Configuration) refers to stm32f10x_rcc.o(i.RCC_PCLK1Config) for RCC_PCLK1Config
    main.o(i.RCC_Configuration) refers to stm32f10x_rcc.o(i.RCC_ADCCLKConfig) for RCC_ADCCLKConfig
    main.o(i.RCC_Configuration) refers to stm32f10x_rcc.o(i.RCC_APB2PeriphClockCmd) for RCC_APB2PeriphClockCmd
    main.o(i.RCC_Configuration) refers to stm32f10x_rcc.o(i.RCC_APB1PeriphClockCmd) for RCC_APB1PeriphClockCmd
    main.o(i.SysTick_Configuration) refers to system_stm32f10x.o(.data) for SystemCoreClock
    main.o(i.TimingDelay_Decrement) refers to main.o(.data) for .data
    main.o(i.main) refers to system_stm32f10x.o(i.SystemInit) for SystemInit
    main.o(i.main) refers to stm32f10x_rcc.o(i.RCC_PCLK1Config) for RCC_PCLK1Config
    main.o(i.main) refers to stm32f10x_rcc.o(i.RCC_ADCCLKConfig) for RCC_ADCCLKConfig
    main.o(i.main) refers to stm32f10x_rcc.o(i.RCC_APB2PeriphClockCmd) for RCC_APB2PeriphClockCmd
    main.o(i.main) refers to stm32f10x_rcc.o(i.RCC_APB1PeriphClockCmd) for RCC_APB1PeriphClockCmd
    main.o(i.main) refers to misc.o(i.NVIC_PriorityGroupConfig) for NVIC_PriorityGroupConfig
    main.o(i.main) refers to misc.o(i.NVIC_Init) for NVIC_Init
    main.o(i.main) refers to gpio.o(i.GPIO_Configuration) for GPIO_Configuration
[...]
    stm32f10x_gpio.o(i.GPIO_AFIODeInit) refers to stm32f10x_rcc.o(i.RCC_APB2PeriphResetCmd) for RCC_APB2PeriphResetCmd
    stm32f10x_gpio.o(i.GPIO_DeInit) refers to stm32f10x_rcc.o(i.RCC_APB2PeriphResetCmd) for RCC_APB2PeriphResetCmd
    stm32f10x_tim.o(i.TIM_DeInit) refers to stm32f10x_rcc.o(i.RCC_APB2PeriphResetCmd) for RCC_APB2PeriphResetCmd
    stm32f10x_tim.o(i.TIM_DeInit) refers to stm32f10x_rcc.o(i.RCC_APB1PeriphResetCmd) for RCC_APB1PeriphResetCmd
    stm32f10x_rcc.o(i.RCC_GetClocksFreq) refers to stm32f10x_rcc.o(.data) for .data
    stm32f10x_pwr.o(i.PWR_DeInit) refers to stm32f10x_rcc.o(i.RCC_APB1PeriphResetCmd) for RCC_APB1PeriphResetCmd
    stm32f10x_i2c.o(i.I2C_DeInit) refers to stm32f10x_rcc.o(i.RCC_APB1PeriphResetCmd) for RCC_APB1PeriphResetCmd
    stm32f10x_i2c.o(i.I2C_Init) refers to stm32f10x_rcc.o(i.RCC_GetClocksFreq) for RCC_GetClocksFreq
    stm32f10x_usart.o(i.USART_DeInit) refers to stm32f10x_rcc.o(i.RCC_APB2PeriphResetCmd) for RCC_APB2PeriphResetCmd
    stm32f10x_usart.o(i.USART_DeInit) refers to stm32f10x_rcc.o(i.RCC_APB1PeriphResetCmd) for RCC_APB1PeriphResetCmd
    stm32f10x_usart.o(i.USART_Init) refers to stm32f10x_rcc.o(i.RCC_GetClocksFreq) for RCC_GetClocksFreq
    system_stm32f10x.o(i.SystemCoreClockUpdate) refers to system_stm32f10x.o(.data) for .data
    startup_stm32f10x_md.o(RESET) refers to startup_stm32f10x_md.o(STACK) for __initial_sp
    startup_stm32f10x_md.o(RESET) refers to startup_stm32f10x_md.o(.text) for Reset_Handler
    startup_stm32f10x_md.o(RESET) refers to stm32f10x_it.o(i.NMI_Handler) for NMI_Handler
    startup_stm32f10x_md.o(RESET) refers to stm32f10x_it.o(i.HardFault_Handler) for HardFault_Handler
    startup_stm32f10x_md.o(RESET) refers to stm32f10x_it.o(i.MemManage_Handler) for MemManage_Handler
    startup_stm32f10x_md.o(RESET) refers to stm32f10x_it.o(i.BusFault_Handler) for BusFault_Handler
    startup_stm32f10x_md.o(RESET) refers to stm32f10x_it.o(i.UsageFault_Handler) for UsageFault_Handler
    startup_stm32f10x_md.o(RESET) refers to stm32f10x_it.o(i.SVC_Handler) for SVC_Handler
    startup_stm32f10x_md.o(RESET) refers to stm32f10x_it.o(i.DebugMon_Handler) for DebugMon_Handler
    startup_stm32f10x_md.o(RESET) refers to stm32f10x_it.o(i.PendSV_Handler) for PendSV_Handler
    startup_stm32f10x_md.o(RESET) refers to stm32f10x_it.o(i.SysTick_Handler) for SysTick_Handler
    startup_stm32f10x_md.o(RESET) refers to stm32f10x_it.o(i.RTC_IRQHandler) for RTC_IRQHandler
    startup_stm32f10x_md.o(RESET) refers to stm32f10x_it.o(i.ADC1_2_IRQHandler) for ADC1_2_IRQHandler
    startup_stm32f10x_md.o(RESET) refers to stm32f10x_it.o(i.USB_LP_CAN1_RX0_IRQHandler) for USB_LP_CAN1_RX0_IRQHandler
    startup_stm32f10x_md.o(RESET) refers to stm32f10x_it.o(i.TIM1_TRG_COM_IRQHandler) for TIM1_TRG_COM_IRQHandler
    startup_stm32f10x_md.o(RESET) refers to stm32f10x_it.o(i.TIM1_CC_IRQHandler) for TIM1_CC_IRQHandler
    startup_stm32f10x_md.o(RESET) refers to stm32f10x_it.o(i.TIM2_IRQHandler) for TIM2_IRQHandler
    startup_stm32f10x_md.o(RESET) refers to stm32f10x_it.o(i.TIM3_IRQHandler) for TIM3_IRQHandler
    startup_stm32f10x_md.o(RESET) refers to stm32f10x_it.o(i.I2C1_EV_IRQHandler) for I2C1_EV_IRQHandler
    startup_stm32f10x_md.o(RESET) refers to stm32f10x_it.o(i.I2C1_ER_IRQHandler) for I2C1_ER_IRQHandler
    startup_stm32f10x_md.o(RESET) refers to stm32f10x_it.o(i.I2C2_EV_IRQHandler) for I2C2_EV_IRQHandler
    startup_stm32f10x_md.o(RESET) refers to stm32f10x_it.o(i.USART1_IRQHandler) for USART1_IRQHandler
    startup_stm32f10x_md.o(RESET) refers to stm32f10x_it.o(i.USART2_IRQHandler) for USART2_IRQHandler
    startup_stm32f10x_md.o(RESET) refers to stm32f10x_it.o(i.RTCAlarm_IRQHandler) for RTCAlarm_IRQHandler
    startup_stm32f10x_md.o(.text) refers to system_stm32f10x.o(i.SystemInit) for SystemInit
    startup_stm32f10x_md.o(.text) refers to entry.o(.ARM.Collect$$$$00000000) for __main
    entry.o(.ARM.Collect$$$$00000000) refers (Special) to entry7.o(.ARM.Collect$$$$00000007) for _main_init
    entry.o(.ARM.Collect$$$$00000000) refers (Special) to entry5.o(.ARM.Collect$$$$00000004) for _main_scatterload
    entry.o(.ARM.Collect$$$$00000000) refers (Special) to entry2.o(.ARM.Collect$$$$00000001) for _main_stk
    fadd.o(.text) refers (Special) to iusefp.o(.text) for __I$use$fp
    fadd.o(.text) refers to fepilogue.o(.text) for _float_epilogue
    fmul.o(.text) refers (Special) to iusefp.o(.text) for __I$use$fp
    dadd.o(.text) refers (Special) to iusefp.o(.text) for __I$use$fp
    dadd.o(.text) refers to llshl.o(.text) for __aeabi_llsl
    dadd.o(.text) refers to llsshr.o(.text) for __aeabi_lasr
    dadd.o(.text) refers to depilogue.o(.text) for _double_epilogue
    dmul.o(.text) refers (Special) to iusefp.o(.text) for __I$use$fp
    dmul.o(.text) refers to depilogue.o(.text) for _double_epilogue
    ddiv.o(.text) refers (Special) to iusefp.o(.text) for __I$use$fp
    ddiv.o(.text) refers to depilogue.o(.text) for _double_round
    fflti.o(.text) refers (Special) to iusefp.o(.text) for __I$use$fp
    fflti.o(.text) refers to fepilogue.o(.text) for _float_epilogue
    dflti.o(.text) refers (Special) to iusefp.o(.text) for __I$use$fp
    dflti.o(.text) refers to depilogue.o(.text) for _double_epilogue
    dfltui.o(.text) refers (Special) to iusefp.o(.text) for __I$use$fp
    dfltui.o(.text) refers to depilogue.o(.text) for _double_epilogue
    ffixi.o(.text) refers (Special) to iusefp.o(.text) for __I$use$fp
    ffixui.o(.text) refers (Special) to iusefp.o(.text) for __I$use$fp
    dfixi.o(.text) refers (Special) to iusefp.o(.text) for __I$use$fp
    dfixi.o(.text) refers to llushr.o(.text) for __aeabi_llsr
    dfixui.o(.text) refers (Special) to iusefp.o(.text) for __I$use$fp
    dfixui.o(.text) refers to llushr.o(.text) for __aeabi_llsr
    entry2.o(.ARM.Collect$$$$00000001) refers to entry2.o(.ARM.Collect$$$$00002712) for __lit__00000000
    entry2.o(.ARM.Collect$$$$00002712) refers to startup_stm32f10x_md.o(STACK) for __initial_sp
    entry2.o(__vectab_stack_and_reset_area) refers to startup_stm32f10x_md.o(STACK) for __initial_sp
    entry2.o(__vectab_stack_and_reset_area) refers to entry.o(.ARM.Collect$$$$00000000) for __main
    entry5.o(.ARM.Collect$$$$00000004) refers to init.o(.text) for __scatterload
    entry7.o(.ARM.Collect$$$$00000007) refers to main.o(i.main) for main
    depilogue.o(.text) refers to llshl.o(.text) for __aeabi_llsl
    depilogue.o(.text) refers to llushr.o(.text) for __aeabi_llsr
    init.o(.text) refers to entry5.o(.ARM.Collect$$$$00000004) for __main_after_scatterload


==============================================================================

Removing Unused input sections from the image.

    Removing main.o(i.CalibrateGyro), (152 bytes).
    Removing main.o(i.Delay), (16 bytes).
    Removing main.o(i.NVIC_Configuration), (148 bytes).
    Removing main.o(i.RCC_Configuration), (82 bytes).
    Removing main.o(i.SysTick_Configuration), (52 bytes).
    Removing main.o(i.readeeprom), (88 bytes).
    Removing main.o(.data), (211 bytes).
    Removing main.o(.data), (1 bytes).
    Removing main.o(.data), (2 bytes).
    Removing main.o(.data), (2 bytes).
    Removing main.o(.data), (1 bytes).
    Removing stm32f10x_it.o(.data), (1 bytes).
    Removing i2c.o(i.I2C_DMAConfig), (204 bytes).
    Removing i2c.o(i.I2C_Master_BufferRead), (848 bytes).
    Removing i2c.o(.bss), (44 bytes).
    Removing i2c.o(.data), (16 bytes).
    Removing rcdsl.o(i.rcdsl_incoming_paket), (120 bytes).
    Removing rcdsl.o(i.rcdsl_new_signal), (12 bytes).
    Removing mixer.o(i.limitStep), (32 bytes).
    Removing mixer.o(i.mode_off), (20 bytes).
    Removing mixer.o(i.mode_standby), (20 bytes).
    Removing mixer.o(i.yawcontroller), (112 bytes).
    Removing stm32f10x_adc.o(i.ADC_AnalogWatchdogCmd), (16 bytes).
    Removing stm32f10x_adc.o(i.ADC_AnalogWatchdogSingleChannelConfig), (12 bytes).
    Removing stm32f10x_adc.o(i.ADC_AnalogWatchdogThresholdsConfig), (6 bytes).
    Removing stm32f10x_adc.o(i.ADC_AutoInjectedConvCmd), (18 bytes).
    Removing stm32f10x_adc.o(i.ADC_ClearFlag), (6 bytes).
    Removing stm32f10x_adc.o(i.ADC_DMACmd), (18 bytes).
    Removing stm32f10x_adc.o(i.ADC_DeInit), (100 bytes).
    Removing stm32f10x_adc.o(i.ADC_DiscModeChannelCountConfig), (16 bytes).
    Removing stm32f10x_adc.o(i.ADC_DiscModeCmd), (18 bytes).
    Removing stm32f10x_adc.o(i.ADC_ExternalTrigConvCmd), (18 bytes).
    Removing stm32f10x_adc.o(i.ADC_ExternalTrigInjectedConvCmd), (18 bytes).
    Removing stm32f10x_adc.o(i.ADC_ExternalTrigInjectedConvConfig), (12 bytes).
    Removing stm32f10x_adc.o(i.ADC_GetDualModeConversionValue), (12 bytes).
    Removing stm32f10x_adc.o(i.ADC_GetFlagStatus), (14 bytes).
    Removing stm32f10x_adc.o(i.ADC_GetInjectedConversionValue), (8 bytes).
    Removing stm32f10x_adc.o(i.ADC_GetSoftwareStartConvStatus), (16 bytes).
    Removing stm32f10x_adc.o(i.ADC_GetSoftwareStartInjectedConvCmdStatus), (16 bytes).
    Removing stm32f10x_adc.o(i.ADC_ITConfig), (18 bytes).
    Removing stm32f10x_adc.o(i.ADC_InjectedChannelConfig), (92 bytes).
    Removing stm32f10x_adc.o(i.ADC_InjectedDiscModeCmd), (18 bytes).
    Removing stm32f10x_adc.o(i.ADC_InjectedSequencerLengthConfig), (16 bytes).
    Removing stm32f10x_adc.o(i.ADC_SetInjectedOffset), (4 bytes).
    Removing stm32f10x_adc.o(i.ADC_SoftwareStartInjectedConvCmd), (18 bytes).
    Removing stm32f10x_adc.o(i.ADC_StructInit), (18 bytes).
    Removing stm32f10x_adc.o(i.ADC_TempSensorVrefintCmd), (28 bytes).
    Removing stm32f10x_dma.o(i.DMA_ClearFlag), (20 bytes).
    Removing stm32f10x_dma.o(i.DMA_ClearITPendingBit), (20 bytes).
    Removing stm32f10x_dma.o(i.DMA_Cmd), (20 bytes).
    Removing stm32f10x_dma.o(i.DMA_DeInit), (272 bytes).
    Removing stm32f10x_dma.o(i.DMA_GetCurrDataCounter), (6 bytes).
    Removing stm32f10x_dma.o(i.DMA_GetFlagStatus), (32 bytes).
    Removing stm32f10x_dma.o(i.DMA_GetITStatus), (32 bytes).
    Removing stm32f10x_dma.o(i.DMA_ITConfig), (16 bytes).
    Removing stm32f10x_dma.o(i.DMA_Init), (70 bytes).
    Removing stm32f10x_dma.o(i.DMA_SetCurrDataCounter), (4 bytes).
    Removing stm32f10x_dma.o(i.DMA_StructInit), (26 bytes).
    Removing stm32f10x_flash.o(i.FLASH_ClearFlag), (12 bytes).
    Removing stm32f10x_flash.o(i.FLASH_EnableWriteProtection), (176 bytes).
    Removing stm32f10x_flash.o(i.FLASH_EraseAllBank1Pages), (60 bytes).
    Removing stm32f10x_flash.o(i.FLASH_EraseAllPages), (60 bytes).
    Removing stm32f10x_flash.o(i.FLASH_EraseOptionBytes), (140 bytes).
    Removing stm32f10x_flash.o(i.FLASH_GetBank1Status), (44 bytes).
    Removing stm32f10x_flash.o(i.FLASH_GetFlagStatus), (40 bytes).
    Removing stm32f10x_flash.o(i.FLASH_GetPrefetchBufferStatus), (20 bytes).
    Removing stm32f10x_flash.o(i.FLASH_GetReadOutProtectionStatus), (20 bytes).
    Removing stm32f10x_flash.o(i.FLASH_GetStatus), (44 bytes).
    Removing stm32f10x_flash.o(i.FLASH_GetUserOptionByte), (12 bytes).
    Removing stm32f10x_flash.o(i.FLASH_GetWriteProtectionOptionByte), (12 bytes).
    Removing stm32f10x_flash.o(i.FLASH_HalfCycleAccessCmd), (24 bytes).
    Removing stm32f10x_flash.o(i.FLASH_ITConfig), (24 bytes).
    Removing stm32f10x_flash.o(i.FLASH_LockBank1), (16 bytes).
    Removing stm32f10x_flash.o(i.FLASH_PrefetchBufferCmd), (24 bytes).
    Removing stm32f10x_flash.o(i.FLASH_ProgramOptionByteData), (80 bytes).
    Removing stm32f10x_flash.o(i.FLASH_ProgramWord), (72 bytes).
    Removing stm32f10x_flash.o(i.FLASH_ReadOutProtection), (144 bytes).
    Removing stm32f10x_flash.o(i.FLASH_SetLatency), (20 bytes).
    Removing stm32f10x_flash.o(i.FLASH_UnlockBank1), (24 bytes).
    Removing stm32f10x_flash.o(i.FLASH_UserOptionByteConfig), (96 bytes).
    Removing stm32f10x_flash.o(i.FLASH_WaitForLastBank1Operation), (100 bytes).
    Removing stm32f10x_gpio.o(i.GPIO_AFIODeInit), (22 bytes).
    Removing stm32f10x_gpio.o(i.GPIO_DeInit), (216 bytes).
    Removing stm32f10x_gpio.o(i.GPIO_ETH_MediaInterfaceConfig), (12 bytes).
    Removing stm32f10x_gpio.o(i.GPIO_EXTILineConfig), (40 bytes).
    Removing stm32f10x_gpio.o(i.GPIO_EventOutputCmd), (12 bytes).
    Removing stm32f10x_gpio.o(i.GPIO_EventOutputConfig), (28 bytes).
    Removing stm32f10x_gpio.o(i.GPIO_PinLockConfig), (16 bytes).
    Removing stm32f10x_gpio.o(i.GPIO_PinRemapConfig), (108 bytes).
    Removing stm32f10x_gpio.o(i.GPIO_ReadInputData), (6 bytes).
    Removing stm32f10x_gpio.o(i.GPIO_ReadInputDataBit), (14 bytes).
    Removing stm32f10x_gpio.o(i.GPIO_ReadOutputData), (6 bytes).
    Removing stm32f10x_gpio.o(i.GPIO_ReadOutputDataBit), (14 bytes).
    Removing stm32f10x_gpio.o(i.GPIO_ResetBits), (4 bytes).
    Removing stm32f10x_gpio.o(i.GPIO_SetBits), (4 bytes).
    Removing stm32f10x_gpio.o(i.GPIO_StructInit), (16 bytes).
    Removing stm32f10x_gpio.o(i.GPIO_Write), (4 bytes).
    Removing stm32f10x_gpio.o(i.GPIO_WriteBit), (10 bytes).
    Removing stm32f10x_sdio.o(i.SDIO_CEATAITCmd), (16 bytes).
    Removing stm32f10x_sdio.o(i.SDIO_ClearFlag), (12 bytes).
    Removing stm32f10x_sdio.o(i.SDIO_ClearITPendingBit), (12 bytes).
    Removing stm32f10x_sdio.o(i.SDIO_ClockCmd), (12 bytes).
    Removing stm32f10x_sdio.o(i.SDIO_CmdStructInit), (14 bytes).
    Removing stm32f10x_sdio.o(i.SDIO_CommandCompletionCmd), (12 bytes).
    Removing stm32f10x_sdio.o(i.SDIO_DMACmd), (12 bytes).
    Removing stm32f10x_sdio.o(i.SDIO_DataConfig), (48 bytes).
    Removing stm32f10x_sdio.o(i.SDIO_DataStructInit), (20 bytes).
    Removing stm32f10x_sdio.o(i.SDIO_DeInit), (36 bytes).
    Removing stm32f10x_sdio.o(i.SDIO_GetCommandResponse), (12 bytes).
    Removing stm32f10x_sdio.o(i.SDIO_GetDataCounter), (12 bytes).
    Removing stm32f10x_sdio.o(i.SDIO_GetFIFOCount), (12 bytes).
    Removing stm32f10x_sdio.o(i.SDIO_GetFlagStatus), (20 bytes).
    Removing stm32f10x_sdio.o(i.SDIO_GetITStatus), (20 bytes).
    Removing stm32f10x_sdio.o(i.SDIO_GetPowerState), (16 bytes).
    Removing stm32f10x_sdio.o(i.SDIO_GetResponse), (12 bytes).
    Removing stm32f10x_sdio.o(i.SDIO_ITConfig), (24 bytes).
    Removing stm32f10x_sdio.o(i.SDIO_Init), (56 bytes).
    Removing stm32f10x_sdio.o(i.SDIO_ReadData), (12 bytes).
    Removing stm32f10x_sdio.o(i.SDIO_SendCEATACmd), (12 bytes).
    Removing stm32f10x_sdio.o(i.SDIO_SendCommand), (44 bytes).
    Removing stm32f10x_sdio.o(i.SDIO_SendSDIOSuspendCmd), (12 bytes).
    Removing stm32f10x_sdio.o(i.SDIO_SetPowerState), (24 bytes).
    Removing stm32f10x_sdio.o(i.SDIO_SetSDIOOperation), (12 bytes).
    Removing stm32f10x_sdio.o(i.SDIO_SetSDIOReadWaitMode), (12 bytes).
    Removing stm32f10x_sdio.o(i.SDIO_StartSDIOReadWait), (12 bytes).
    Removing stm32f10x_sdio.o(i.SDIO_StopSDIOReadWait), (12 bytes).
    Removing stm32f10x_sdio.o(i.SDIO_StructInit), (16 bytes).
    Removing stm32f10x_sdio.o(i.SDIO_WriteData), (12 bytes).
    Removing misc.o(i.NVIC_SetVectorTable), (20 bytes).
    Removing misc.o(i.NVIC_SystemLPConfig), (24 bytes).
    Removing misc.o(i.SysTick_CLKSourceConfig), (22 bytes).
    Removing stm32f10x_tim.o(i.TIM_ARRPreloadConfig), (18 bytes).
    Removing stm32f10x_tim.o(i.TIM_BDTRConfig), (44 bytes).
    Removing stm32f10x_tim.o(i.TIM_BDTRStructInit), (18 bytes).
    Removing stm32f10x_tim.o(i.TIM_CCPreloadControl), (18 bytes).
    Removing stm32f10x_tim.o(i.TIM_CCxCmd), (26 bytes).
    Removing stm32f10x_tim.o(i.TIM_CCxNCmd), (26 bytes).
    Removing stm32f10x_tim.o(i.TIM_ClearFlag), (6 bytes).
    Removing stm32f10x_tim.o(i.TIM_ClearOC1Ref), (12 bytes).
    Removing stm32f10x_tim.o(i.TIM_ClearOC2Ref), (14 bytes).
    Removing stm32f10x_tim.o(i.TIM_ClearOC3Ref), (12 bytes).
    Removing stm32f10x_tim.o(i.TIM_ClearOC4Ref), (14 bytes).
    Removing stm32f10x_tim.o(i.TIM_CounterModeConfig), (12 bytes).
    Removing stm32f10x_tim.o(i.TIM_CtrlPWMOutputs), (22 bytes).
    Removing stm32f10x_tim.o(i.TIM_DMACmd), (16 bytes).
    Removing stm32f10x_tim.o(i.TIM_DMAConfig), (8 bytes).
    Removing stm32f10x_tim.o(i.TIM_DeInit), (528 bytes).
    Removing stm32f10x_tim.o(i.TIM_ETRClockMode1Config), (30 bytes).
    Removing stm32f10x_tim.o(i.TIM_ETRClockMode2Config), (30 bytes).
    Removing stm32f10x_tim.o(i.TIM_ETRConfig), (22 bytes).
    Removing stm32f10x_tim.o(i.TIM_EncoderInterfaceConfig), (54 bytes).
    Removing stm32f10x_tim.o(i.TIM_ForcedOC1Config), (12 bytes).
    Removing stm32f10x_tim.o(i.TIM_ForcedOC2Config), (14 bytes).
    Removing stm32f10x_tim.o(i.TIM_ForcedOC3Config), (12 bytes).
    Removing stm32f10x_tim.o(i.TIM_ForcedOC4Config), (14 bytes).
    Removing stm32f10x_tim.o(i.TIM_GenerateEvent), (4 bytes).
    Removing stm32f10x_tim.o(i.TIM_GetCapture2), (4 bytes).
    Removing stm32f10x_tim.o(i.TIM_GetCapture3), (4 bytes).
    Removing stm32f10x_tim.o(i.TIM_GetCapture4), (6 bytes).
    Removing stm32f10x_tim.o(i.TIM_GetCounter), (4 bytes).
    Removing stm32f10x_tim.o(i.TIM_GetFlagStatus), (14 bytes).
    Removing stm32f10x_tim.o(i.TIM_GetITStatus), (26 bytes).
    Removing stm32f10x_tim.o(i.TIM_GetPrescaler), (4 bytes).
    Removing stm32f10x_tim.o(i.TIM_ICInit), (528 bytes).
    Removing stm32f10x_tim.o(i.TIM_ICStructInit), (16 bytes).
    Removing stm32f10x_tim.o(i.TIM_ITRxExternalClockConfig), (20 bytes).
    Removing stm32f10x_tim.o(i.TIM_InternalClockConfig), (10 bytes).
    Removing stm32f10x_tim.o(i.TIM_OC1FastConfig), (12 bytes).
    Removing stm32f10x_tim.o(i.TIM_OC1NPolarityConfig), (12 bytes).
    Removing stm32f10x_tim.o(i.TIM_OC1PolarityConfig), (12 bytes).
    Removing stm32f10x_tim.o(i.TIM_OC2FastConfig), (14 bytes).
    Removing stm32f10x_tim.o(i.TIM_OC2Init), (130 bytes).
    Removing stm32f10x_tim.o(i.TIM_OC2NPolarityConfig), (14 bytes).
    Removing stm32f10x_tim.o(i.TIM_OC2PolarityConfig), (14 bytes).
    Removing stm32f10x_tim.o(i.TIM_OC2PreloadConfig), (14 bytes).
    Removing stm32f10x_tim.o(i.TIM_OC3FastConfig), (12 bytes).
    Removing stm32f10x_tim.o(i.TIM_OC3Init), (128 bytes).
    Removing stm32f10x_tim.o(i.TIM_OC3NPolarityConfig), (14 bytes).
    Removing stm32f10x_tim.o(i.TIM_OC3PolarityConfig), (14 bytes).
    Removing stm32f10x_tim.o(i.TIM_OC3PreloadConfig), (12 bytes).
    Removing stm32f10x_tim.o(i.TIM_OC4FastConfig), (14 bytes).
    Removing stm32f10x_tim.o(i.TIM_OC4Init), (100 bytes).
    Removing stm32f10x_tim.o(i.TIM_OC4PolarityConfig), (14 bytes).
    Removing stm32f10x_tim.o(i.TIM_OC4PreloadConfig), (14 bytes).
    Removing stm32f10x_tim.o(i.TIM_OCStructInit), (20 bytes).
    Removing stm32f10x_tim.o(i.TIM_PWMIConfig), (536 bytes).
    Removing stm32f10x_tim.o(i.TIM_PrescalerConfig), (6 bytes).
    Removing stm32f10x_tim.o(i.TIM_SelectCCDMA), (18 bytes).
    Removing stm32f10x_tim.o(i.TIM_SelectCOM), (18 bytes).
    Removing stm32f10x_tim.o(i.TIM_SelectHallSensor), (18 bytes).
    Removing stm32f10x_tim.o(i.TIM_SelectInputTrigger), (12 bytes).
    Removing stm32f10x_tim.o(i.TIM_SelectMasterSlaveMode), (16 bytes).
    Removing stm32f10x_tim.o(i.TIM_SelectOCxM), (84 bytes).
    Removing stm32f10x_tim.o(i.TIM_SelectOnePulseMode), (16 bytes).
    Removing stm32f10x_tim.o(i.TIM_SelectOutputTrigger), (16 bytes).
    Removing stm32f10x_tim.o(i.TIM_SelectSlaveMode), (16 bytes).
    Removing stm32f10x_tim.o(i.TIM_SetAutoreload), (4 bytes).
    Removing stm32f10x_tim.o(i.TIM_SetClockDivision), (16 bytes).
    Removing stm32f10x_tim.o(i.TIM_SetCompare2), (4 bytes).
    Removing stm32f10x_tim.o(i.TIM_SetCompare3), (4 bytes).
    Removing stm32f10x_tim.o(i.TIM_SetCompare4), (6 bytes).
    Removing stm32f10x_tim.o(i.TIM_SetCounter), (4 bytes).
    Removing stm32f10x_tim.o(i.TIM_SetIC1Prescaler), (16 bytes).
    Removing stm32f10x_tim.o(i.TIM_SetIC2Prescaler), (18 bytes).
    Removing stm32f10x_tim.o(i.TIM_SetIC3Prescaler), (16 bytes).
    Removing stm32f10x_tim.o(i.TIM_SetIC4Prescaler), (18 bytes).
    Removing stm32f10x_tim.o(i.TIM_TIxExternalClockConfig), (244 bytes).
    Removing stm32f10x_tim.o(i.TIM_TimeBaseStructInit), (18 bytes).
    Removing stm32f10x_tim.o(i.TIM_UpdateDisableConfig), (18 bytes).
    Removing stm32f10x_tim.o(i.TIM_UpdateRequestConfig), (18 bytes).
    Removing stm32f10x_fsmc.o(i.FSMC_ClearFlag), (46 bytes).
    Removing stm32f10x_fsmc.o(i.FSMC_ClearITPendingBit), (48 bytes).
    Removing stm32f10x_fsmc.o(i.FSMC_GetECC), (16 bytes).
    Removing stm32f10x_fsmc.o(i.FSMC_GetFlagStatus), (38 bytes).
    Removing stm32f10x_fsmc.o(i.FSMC_GetITStatus), (44 bytes).
    Removing stm32f10x_fsmc.o(i.FSMC_ITConfig), (82 bytes).
    Removing stm32f10x_fsmc.o(i.FSMC_NANDCmd), (56 bytes).
    Removing stm32f10x_fsmc.o(i.FSMC_NANDDeInit), (48 bytes).
    Removing stm32f10x_fsmc.o(i.FSMC_NANDECCCmd), (56 bytes).
    Removing stm32f10x_fsmc.o(i.FSMC_NANDInit), (118 bytes).
    Removing stm32f10x_fsmc.o(i.FSMC_NANDStructInit), (54 bytes).
    Removing stm32f10x_fsmc.o(i.FSMC_NORSRAMCmd), (32 bytes).
    Removing stm32f10x_fsmc.o(i.FSMC_NORSRAMDeInit), (36 bytes).
    Removing stm32f10x_fsmc.o(i.FSMC_NORSRAMInit), (204 bytes).
    Removing stm32f10x_fsmc.o(i.FSMC_NORSRAMStructInit), (136 bytes).
    Removing stm32f10x_fsmc.o(i.FSMC_PCCARDCmd), (32 bytes).
    Removing stm32f10x_fsmc.o(i.FSMC_PCCARDDeInit), (28 bytes).
    Removing stm32f10x_fsmc.o(i.FSMC_PCCARDInit), (120 bytes).
    Removing stm32f10x_fsmc.o(i.FSMC_PCCARDStructInit), (60 bytes).
    Removing stm32f10x_rcc.o(i.RCC_AHBPeriphClockCmd), (24 bytes).
    Removing stm32f10x_rcc.o(i.RCC_APB2PeriphResetCmd), (24 bytes).
    Removing stm32f10x_rcc.o(i.RCC_AdjustHSICalibrationValue), (20 bytes).
    Removing stm32f10x_rcc.o(i.RCC_BackupResetCmd), (12 bytes).
    Removing stm32f10x_rcc.o(i.RCC_ClearITPendingBit), (12 bytes).
    Removing stm32f10x_rcc.o(i.RCC_ClockSecuritySystemCmd), (12 bytes).
    Removing stm32f10x_rcc.o(i.RCC_DeInit), (64 bytes).
    Removing stm32f10x_rcc.o(i.RCC_GetITStatus), (20 bytes).
    Removing stm32f10x_rcc.o(i.RCC_GetSYSCLKSource), (16 bytes).
    Removing stm32f10x_rcc.o(i.RCC_HCLKConfig), (20 bytes).
    Removing stm32f10x_rcc.o(i.RCC_HSEConfig), (56 bytes).
    Removing stm32f10x_rcc.o(i.RCC_HSICmd), (12 bytes).
    Removing stm32f10x_rcc.o(i.RCC_ITConfig), (24 bytes).
    Removing stm32f10x_rcc.o(i.RCC_LSEConfig), (36 bytes).
    Removing stm32f10x_rcc.o(i.RCC_LSICmd), (12 bytes).
    Removing stm32f10x_rcc.o(i.RCC_MCOConfig), (12 bytes).
    Removing stm32f10x_rcc.o(i.RCC_PCLK2Config), (20 bytes).
    Removing stm32f10x_rcc.o(i.RCC_PLLCmd), (12 bytes).
    Removing stm32f10x_rcc.o(i.RCC_PLLConfig), (20 bytes).
    Removing stm32f10x_rcc.o(i.RCC_RTCCLKCmd), (12 bytes).
    Removing stm32f10x_rcc.o(i.RCC_RTCCLKConfig), (16 bytes).
    Removing stm32f10x_rcc.o(i.RCC_SYSCLKConfig), (20 bytes).
    Removing stm32f10x_rcc.o(i.RCC_USBCLKConfig), (12 bytes).
    Removing stm32f10x_rcc.o(i.RCC_WaitForHSEStartUp), (44 bytes).
    Removing stm32f10x_pwr.o(i.PWR_BackupAccessCmd), (12 bytes).
    Removing stm32f10x_pwr.o(i.PWR_ClearFlag), (16 bytes).
    Removing stm32f10x_pwr.o(i.PWR_DeInit), (24 bytes).
    Removing stm32f10x_pwr.o(i.PWR_EnterSTANDBYMode), (40 bytes).
    Removing stm32f10x_pwr.o(i.PWR_EnterSTOPMode), (56 bytes).
    Removing stm32f10x_pwr.o(i.PWR_GetFlagStatus), (20 bytes).
    Removing stm32f10x_pwr.o(i.PWR_PVDCmd), (12 bytes).
    Removing stm32f10x_pwr.o(i.PWR_PVDLevelConfig), (20 bytes).
    Removing stm32f10x_pwr.o(i.PWR_WakeUpPinCmd), (12 bytes).
    Removing stm32f10x_i2c.o(i.I2C_ARPCmd), (18 bytes).
    Removing stm32f10x_i2c.o(i.I2C_CalculatePEC), (18 bytes).
    Removing stm32f10x_i2c.o(i.I2C_DMACmd), (18 bytes).
    Removing stm32f10x_i2c.o(i.I2C_DMALastTransferCmd), (18 bytes).
    Removing stm32f10x_i2c.o(i.I2C_DualAddressCmd), (18 bytes).
    Removing stm32f10x_i2c.o(i.I2C_FastModeDutyCycleConfig), (20 bytes).
    Removing stm32f10x_i2c.o(i.I2C_GeneralCallCmd), (18 bytes).
    Removing stm32f10x_i2c.o(i.I2C_GetITStatus), (36 bytes).
    Removing stm32f10x_i2c.o(i.I2C_GetPEC), (6 bytes).
    Removing stm32f10x_i2c.o(i.I2C_OwnAddress2Config), (16 bytes).
    Removing stm32f10x_i2c.o(i.I2C_PECPositionConfig), (20 bytes).
    Removing stm32f10x_i2c.o(i.I2C_ReadRegister), (4 bytes).
    Removing stm32f10x_i2c.o(i.I2C_SMBusAlertConfig), (20 bytes).
    Removing stm32f10x_i2c.o(i.I2C_SoftwareResetCmd), (18 bytes).
    Removing stm32f10x_i2c.o(i.I2C_StretchClockCmd), (18 bytes).
    Removing stm32f10x_i2c.o(i.I2C_StructInit), (28 bytes).
    Removing stm32f10x_i2c.o(i.I2C_TransmitPEC), (18 bytes).
    Removing stm32f10x_usart.o(i.USART_ClearFlag), (6 bytes).
    Removing stm32f10x_usart.o(i.USART_ClearITPendingBit), (14 bytes).
    Removing stm32f10x_usart.o(i.USART_ClockInit), (36 bytes).
    Removing stm32f10x_usart.o(i.USART_ClockStructInit), (12 bytes).
    Removing stm32f10x_usart.o(i.USART_DMACmd), (16 bytes).
    Removing stm32f10x_usart.o(i.USART_DeInit), (164 bytes).
    Removing stm32f10x_usart.o(i.USART_GetFlagStatus), (14 bytes).
    Removing stm32f10x_usart.o(i.USART_HalfDuplexCmd), (18 bytes).
    Removing stm32f10x_usart.o(i.USART_IrDACmd), (18 bytes).
    Removing stm32f10x_usart.o(i.USART_IrDAConfig), (16 bytes).
    Removing stm32f10x_usart.o(i.USART_LINBreakDetectLengthConfig), (16 bytes).
    Removing stm32f10x_usart.o(i.USART_LINCmd), (18 bytes).
    Removing stm32f10x_usart.o(i.USART_OneBitMethodCmd), (18 bytes).
    Removing stm32f10x_usart.o(i.USART_OverSampling8Cmd), (18 bytes).
    Removing stm32f10x_usart.o(i.USART_ReceiverWakeUpCmd), (18 bytes).
    Removing stm32f10x_usart.o(i.USART_SendBreak), (10 bytes).
    Removing stm32f10x_usart.o(i.USART_SetAddress), (16 bytes).
    Removing stm32f10x_usart.o(i.USART_SetGuardTime), (16 bytes).
    Removing stm32f10x_usart.o(i.USART_SetPrescaler), (16 bytes).
    Removing stm32f10x_usart.o(i.USART_SmartCardCmd), (18 bytes).
    Removing stm32f10x_usart.o(i.USART_SmartCardNACKCmd), (18 bytes).
    Removing stm32f10x_usart.o(i.USART_StructInit), (22 bytes).
    Removing stm32f10x_usart.o(i.USART_WakeUpConfig), (16 bytes).
    Removing system_stm32f10x.o(i.SystemCoreClockUpdate), (112 bytes).
    Removing core_cm3.o(.emb_text), (32 bytes).
    Removing startup_stm32f10x_md.o(HEAP), (512 bytes).

305 unused section(s) (total 12504 bytes) removed from the image.

==============================================================================

Image Symbol Table

    Local Symbols

    Symbol Name                              Value     Ov Type        Size  Object(Section)

    ../../microlib/fpadd.c                   0x00000000   Number         0  fadd.o ABSOLUTE
    ../../microlib/fpadd.c                   0x00000000   Number         0  dadd.o ABSOLUTE
    ../../microlib/fpdiv.c                   0x00000000   Number         0  ddiv.o ABSOLUTE
    ../../microlib/fpepilogue.c              0x00000000   Number         0  depilogue.o ABSOLUTE
    ../../microlib/fpepilogue.c              0x00000000   Number         0  fepilogue.o ABSOLUTE
    ../../microlib/fpfix.c                   0x00000000   Number         0  dfixui.o ABSOLUTE
    ../../microlib/fpfix.c                   0x00000000   Number         0  dfixi.o ABSOLUTE
    ../../microlib/fpfix.c                   0x00000000   Number         0  ffixui.o ABSOLUTE
    ../../microlib/fpfix.c                   0x00000000   Number         0  ffixi.o ABSOLUTE
    ../../microlib/fpflt.c                   0x00000000   Number         0  dflti.o ABSOLUTE
    ../../microlib/fpflt.c                   0x00000000   Number         0  dfltui.o ABSOLUTE
    ../../microlib/fpflt.c                   0x00000000   Number         0  fflti.o ABSOLUTE
    ../../microlib/fpmul.c                   0x00000000   Number         0  fmul.o ABSOLUTE
    ../../microlib/fpmul.c                   0x00000000   Number         0  dmul.o ABSOLUTE
    ../../microlib/init/entry.s              0x00000000   Number         0  entry2.o ABSOLUTE
    ../../microlib/init/entry.s              0x00000000   Number         0  entry.o ABSOLUTE
    ../../microlib/init/entry.s              0x00000000   Number         0  entry7.o ABSOLUTE
    ../../microlib/init/entry.s              0x00000000   Number         0  entry5.o ABSOLUTE
    ../../microlib/longlong.c                0x00000000   Number         0  llsshr.o ABSOLUTE
    ../../microlib/longlong.c                0x00000000   Number         0  llushr.o ABSOLUTE
    ../../microlib/longlong.c                0x00000000   Number         0  llshl.o ABSOLUTE
    ../../microlib/string/memcpy.c           0x00000000   Number         0  memcpyb.o ABSOLUTE
    ../../microlib/string/memcpy.c           0x00000000   Number         0  memcpya.o ABSOLUTE
    ../../microlib/string/strstr.c           0x00000000   Number         0  strstr.o ABSOLUTE
    ../../microlib/stubs.s                   0x00000000   Number         0  iusefp.o ABSOLUTE
    ..\STM32F10x_StdPeriph_Lib_V3.4.0\Libraries\CMSIS\CM3\CoreSupport\core_cm3.c 0x00000000   Number         0  core_cm3.o ABSOLUTE
    ..\STM32F10x_StdPeriph_Lib_V3.4.0\Libraries\CMSIS\CM3\DeviceSupport\ST\STM32F10x\startup\arm\startup_stm32f10x_md.s 0x00000000   Number         0  startup_stm32f10x_md.o ABSOLUTE
    ..\STM32F10x_StdPeriph_Lib_V3.4.0\Libraries\STM32F10x_StdPeriph_Driver\src\misc.c 0x00000000   Number         0  misc.o ABSOLUTE
    ..\STM32F10x_StdPeriph_Lib_V3.4.0\Libraries\STM32F10x_StdPeriph_Driver\src\stm32f10x_adc.c 0x00000000   Number         0  stm32f10x_adc.o ABSOLUTE
    ..\STM32F10x_StdPeriph_Lib_V3.4.0\Libraries\STM32F10x_StdPeriph_Driver\src\stm32f10x_dma.c 0x00000000   Number         0  stm32f10x_dma.o ABSOLUTE
    ..\STM32F10x_StdPeriph_Lib_V3.4.0\Libraries\STM32F10x_StdPeriph_Driver\src\stm32f10x_flash.c 0x00000000   Number         0  stm32f10x_flash.o ABSOLUTE
    ..\STM32F10x_StdPeriph_Lib_V3.4.0\Libraries\STM32F10x_StdPeriph_Driver\src\stm32f10x_fsmc.c 0x00000000   Number         0  stm32f10x_fsmc.o ABSOLUTE
    ..\STM32F10x_StdPeriph_Lib_V3.4.0\Libraries\STM32F10x_StdPeriph_Driver\src\stm32f10x_gpio.c 0x00000000   Number         0  stm32f10x_gpio.o ABSOLUTE
    ..\STM32F10x_StdPeriph_Lib_V3.4.0\Libraries\STM32F10x_StdPeriph_Driver\src\stm32f10x_i2c.c 0x00000000   Number         0  stm32f10x_i2c.o ABSOLUTE
    ..\STM32F10x_StdPeriph_Lib_V3.4.0\Libraries\STM32F10x_StdPeriph_Driver\src\stm32f10x_pwr.c 0x00000000   Number         0  stm32f10x_pwr.o ABSOLUTE
    ..\STM32F10x_StdPeriph_Lib_V3.4.0\Libraries\STM32F10x_StdPeriph_Driver\src\stm32f10x_rcc.c 0x00000000   Number         0  stm32f10x_rcc.o ABSOLUTE
    ..\STM32F10x_StdPeriph_Lib_V3.4.0\Libraries\STM32F10x_StdPeriph_Driver\src\stm32f10x_sdio.c 0x00000000   Number         0  stm32f10x_sdio.o ABSOLUTE
    ..\STM32F10x_StdPeriph_Lib_V3.4.0\Libraries\STM32F10x_StdPeriph_Driver\src\stm32f10x_tim.c 0x00000000   Number         0  stm32f10x_tim.o ABSOLUTE
    ..\STM32F10x_StdPeriph_Lib_V3.4.0\Libraries\STM32F10x_StdPeriph_Driver\src\stm32f10x_usart.c 0x00000000   Number         0  stm32f10x_usart.o ABSOLUTE
    ..\\STM32F10x_StdPeriph_Lib_V3.4.0\\Libraries\\CMSIS\\CM3\\CoreSupport\\core_cm3.c 0x00000000   Number         0  core_cm3.o ABSOLUTE
    dc.s                                     0x00000000   Number         0  dc.o ABSOLUTE
    handlers.s                               0x00000000   Number         0  handlers.o ABSOLUTE
    init.s                                   0x00000000   Number         0  init.o ABSOLUTE
    src\ADC.c                                0x00000000   Number         0  adc.o ABSOLUTE
    src\GPIO.c                               0x00000000   Number         0  gpio.o ABSOLUTE
    src\I2C.c                                0x00000000   Number         0  i2c.o ABSOLUTE
    src\TIM.c                                0x00000000   Number         0  tim.o ABSOLUTE
    src\UART.c                               0x00000000   Number         0  uart.o ABSOLUTE
    src\eeprom.c                             0x00000000   Number         0  eeprom.o ABSOLUTE
    src\main.c                               0x00000000   Number         0  main.o ABSOLUTE
    src\mixer.c                              0x00000000   Number         0  mixer.o ABSOLUTE
    src\rcdsl.c                              0x00000000   Number         0  rcdsl.o ABSOLUTE
    src\stm32f10x_it.c                       0x00000000   Number         0  stm32f10x_it.o ABSOLUTE
    system_stm32f10x.c                       0x00000000   Number         0  system_stm32f10x.o ABSOLUTE
    RESET                                    0x08000000   Section      236  startup_stm32f10x_md.o(RESET)
    .ARM.Collect$$$$00000000                 0x080000ec   Section        0  entry.o(.ARM.Collect$$$$00000000)
    .ARM.Collect$$$$00000001                 0x080000ec   Section        4  entry2.o(.ARM.Collect$$$$00000001)
    .ARM.Collect$$$$00000004                 0x080000f0   Section        4  entry5.o(.ARM.Collect$$$$00000004)
    .ARM.Collect$$$$00000007                 0x080000f4   Section        8  entry7.o(.ARM.Collect$$$$00000007)
    .ARM.Collect$$$$00002712                 0x080000fc   Section        4  entry2.o(.ARM.Collect$$$$00002712)
    __lit__00000000                          0x080000fc   Data           4  entry2.o(.ARM.Collect$$$$00002712)
    .text                                    0x08000100   Section       36  startup_stm32f10x_md.o(.text)
    .text                                    0x08000124   Section        0  memcpya.o(.text)
    .text                                    0x08000148   Section        0  strstr.o(.text)
    .text                                    0x08000174   Section        0  fadd.o(.text)
    .text                                    0x08000224   Section        0  fmul.o(.text)
    .text                                    0x08000290   Section        0  dadd.o(.text)
    .text                                    0x080003da   Section        0  dmul.o(.text)
    .text                                    0x080004bc   Section        0  ddiv.o(.text)
    .text                                    0x0800059a   Section        0  fflti.o(.text)
    .text                                    0x080005ac   Section        0  dflti.o(.text)
    .text                                    0x080005ce   Section        0  dfltui.o(.text)
    .text                                    0x080005e8   Section        0  ffixi.o(.text)
    .text                                    0x0800061a   Section        0  ffixui.o(.text)
    .text                                    0x08000642   Section        0  dfixi.o(.text)
    .text                                    0x08000680   Section        0  dfixui.o(.text)
    .text                                    0x080006ae   Section        0  llshl.o(.text)
    .text                                    0x080006cc   Section        0  llushr.o(.text)
    .text                                    0x080006ec   Section        0  llsshr.o(.text)
    .text                                    0x08000710   Section        0  fepilogue.o(.text)
    .text                                    0x08000710   Section        0  iusefp.o(.text)
    .text                                    0x08000780   Section        0  depilogue.o(.text)
    .text                                    0x08000844   Section       36  init.o(.text)
    i.ADC1_2_IRQHandler                      0x08000868   Section        0  stm32f10x_it.o(i.ADC1_2_IRQHandler)
    i.ADC1_Configuration                     0x080008ac   Section        0  adc.o(i.ADC1_Configuration)
    i.ADC_ClearITPendingBit                  0x08000918   Section        0  stm32f10x_adc.o(i.ADC_ClearITPendingBit)
    i.ADC_Cmd                                0x08000920   Section        0  stm32f10x_adc.o(i.ADC_Cmd)
    i.ADC_GetCalibrationStatus               0x08000932   Section        0  stm32f10x_adc.o(i.ADC_GetCalibrationStatus)
    i.ADC_GetConversionValue                 0x08000942   Section        0  stm32f10x_adc.o(i.ADC_GetConversionValue)
    i.ADC_GetITStatus                        0x08000948   Section        0  stm32f10x_adc.o(i.ADC_GetITStatus)
    i.ADC_GetResetCalibrationStatus          0x08000968   Section        0  stm32f10x_adc.o(i.ADC_GetResetCalibrationStatus)
    i.ADC_Init                               0x08000978   Section        0  stm32f10x_adc.o(i.ADC_Init)
    i.ADC_RegularChannelConfig               0x080009c4   Section        0  stm32f10x_adc.o(i.ADC_RegularChannelConfig)
    i.ADC_ResetCalibration                   0x08000a5a   Section        0  stm32f10x_adc.o(i.ADC_ResetCalibration)
    i.ADC_SoftwareStartConvCmd               0x08000a64   Section        0  stm32f10x_adc.o(i.ADC_SoftwareStartConvCmd)
    i.ADC_StartCalibration                   0x08000a76   Section        0  stm32f10x_adc.o(i.ADC_StartCalibration)
    i.BusFault_Handler                       0x08000a80   Section        0  stm32f10x_it.o(i.BusFault_Handler)
    i.CalibrateRC                            0x08000a84   Section        0  main.o(i.CalibrateRC)
    i.DebugMon_Handler                       0x08000b40   Section        0  stm32f10x_it.o(i.DebugMon_Handler)
    i.EE_Init                                0x08000b44   Section        0  eeprom.o(i.EE_Init)
    i.EE_ReadVariable                        0x08000d48   Section        0  eeprom.o(i.EE_ReadVariable)
    i.EE_VerifyPageFullWriteVariable         0x08000dd0   Section        0  eeprom.o(i.EE_VerifyPageFullWriteVariable)
    EE_VerifyPageFullWriteVariable           0x08000dd1   Thumb Code   100  eeprom.o(i.EE_VerifyPageFullWriteVariable)
    i.EE_WriteVariable                       0x08000e3c   Section        0  eeprom.o(i.EE_WriteVariable)
    i.FLASH_ErasePage                        0x08000ef4   Section        0  stm32f10x_flash.o(i.FLASH_ErasePage)
    i.FLASH_Lock                             0x08000f34   Section        0  stm32f10x_flash.o(i.FLASH_Lock)
    i.FLASH_ProgramHalfWord                  0x08000f44   Section        0  stm32f10x_flash.o(i.FLASH_ProgramHalfWord)
    i.FLASH_Unlock                           0x08000f7c   Section        0  stm32f10x_flash.o(i.FLASH_Unlock)
    i.FLASH_WaitForLastOperation             0x08000f94   Section        0  stm32f10x_flash.o(i.FLASH_WaitForLastOperation)
    i.GPIO_Configuration                     0x08000ff8   Section        0  gpio.o(i.GPIO_Configuration)
    i.GPIO_Init                              0x080010dc   Section        0  stm32f10x_gpio.o(i.GPIO_Init)
    i.GUI_com                                0x08001188   Section        0  uart.o(i.GUI_com)
    i.GUI_receive                            0x08001400   Section        0  uart.o(i.GUI_receive)
    i.HardFault_Handler                      0x08001474   Section        0  stm32f10x_it.o(i.HardFault_Handler)
    i.I2C1_ER_IRQHandler                     0x08001478   Section        0  stm32f10x_it.o(i.I2C1_ER_IRQHandler)
    i.I2C1_EV_IRQHandler                     0x08001488   Section        0  stm32f10x_it.o(i.I2C1_EV_IRQHandler)
    i.I2C2_Configuration                     0x0800156c   Section        0  i2c.o(i.I2C2_Configuration)
    i.I2C2_EV_IRQHandler                     0x080015c4   Section        0  stm32f10x_it.o(i.I2C2_EV_IRQHandler)
    i.I2C_AcknowledgeConfig                  0x080016a0   Section        0  stm32f10x_i2c.o(i.I2C_AcknowledgeConfig)
    i.I2C_CheckEvent                         0x080016b2   Section        0  stm32f10x_i2c.o(i.I2C_CheckEvent)
    i.I2C_ClearFlag                          0x080016cc   Section        0  stm32f10x_i2c.o(i.I2C_ClearFlag)
    i.I2C_ClearITPendingBit                  0x080016d2   Section        0  stm32f10x_i2c.o(i.I2C_ClearITPendingBit)
    i.I2C_Cmd                                0x080016d8   Section        0  stm32f10x_i2c.o(i.I2C_Cmd)
    i.I2C_Configuration                      0x080016ec   Section        0  i2c.o(i.I2C_Configuration)
    i.I2C_DeInit                             0x08001738   Section        0  stm32f10x_i2c.o(i.I2C_DeInit)
    i.I2C_GenerateSTART                      0x08001772   Section        0  stm32f10x_i2c.o(i.I2C_GenerateSTART)
    i.I2C_GenerateSTOP                       0x08001784   Section        0  stm32f10x_i2c.o(i.I2C_GenerateSTOP)
    i.I2C_GetFlagStatus                      0x08001796   Section        0  stm32f10x_i2c.o(i.I2C_GetFlagStatus)
    i.I2C_GetLastEvent                       0x080017b2   Section        0  stm32f10x_i2c.o(i.I2C_GetLastEvent)
    i.I2C_ITConfig                           0x080017c0   Section        0  stm32f10x_i2c.o(i.I2C_ITConfig)
    i.I2C_Init                               0x080017d0   Section        0  stm32f10x_i2c.o(i.I2C_Init)
    i.I2C_ReceiveData                        0x08001894   Section        0  stm32f10x_i2c.o(i.I2C_ReceiveData)
    i.I2C_Send7bitAddress                    0x0800189a   Section        0  stm32f10x_i2c.o(i.I2C_Send7bitAddress)
    i.I2C_SendData                           0x080018aa   Section        0  stm32f10x_i2c.o(i.I2C_SendData)
    i.MemManage_Handler                      0x080018ae   Section        0  stm32f10x_it.o(i.MemManage_Handler)
    i.NMI_Handler                            0x080018b0   Section        0  stm32f10x_it.o(i.NMI_Handler)
    i.NVIC_Init                              0x080018b2   Section        0  misc.o(i.NVIC_Init)
    i.NVIC_PriorityGroupConfig               0x0800191c   Section        0  misc.o(i.NVIC_PriorityGroupConfig)
    i.PendSV_Handler                         0x08001930   Section        0  stm32f10x_it.o(i.PendSV_Handler)
    i.QuadC_LEDOff                           0x08001934   Section        0  gpio.o(i.QuadC_LEDOff)
    i.QuadC_LEDOn                            0x0800194c   Section        0  gpio.o(i.QuadC_LEDOn)
    i.QuadC_LEDToggle                        0x08001964   Section        0  gpio.o(i.QuadC_LEDToggle)
    i.RCC_ADCCLKConfig                       0x08001980   Section        0  stm32f10x_rcc.o(i.RCC_ADCCLKConfig)
    i.RCC_APB1PeriphClockCmd                 0x08001994   Section        0  stm32f10x_rcc.o(i.RCC_APB1PeriphClockCmd)
    i.RCC_APB1PeriphResetCmd                 0x080019ac   Section        0  stm32f10x_rcc.o(i.RCC_APB1PeriphResetCmd)
    i.RCC_APB2PeriphClockCmd                 0x080019c4   Section        0  stm32f10x_rcc.o(i.RCC_APB2PeriphClockCmd)
    i.RCC_ClearFlag                          0x080019dc   Section        0  stm32f10x_rcc.o(i.RCC_ClearFlag)
    i.RCC_GetClocksFreq                      0x080019ec   Section        0  stm32f10x_rcc.o(i.RCC_GetClocksFreq)
    i.RCC_GetFlagStatus                      0x08001a9c   Section        0  stm32f10x_rcc.o(i.RCC_GetFlagStatus)
    i.RCC_PCLK1Config                        0x08001acc   Section        0  stm32f10x_rcc.o(i.RCC_PCLK1Config)
    i.RTCAlarm_IRQHandler                    0x08001ae0   Section        0  stm32f10x_it.o(i.RTCAlarm_IRQHandler)
    i.RTC_IRQHandler                         0x08001ae2   Section        0  stm32f10x_it.o(i.RTC_IRQHandler)
    i.SVC_Handler                            0x08001ae4   Section        0  stm32f10x_it.o(i.SVC_Handler)
    i.SysTick_Handler                        0x08001ae8   Section        0  stm32f10x_it.o(i.SysTick_Handler)
    i.SystemInit                             0x08001b68   Section        0  system_stm32f10x.o(i.SystemInit)
    i.TIM1_CC_IRQHandler                     0x08001c38   Section        0  stm32f10x_it.o(i.TIM1_CC_IRQHandler)
    i.TIM1_TRG_COM_IRQHandler                0x08001c3a   Section        0  stm32f10x_it.o(i.TIM1_TRG_COM_IRQHandler)
    i.TIM2_IRQHandler                        0x08001c3c   Section        0  stm32f10x_it.o(i.TIM2_IRQHandler)
    i.TIM3_Configuration                     0x08001c40   Section        0  tim.o(i.TIM3_Configuration)
    i.TIM3_IRQHandler                        0x08001ca8   Section        0  stm32f10x_it.o(i.TIM3_IRQHandler)
    i.TIM_ClearITPendingBit                  0x08001ce0   Section        0  stm32f10x_tim.o(i.TIM_ClearITPendingBit)
    i.TIM_Cmd                                0x08001ce6   Section        0  stm32f10x_tim.o(i.TIM_Cmd)
    i.TIM_GetCapture1                        0x08001cf8   Section        0  stm32f10x_tim.o(i.TIM_GetCapture1)
    i.TIM_ITConfig                           0x08001cfc   Section        0  stm32f10x_tim.o(i.TIM_ITConfig)
    i.TIM_OC1Init                            0x08001d0c   Section        0  stm32f10x_tim.o(i.TIM_OC1Init)
    i.TIM_OC1PreloadConfig                   0x08001d90   Section        0  stm32f10x_tim.o(i.TIM_OC1PreloadConfig)
    i.TIM_SetCompare1                        0x08001d9c   Section        0  stm32f10x_tim.o(i.TIM_SetCompare1)
    i.TIM_TimeBaseInit                       0x08001da0   Section        0  stm32f10x_tim.o(i.TIM_TimeBaseInit)
    i.TimingDelay_Decrement                  0x08001e3c   Section        0  main.o(i.TimingDelay_Decrement)
    i.USART1_IRQHandler                      0x08001e54   Section        0  stm32f10x_it.o(i.USART1_IRQHandler)
    i.USART2_IRQHandler                      0x08001ec4   Section        0  stm32f10x_it.o(i.USART2_IRQHandler)
    i.USART_Cmd                              0x08001edc   Section        0  stm32f10x_usart.o(i.USART_Cmd)
    i.USART_Configuration                    0x08001ef0   Section        0  uart.o(i.USART_Configuration)
    i.USART_GetITStatus                      0x08001f38   Section        0  stm32f10x_usart.o(i.USART_GetITStatus)
    i.USART_ITConfig                         0x08001f86   Section        0  stm32f10x_usart.o(i.USART_ITConfig)
    i.USART_Init                             0x08001fb8   Section        0  stm32f10x_usart.o(i.USART_Init)
    i.USART_RC_Config                        0x0800206c   Section        0  uart.o(i.USART_RC_Config)
    i.USART_ReceiveData                      0x080020b4   Section        0  stm32f10x_usart.o(i.USART_ReceiveData)
    i.USART_SendData                         0x080020bc   Section        0  stm32f10x_usart.o(i.USART_SendData)
    i.USB_LP_CAN1_RX0_IRQHandler             0x080020c4   Section        0  stm32f10x_it.o(i.USB_LP_CAN1_RX0_IRQHandler)
    i.UsageFault_Handler                     0x080020c6   Section        0  stm32f10x_it.o(i.UsageFault_Handler)
    i.__scatterload_copy                     0x080020c8   Section       14  handlers.o(i.__scatterload_copy)
    i.__scatterload_null                     0x080020d6   Section        2  handlers.o(i.__scatterload_null)
    i.__scatterload_zeroinit                 0x080020d8   Section       14  handlers.o(i.__scatterload_zeroinit)
    i.levelcontroller                        0x080020e8   Section        0  mixer.o(i.levelcontroller)
    i.main                                   0x080021bc   Section        0  main.o(i.main)
    i.mixer                                  0x08002488   Section        0  mixer.o(i.mixer)
    i.mode_flight                            0x0800265c   Section        0  mixer.o(i.mode_flight)
    i.rcdsl_parse_data                       0x080027b8   Section        0  rcdsl.o(i.rcdsl_parse_data)
    i.readmem                                0x080028a4   Section        0  i2c.o(i.readmem)
    .constdata                               0x0800299c   Section        6  gpio.o(.constdata)
    .data                                    0x20000000   Section        2  eeprom.o(.data)
    .data                                    0x20000004   Section       12  gpio.o(.data)
    .data                                    0x20000010   Section        1  main.o(.data)
    .data                                    0x20000011   Section        4  main.o(.data)
    .data                                    0x20000018   Section       24  main.o(.data)
    TimingDelay                              0x2000002c   Data           4  main.o(.data)
    .data                                    0x20000030   Section        8  main.o(.data)
    .data                                    0x20000038   Section        1  main.o(.data)
    .data                                    0x20000039   Section        1  main.o(.data)
    .data                                    0x2000003c   Section       12  stm32f10x_it.o(.data)
    transmitting                             0x2000003e   Data           1  stm32f10x_it.o(.data)
    count                                    0x2000003f   Data           1  stm32f10x_it.o(.data)
    buffer                                   0x20000044   Data           4  stm32f10x_it.o(.data)
    .data                                    0x20000048   Section       14  rcdsl.o(.data)
    servos                                   0x2000004c   Data           4  rcdsl.o(.data)
    .data                                    0x20000058   Section      104  mixer.o(.data)
    .data                                    0x200000c0   Section       12  uart.o(.data)
    rx_count                                 0x200000c5   Data           1  uart.o(.data)
    .data                                    0x200000cc   Section       20  stm32f10x_rcc.o(.data)
    ADCPrescTable                            0x200000cc   Data           4  stm32f10x_rcc.o(.data)
    APBAHBPrescTable                         0x200000d0   Data          16  stm32f10x_rcc.o(.data)
    .data                                    0x200000e0   Section       20  system_stm32f10x.o(.data)
    .bss                                     0x200000f4   Section       46  main.o(.bss)
    .bss                                     0x20000124   Section       16  mixer.o(.bss)
    .bss                                     0x20000134   Section      105  uart.o(.bss)
    STACK                                    0x200001a0   Section     1024  startup_stm32f10x_md.o(STACK)

    Global Symbols

    Symbol Name                              Value     Ov Type        Size  Object(Section)

    BuildAttributes$$THM_ISAv4$P$D$K$B$S$PE$A:L22UL41UL21$X:L11$S22US41US21$IEEE1$IW$USESV6$~STKCKD$USESV7$~SHL$OTIME$ROPI$EBA8$MICROLIB$REQ8$PRES8$EABIv2 0x00000000   Number         0  anon$$obj.o ABSOLUTE
    __ARM_use_no_argv                        0x00000000   Number         0  main.o ABSOLUTE
    __decompress                              - Undefined Weak Reference
    __Vectors_Size                           0x000000ec   Number         0  startup_stm32f10x_md.o ABSOLUTE
    __Vectors                                0x08000000   Data           4  startup_stm32f10x_md.o(RESET)
    __Vectors_End                            0x080000ec   Data           0  startup_stm32f10x_md.o(RESET)
    __main                                   0x080000ed   Thumb Code     0  entry.o(.ARM.Collect$$$$00000000)
    _main_stk                                0x080000ed   Thumb Code     0  entry2.o(.ARM.Collect$$$$00000001)
    _main_scatterload                        0x080000f1   Thumb Code     0  entry5.o(.ARM.Collect$$$$00000004)
    __main_after_scatterload                 0x080000f5   Thumb Code     0  entry5.o(.ARM.Collect$$$$00000004)
    _main_init                               0x080000f5   Thumb Code     0  entry7.o(.ARM.Collect$$$$00000007)
    Reset_Handler                            0x08000101   Thumb Code     8  startup_stm32f10x_md.o(.text)
    CAN1_RX1_IRQHandler                      0x0800011b   Thumb Code     0  startup_stm32f10x_md.o(.text)
    CAN1_SCE_IRQHandler                      0x0800011b   Thumb Code     0  startup_stm32f10x_md.o(.text)
    DMA1_Channel1_IRQHandler                 0x0800011b   Thumb Code     0  startup_stm32f10x_md.o(.text)
    DMA1_Channel2_IRQHandler                 0x0800011b   Thumb Code     0  startup_stm32f10x_md.o(.text)
    DMA1_Channel3_IRQHandler                 0x0800011b   Thumb Code     0  startup_stm32f10x_md.o(.text)
    DMA1_Channel4_IRQHandler                 0x0800011b   Thumb Code     0  startup_stm32f10x_md.o(.text)
    DMA1_Channel5_IRQHandler                 0x0800011b   Thumb Code     0  startup_stm32f10x_md.o(.text)
    DMA1_Channel6_IRQHandler                 0x0800011b   Thumb Code     0  startup_stm32f10x_md.o(.text)
    DMA1_Channel7_IRQHandler                 0x0800011b   Thumb Code     0  startup_stm32f10x_md.o(.text)
    EXTI0_IRQHandler                         0x0800011b   Thumb Code     0  startup_stm32f10x_md.o(.text)
    EXTI15_10_IRQHandler                     0x0800011b   Thumb Code     0  startup_stm32f10x_md.o(.text)
    EXTI1_IRQHandler                         0x0800011b   Thumb Code     0  startup_stm32f10x_md.o(.text)
    EXTI2_IRQHandler                         0x0800011b   Thumb Code     0  startup_stm32f10x_md.o(.text)
    EXTI3_IRQHandler                         0x0800011b   Thumb Code     0  startup_stm32f10x_md.o(.text)
    EXTI4_IRQHandler                         0x0800011b   Thumb Code     0  startup_stm32f10x_md.o(.text)
    EXTI9_5_IRQHandler                       0x0800011b   Thumb Code     0  startup_stm32f10x_md.o(.text)
    FLASH_IRQHandler                         0x0800011b   Thumb Code     0  startup_stm32f10x_md.o(.text)
    I2C2_ER_IRQHandler                       0x0800011b   Thumb Code     0  startup_stm32f10x_md.o(.text)
    PVD_IRQHandler                           0x0800011b   Thumb Code     0  startup_stm32f10x_md.o(.text)
    RCC_IRQHandler                           0x0800011b   Thumb Code     0  startup_stm32f10x_md.o(.text)
    SPI1_IRQHandler                          0x0800011b   Thumb Code     0  startup_stm32f10x_md.o(.text)
    SPI2_IRQHandler                          0x0800011b   Thumb Code     0  startup_stm32f10x_md.o(.text)
    TAMPER_IRQHandler                        0x0800011b   Thumb Code     0  startup_stm32f10x_md.o(.text)
    TIM1_BRK_IRQHandler                      0x0800011b   Thumb Code     0  startup_stm32f10x_md.o(.text)
    TIM1_UP_IRQHandler                       0x0800011b   Thumb Code     0  startup_stm32f10x_md.o(.text)
    TIM4_IRQHandler                          0x0800011b   Thumb Code     0  startup_stm32f10x_md.o(.text)
    USART3_IRQHandler                        0x0800011b   Thumb Code     0  startup_stm32f10x_md.o(.text)
    USBWakeUp_IRQHandler                     0x0800011b   Thumb Code     0  startup_stm32f10x_md.o(.text)
    USB_HP_CAN1_TX_IRQHandler                0x0800011b   Thumb Code     0  startup_stm32f10x_md.o(.text)
    WWDG_IRQHandler                          0x0800011b   Thumb Code     0  startup_stm32f10x_md.o(.text)
    __aeabi_memcpy                           0x08000125   Thumb Code    36  memcpya.o(.text)
    __aeabi_memcpy4                          0x08000125   Thumb Code     0  memcpya.o(.text)
    __aeabi_memcpy8                          0x08000125   Thumb Code     0  memcpya.o(.text)
    strstr                                   0x08000149   Thumb Code    44  strstr.o(.text)
    __aeabi_fadd                             0x08000175   Thumb Code   164  fadd.o(.text)
    __aeabi_fsub                             0x08000219   Thumb Code     6  fadd.o(.text)
    __aeabi_frsub                            0x0800021f   Thumb Code     6  fadd.o(.text)
    __aeabi_fmul                             0x08000225   Thumb Code   108  fmul.o(.text)
    __aeabi_dadd                             0x08000291   Thumb Code   318  dadd.o(.text)
    __aeabi_dsub                             0x080003cf   Thumb Code     6  dadd.o(.text)
    __aeabi_drsub                            0x080003d5   Thumb Code     6  dadd.o(.text)
    __aeabi_dmul                             0x080003db   Thumb Code   226  dmul.o(.text)
    __aeabi_ddiv                             0x080004bd   Thumb Code   222  ddiv.o(.text)
    __aeabi_i2f                              0x0800059b   Thumb Code    18  fflti.o(.text)
    __aeabi_i2d                              0x080005ad   Thumb Code    34  dflti.o(.text)
    __aeabi_ui2d                             0x080005cf   Thumb Code    26  dfltui.o(.text)
    __aeabi_f2iz                             0x080005e9   Thumb Code    50  ffixi.o(.text)
    __aeabi_f2uiz                            0x0800061b   Thumb Code    40  ffixui.o(.text)
    __aeabi_d2iz                             0x08000643   Thumb Code    62  dfixi.o(.text)
    __aeabi_d2uiz                            0x08000681   Thumb Code    46  dfixui.o(.text)
    __aeabi_llsl                             0x080006af   Thumb Code    30  llshl.o(.text)
    _ll_shift_l                              0x080006af   Thumb Code     0  llshl.o(.text)
    __aeabi_llsr                             0x080006cd   Thumb Code    32  llushr.o(.text)
    _ll_ushift_r                             0x080006cd   Thumb Code     0  llushr.o(.text)
    __aeabi_lasr                             0x080006ed   Thumb Code    36  llsshr.o(.text)
    _ll_sshift_r                             0x080006ed   Thumb Code     0  llsshr.o(.text)
    __I$use$fp                               0x08000711   Thumb Code     0  iusefp.o(.text)
    _float_round                             0x08000711   Thumb Code    18  fepilogue.o(.text)
    _float_epilogue                          0x08000723   Thumb Code    94  fepilogue.o(.text)
    _double_round                            0x08000781   Thumb Code    26  depilogue.o(.text)
    _double_epilogue                         0x0800079b   Thumb Code   168  depilogue.o(.text)
    __scatterload                            0x08000845   Thumb Code    28  init.o(.text)
    __scatterload_rt2                        0x08000845   Thumb Code     0  init.o(.text)
    ADC1_2_IRQHandler                        0x08000869   Thumb Code    58  stm32f10x_it.o(i.ADC1_2_IRQHandler)
    ADC1_Configuration                       0x080008ad   Thumb Code   104  adc.o(i.ADC1_Configuration)
    ADC_ClearITPendingBit                    0x08000919   Thumb Code     8  stm32f10x_adc.o(i.ADC_ClearITPendingBit)
    ADC_Cmd                                  0x08000921   Thumb Code    18  stm32f10x_adc.o(i.ADC_Cmd)
    ADC_GetCalibrationStatus                 0x08000933   Thumb Code    16  stm32f10x_adc.o(i.ADC_GetCalibrationStatus)
    ADC_GetConversionValue                   0x08000943   Thumb Code     6  stm32f10x_adc.o(i.ADC_GetConversionValue)
    ADC_GetITStatus                          0x08000949   Thumb Code    32  stm32f10x_adc.o(i.ADC_GetITStatus)
    ADC_GetResetCalibrationStatus            0x08000969   Thumb Code    16  stm32f10x_adc.o(i.ADC_GetResetCalibrationStatus)
    ADC_Init                                 0x08000979   Thumb Code    72  stm32f10x_adc.o(i.ADC_Init)
    ADC_RegularChannelConfig                 0x080009c5   Thumb Code   150  stm32f10x_adc.o(i.ADC_RegularChannelConfig)
    ADC_ResetCalibration                     0x08000a5b   Thumb Code    10  stm32f10x_adc.o(i.ADC_ResetCalibration)
    ADC_SoftwareStartConvCmd                 0x08000a65   Thumb Code    18  stm32f10x_adc.o(i.ADC_SoftwareStartConvCmd)
    ADC_StartCalibration                     0x08000a77   Thumb Code    10  stm32f10x_adc.o(i.ADC_StartCalibration)
    BusFault_Handler                         0x08000a81   Thumb Code     2  stm32f10x_it.o(i.BusFault_Handler)
    CalibrateRC                              0x08000a85   Thumb Code   170  main.o(i.CalibrateRC)
    DebugMon_Handler                         0x08000b41   Thumb Code     2  stm32f10x_it.o(i.DebugMon_Handler)
    EE_Init                                  0x08000b45   Thumb Code   500  eeprom.o(i.EE_Init)
    EE_ReadVariable                          0x08000d49   Thumb Code   128  eeprom.o(i.EE_ReadVariable)
    EE_WriteVariable                         0x08000e3d   Thumb Code   168  eeprom.o(i.EE_WriteVariable)
    FLASH_ErasePage                          0x08000ef5   Thumb Code    58  stm32f10x_flash.o(i.FLASH_ErasePage)
    FLASH_Lock                               0x08000f35   Thumb Code    12  stm32f10x_flash.o(i.FLASH_Lock)
    FLASH_ProgramHalfWord                    0x08000f45   Thumb Code    52  stm32f10x_flash.o(i.FLASH_ProgramHalfWord)
    FLASH_Unlock                             0x08000f7d   Thumb Code    12  stm32f10x_flash.o(i.FLASH_Unlock)
    FLASH_WaitForLastOperation               0x08000f95   Thumb Code    94  stm32f10x_flash.o(i.FLASH_WaitForLastOperation)
    GPIO_Configuration                       0x08000ff9   Thumb Code   218  gpio.o(i.GPIO_Configuration)
    GPIO_Init                                0x080010dd   Thumb Code   170  stm32f10x_gpio.o(i.GPIO_Init)
    GUI_com                                  0x08001189   Thumb Code   532  uart.o(i.GUI_com)
    GUI_receive                              0x08001401   Thumb Code    88  uart.o(i.GUI_receive)
    HardFault_Handler                        0x08001475   Thumb Code     2  stm32f10x_it.o(i.HardFault_Handler)
    I2C1_ER_IRQHandler                       0x08001479   Thumb Code    10  stm32f10x_it.o(i.I2C1_ER_IRQHandler)
    I2C1_EV_IRQHandler                       0x08001489   Thumb Code   212  stm32f10x_it.o(i.I2C1_EV_IRQHandler)
    I2C2_Configuration                       0x0800156d   Thumb Code    78  i2c.o(i.I2C2_Configuration)
    I2C2_EV_IRQHandler                       0x080015c5   Thumb Code   208  stm32f10x_it.o(i.I2C2_EV_IRQHandler)
    I2C_AcknowledgeConfig                    0x080016a1   Thumb Code    18  stm32f10x_i2c.o(i.I2C_AcknowledgeConfig)
    I2C_CheckEvent                           0x080016b3   Thumb Code    26  stm32f10x_i2c.o(i.I2C_CheckEvent)
    I2C_ClearFlag                            0x080016cd   Thumb Code     6  stm32f10x_i2c.o(i.I2C_ClearFlag)
    I2C_ClearITPendingBit                    0x080016d3   Thumb Code     6  stm32f10x_i2c.o(i.I2C_ClearITPendingBit)
    I2C_Cmd                                  0x080016d9   Thumb Code    18  stm32f10x_i2c.o(i.I2C_Cmd)
    I2C_Configuration                        0x080016ed   Thumb Code    70  i2c.o(i.I2C_Configuration)
    I2C_DeInit                               0x08001739   Thumb Code    58  stm32f10x_i2c.o(i.I2C_DeInit)
    I2C_GenerateSTART                        0x08001773   Thumb Code    18  stm32f10x_i2c.o(i.I2C_GenerateSTART)
    I2C_GenerateSTOP                         0x08001785   Thumb Code    18  stm32f10x_i2c.o(i.I2C_GenerateSTOP)
    I2C_GetFlagStatus                        0x08001797   Thumb Code    28  stm32f10x_i2c.o(i.I2C_GetFlagStatus)
    I2C_GetLastEvent                         0x080017b3   Thumb Code    14  stm32f10x_i2c.o(i.I2C_GetLastEvent)
    I2C_ITConfig                             0x080017c1   Thumb Code    16  stm32f10x_i2c.o(i.I2C_ITConfig)
    I2C_Init                                 0x080017d1   Thumb Code   188  stm32f10x_i2c.o(i.I2C_Init)
    I2C_ReceiveData                          0x08001895   Thumb Code     6  stm32f10x_i2c.o(i.I2C_ReceiveData)
    I2C_Send7bitAddress                      0x0800189b   Thumb Code    16  stm32f10x_i2c.o(i.I2C_Send7bitAddress)
    I2C_SendData                             0x080018ab   Thumb Code     4  stm32f10x_i2c.o(i.I2C_SendData)
    MemManage_Handler                        0x080018af   Thumb Code     2  stm32f10x_it.o(i.MemManage_Handler)
    NMI_Handler                              0x080018b1   Thumb Code     2  stm32f10x_it.o(i.NMI_Handler)
    NVIC_Init                                0x080018b3   Thumb Code   106  misc.o(i.NVIC_Init)
    NVIC_PriorityGroupConfig                 0x0800191d   Thumb Code    14  misc.o(i.NVIC_PriorityGroupConfig)
    PendSV_Handler                           0x08001931   Thumb Code     2  stm32f10x_it.o(i.PendSV_Handler)
    QuadC_LEDOff                             0x08001935   Thumb Code    16  gpio.o(i.QuadC_LEDOff)
    QuadC_LEDOn                              0x0800194d   Thumb Code    16  gpio.o(i.QuadC_LEDOn)
    QuadC_LEDToggle                          0x08001965   Thumb Code    20  gpio.o(i.QuadC_LEDToggle)
    RCC_ADCCLKConfig                         0x08001981   Thumb Code    14  stm32f10x_rcc.o(i.RCC_ADCCLKConfig)
    RCC_APB1PeriphClockCmd                   0x08001995   Thumb Code    18  stm32f10x_rcc.o(i.RCC_APB1PeriphClockCmd)
    RCC_APB1PeriphResetCmd                   0x080019ad   Thumb Code    18  stm32f10x_rcc.o(i.RCC_APB1PeriphResetCmd)
    RCC_APB2PeriphClockCmd                   0x080019c5   Thumb Code    18  stm32f10x_rcc.o(i.RCC_APB2PeriphClockCmd)
    RCC_ClearFlag                            0x080019dd   Thumb Code    12  stm32f10x_rcc.o(i.RCC_ClearFlag)
    RCC_GetClocksFreq                        0x080019ed   Thumb Code   156  stm32f10x_rcc.o(i.RCC_GetClocksFreq)
    RCC_GetFlagStatus                        0x08001a9d   Thumb Code    42  stm32f10x_rcc.o(i.RCC_GetFlagStatus)
    RCC_PCLK1Config                          0x08001acd   Thumb Code    14  stm32f10x_rcc.o(i.RCC_PCLK1Config)
    RTCAlarm_IRQHandler                      0x08001ae1   Thumb Code     2  stm32f10x_it.o(i.RTCAlarm_IRQHandler)
    RTC_IRQHandler                           0x08001ae3   Thumb Code     2  stm32f10x_it.o(i.RTC_IRQHandler)
    SVC_Handler                              0x08001ae5   Thumb Code     2  stm32f10x_it.o(i.SVC_Handler)
    SysTick_Handler                          0x08001ae9   Thumb Code    98  stm32f10x_it.o(i.SysTick_Handler)
    SystemInit                               0x08001b69   Thumb Code   192  system_stm32f10x.o(i.SystemInit)
    TIM1_CC_IRQHandler                       0x08001c39   Thumb Code     2  stm32f10x_it.o(i.TIM1_CC_IRQHandler)
    TIM1_TRG_COM_IRQHandler                  0x08001c3b   Thumb Code     2  stm32f10x_it.o(i.TIM1_TRG_COM_IRQHandler)
    TIM2_IRQHandler                          0x08001c3d   Thumb Code     2  stm32f10x_it.o(i.TIM2_IRQHandler)
    TIM3_Configuration                       0x08001c41   Thumb Code    98  tim.o(i.TIM3_Configuration)
    TIM3_IRQHandler                          0x08001ca9   Thumb Code    48  stm32f10x_it.o(i.TIM3_IRQHandler)
    TIM_ClearITPendingBit                    0x08001ce1   Thumb Code     6  stm32f10x_tim.o(i.TIM_ClearITPendingBit)
    TIM_Cmd                                  0x08001ce7   Thumb Code    18  stm32f10x_tim.o(i.TIM_Cmd)
    TIM_GetCapture1                          0x08001cf9   Thumb Code     4  stm32f10x_tim.o(i.TIM_GetCapture1)
    TIM_ITConfig                             0x08001cfd   Thumb Code    16  stm32f10x_tim.o(i.TIM_ITConfig)
    TIM_OC1Init                              0x08001d0d   Thumb Code   132  stm32f10x_tim.o(i.TIM_OC1Init)
    TIM_OC1PreloadConfig                     0x08001d91   Thumb Code    12  stm32f10x_tim.o(i.TIM_OC1PreloadConfig)
    TIM_SetCompare1                          0x08001d9d   Thumb Code     4  stm32f10x_tim.o(i.TIM_SetCompare1)
    TIM_TimeBaseInit                         0x08001da1   Thumb Code   148  stm32f10x_tim.o(i.TIM_TimeBaseInit)
    TimingDelay_Decrement                    0x08001e3d   Thumb Code    18  main.o(i.TimingDelay_Decrement)
    USART1_IRQHandler                        0x08001e55   Thumb Code    96  stm32f10x_it.o(i.USART1_IRQHandler)
    USART2_IRQHandler                        0x08001ec5   Thumb Code    18  stm32f10x_it.o(i.USART2_IRQHandler)
    USART_Cmd                                0x08001edd   Thumb Code    18  stm32f10x_usart.o(i.USART_Cmd)
    USART_Configuration                      0x08001ef1   Thumb Code    68  uart.o(i.USART_Configuration)
    USART_GetITStatus                        0x08001f39   Thumb Code    78  stm32f10x_usart.o(i.USART_GetITStatus)
    USART_ITConfig                           0x08001f87   Thumb Code    48  stm32f10x_usart.o(i.USART_ITConfig)
    USART_Init                               0x08001fb9   Thumb Code   174  stm32f10x_usart.o(i.USART_Init)
    USART_RC_Config                          0x0800206d   Thumb Code    68  uart.o(i.USART_RC_Config)
    USART_ReceiveData                        0x080020b5   Thumb Code     8  stm32f10x_usart.o(i.USART_ReceiveData)
    USART_SendData                           0x080020bd   Thumb Code     8  stm32f10x_usart.o(i.USART_SendData)
    USB_LP_CAN1_RX0_IRQHandler               0x080020c5   Thumb Code     2  stm32f10x_it.o(i.USB_LP_CAN1_RX0_IRQHandler)
    UsageFault_Handler                       0x080020c7   Thumb Code     2  stm32f10x_it.o(i.UsageFault_Handler)
    __scatterload_copy                       0x080020c9   Thumb Code    14  handlers.o(i.__scatterload_copy)
    __scatterload_null                       0x080020d7   Thumb Code     2  handlers.o(i.__scatterload_null)
    __scatterload_zeroinit                   0x080020d9   Thumb Code    14  handlers.o(i.__scatterload_zeroinit)
    levelcontroller                          0x080020e9   Thumb Code   190  mixer.o(i.levelcontroller)
    main                                     0x080021bd   Thumb Code   692  main.o(i.main)
    mixer                                    0x08002489   Thumb Code   412  mixer.o(i.mixer)
    mode_flight                              0x0800265d   Thumb Code   332  mixer.o(i.mode_flight)
    rcdsl_parse_data                         0x080027b9   Thumb Code   206  rcdsl.o(i.rcdsl_parse_data)
    readmem                                  0x080028a5   Thumb Code   222  i2c.o(i.readmem)
    GPIO_PIN                                 0x0800299c   Data           6  gpio.o(.constdata)
    Region$$Table$$Base                      0x080029a4   Number         0  anon$$obj.o(Region$$Table)
    Region$$Table$$Limit                     0x080029c4   Number         0  anon$$obj.o(Region$$Table)
    DataVar                                  0x20000000   Data           2  eeprom.o(.data)
    GPIO_PORT                                0x20000004   Data          12  gpio.o(.data)
    rcdsl_RSSI                               0x20000010   Data           1  main.o(.data)
    gas                                      0x20000011   Data           4  main.o(.data)
    lowbat_flag                              0x20000018   Data           1  main.o(.data)
    tick                                     0x2000001a   Data           2  main.o(.data)
    vadc                                     0x2000001c   Data           2  main.o(.data)
    GyroX                                    0x2000001e   Data           2  main.o(.data)
    GyroY                                    0x20000020   Data           2  main.o(.data)
    GyroZ                                    0x20000022   Data           2  main.o(.data)
    GyroXNeutral                             0x20000024   Data           2  main.o(.data)
    GyroYNeutral                             0x20000026   Data           2  main.o(.data)
    GyroZNeutral                             0x20000028   Data           2  main.o(.data)
    VirtAddVarTab                            0x20000030   Data           8  main.o(.data)
    rcdsl_battery                            0x20000038   Data           1  main.o(.data)
    rcdsl_allocation                         0x20000039   Data           1  main.o(.data)
    addr                                     0x2000003c   Data           1  stm32f10x_it.o(.data)
    n                                        0x2000003d   Data           1  stm32f10x_it.o(.data)
    slave                                    0x20000040   Data           2  stm32f10x_it.o(.data)
    data_counter                             0x20000048   Data           1  rcdsl.o(.data)
    last_byte                                0x20000049   Data           1  rcdsl.o(.data)
    check_sum                                0x2000004a   Data           1  rcdsl.o(.data)
    paket_len                                0x2000004b   Data           1  rcdsl.o(.data)
    data                                     0x20000050   Data           6  rcdsl.o(.data)
    pwrmode                                  0x20000058   Data           1  mixer.o(.data)
    differential_error                       0x2000005c   Data           4  mixer.o(.data)
    K_pY                                     0x20000060   Data           4  mixer.o(.data)
    K_iY                                     0x20000064   Data           4  mixer.o(.data)
    K_dY                                     0x20000068   Data           4  mixer.o(.data)
    throttle                                 0x2000006c   Data           4  mixer.o(.data)
    modeswitch                               0x20000070   Data           4  mixer.o(.data)
    K_p                                      0x20000074   Data           4  mixer.o(.data)
    K_i                                      0x20000078   Data           4  mixer.o(.data)
    K_d                                      0x2000007c   Data           4  mixer.o(.data)
    temp                                     0x20000080   Data           4  mixer.o(.data)
    level                                    0x20000084   Data          40  mixer.o(.data)
    yaw                                      0x200000ac   Data          20  mixer.o(.data)
    gui_RESET                                0x200000c0   Data           1  uart.o(.data)
    gui_READpara                             0x200000c1   Data           1  uart.o(.data)
    gui_READsens                             0x200000c2   Data           1  uart.o(.data)
    gui_SEND                                 0x200000c3   Data           1  uart.o(.data)
    NoofByte                                 0x200000c4   Data           1  uart.o(.data)
    TxBuf                                    0x200000c8   Data           4  uart.o(.data)
    SystemCoreClock                          0x200000e0   Data           4  system_stm32f10x.o(.data)
    AHBPrescTable                            0x200000e4   Data          16  system_stm32f10x.o(.data)
    pulswidth                                0x200000f4   Data          18  main.o(.bss)
    neutral                                  0x20000108   Data          16  main.o(.bss)
    buf                                      0x20000118   Data          10  main.o(.bss)
    set                                      0x20000124   Data          16  mixer.o(.bss)
    msg                                      0x20000134   Data          20  uart.o(.bss)
    gui_SENSOR                               0x20000148   Data          13  uart.o(.bss)
    gui_PARA                                 0x20000155   Data          33  uart.o(.bss)
    gui_packet                               0x20000176   Data          39  uart.o(.bss)
    __initial_sp                             0x200005a0   Data           0  startup_stm32f10x_md.o(STACK)



==============================================================================

Memory Map of the image

  Image Entry point : 0x080000ed

  Load Region LR_IROM1 (Base: 0x08000000, Size: 0x00002ab8, Max: 0x00010000, ABSOLUTE)

    Execution Region ER_IROM1 (Base: 0x08000000, Size: 0x000029c4, Max: 0x00010000, ABSOLUTE)

    Base Addr    Size         Type   Attr      Idx    E Section Name        Object

    0x08000000   0x000000ec   Data   RO         2776    RESET               startup_stm32f10x_md.o
    0x080000ec   0x00000000   Code   RO         2781  * .ARM.Collect$$$$00000000  mc_w.l(entry.o)
    0x080000ec   0x00000004   Code   RO         2814    .ARM.Collect$$$$00000001  mc_w.l(entry2.o)
    0x080000f0   0x00000004   Code   RO         2817    .ARM.Collect$$$$00000004  mc_w.l(entry5.o)
    0x080000f4   0x00000008   Code   RO         2818    .ARM.Collect$$$$00000007  mc_w.l(entry7.o)
    0x080000fc   0x00000004   Code   RO         2815    .ARM.Collect$$$$00002712  mc_w.l(entry2.o)
    0x08000100   0x00000024   Code   RO         2777    .text               startup_stm32f10x_md.o
    0x08000124   0x00000024   Code   RO         2784    .text               mc_w.l(memcpya.o)
    0x08000148   0x0000002c   Code   RO         2786    .text               mc_w.l(strstr.o)
    0x08000174   0x000000b0   Code   RO         2790    .text               mf_w.l(fadd.o)
    0x08000224   0x0000006c   Code   RO         2792    .text               mf_w.l(fmul.o)
    0x08000290   0x0000014a   Code   RO         2794    .text               mf_w.l(dadd.o)
    0x080003da   0x000000e2   Code   RO         2796    .text               mf_w.l(dmul.o)
    0x080004bc   0x000000de   Code   RO         2798    .text               mf_w.l(ddiv.o)
    0x0800059a   0x00000012   Code   RO         2800    .text               mf_w.l(fflti.o)
    0x080005ac   0x00000022   Code   RO         2802    .text               mf_w.l(dflti.o)
    0x080005ce   0x0000001a   Code   RO         2804    .text               mf_w.l(dfltui.o)
    0x080005e8   0x00000032   Code   RO         2806    .text               mf_w.l(ffixi.o)
    0x0800061a   0x00000028   Code   RO         2808    .text               mf_w.l(ffixui.o)
    0x08000642   0x0000003e   Code   RO         2810    .text               mf_w.l(dfixi.o)
    0x08000680   0x0000002e   Code   RO         2812    .text               mf_w.l(dfixui.o)
    0x080006ae   0x0000001e   Code   RO         2819    .text               mc_w.l(llshl.o)
    0x080006cc   0x00000020   Code   RO         2821    .text               mc_w.l(llushr.o)
    0x080006ec   0x00000024   Code   RO         2823    .text               mc_w.l(llsshr.o)
    0x08000710   0x00000000   Code   RO         2825    .text               mc_w.l(iusefp.o)
    0x08000710   0x00000070   Code   RO         2826    .text               mf_w.l(fepilogue.o)
    0x08000780   0x000000c2   Code   RO         2828    .text               mf_w.l(depilogue.o)
    0x08000842   0x00000002   PAD
    0x08000844   0x00000024   Code   RO         2830    .text               mc_w.l(init.o)
    0x08000868   0x00000044   Code   RO          232    i.ADC1_2_IRQHandler  stm32f10x_it.o
    0x080008ac   0x0000006c   Code   RO            1    i.ADC1_Configuration  adc.o
    0x08000918   0x00000008   Code   RO          639    i.ADC_ClearITPendingBit  stm32f10x_adc.o
    0x08000920   0x00000012   Code   RO          640    i.ADC_Cmd           stm32f10x_adc.o
    0x08000932   0x00000010   Code   RO          648    i.ADC_GetCalibrationStatus  stm32f10x_adc.o
    0x08000942   0x00000006   Code   RO          649    i.ADC_GetConversionValue  stm32f10x_adc.o
    0x08000948   0x00000020   Code   RO          652    i.ADC_GetITStatus   stm32f10x_adc.o
    0x08000968   0x00000010   Code   RO          654    i.ADC_GetResetCalibrationStatus  stm32f10x_adc.o
    0x08000978   0x0000004c   Code   RO          658    i.ADC_Init          stm32f10x_adc.o
    0x080009c4   0x00000096   Code   RO          662    i.ADC_RegularChannelConfig  stm32f10x_adc.o
    0x08000a5a   0x0000000a   Code   RO          663    i.ADC_ResetCalibration  stm32f10x_adc.o
    0x08000a64   0x00000012   Code   RO          665    i.ADC_SoftwareStartConvCmd  stm32f10x_adc.o
    0x08000a76   0x0000000a   Code   RO          667    i.ADC_StartCalibration  stm32f10x_adc.o
    0x08000a80   0x00000002   Code   RO          233    i.BusFault_Handler  stm32f10x_it.o
    0x08000a82   0x00000002   PAD
    0x08000a84   0x000000bc   Code   RO          148    i.CalibrateRC       main.o
    0x08000b40   0x00000002   Code   RO          234    i.DebugMon_Handler  stm32f10x_it.o
    0x08000b42   0x00000002   PAD
    0x08000b44   0x00000204   Code   RO           74    i.EE_Init           eeprom.o
    0x08000d48   0x00000088   Code   RO           75    i.EE_ReadVariable   eeprom.o
    0x08000dd0   0x0000006c   Code   RO           76    i.EE_VerifyPageFullWriteVariable  eeprom.o
    0x08000e3c   0x000000b8   Code   RO           77    i.EE_WriteVariable  eeprom.o
    0x08000ef4   0x00000040   Code   RO          933    i.FLASH_ErasePage   stm32f10x_flash.o
    0x08000f34   0x00000010   Code   RO          943    i.FLASH_Lock        stm32f10x_flash.o
    0x08000f44   0x00000038   Code   RO          946    i.FLASH_ProgramHalfWord  stm32f10x_flash.o
    0x08000f7c   0x00000018   Code   RO          951    i.FLASH_Unlock      stm32f10x_flash.o
    0x08000f94   0x00000064   Code   RO          955    i.FLASH_WaitForLastOperation  stm32f10x_flash.o
    0x08000ff8   0x000000e4   Code   RO          110    i.GPIO_Configuration  gpio.o
    0x080010dc   0x000000aa   Code   RO         1106    i.GPIO_Init         stm32f10x_gpio.o
    0x08001186   0x00000002   PAD
    0x08001188   0x00000278   Code   RO          596    i.GUI_com           uart.o
    0x08001400   0x00000074   Code   RO          597    i.GUI_receive       uart.o
    0x08001474   0x00000002   Code   RO          235    i.HardFault_Handler  stm32f10x_it.o
    0x08001476   0x00000002   PAD
    0x08001478   0x00000010   Code   RO          236    i.I2C1_ER_IRQHandler  stm32f10x_it.o
    0x08001488   0x000000e4   Code   RO          237    i.I2C1_EV_IRQHandler  stm32f10x_it.o
    0x0800156c   0x00000058   Code   RO          380    i.I2C2_Configuration  i2c.o
    0x080015c4   0x000000dc   Code   RO          238    i.I2C2_EV_IRQHandler  stm32f10x_it.o
    0x080016a0   0x00000012   Code   RO         2346    i.I2C_AcknowledgeConfig  stm32f10x_i2c.o
    0x080016b2   0x0000001a   Code   RO         2348    i.I2C_CheckEvent    stm32f10x_i2c.o
    0x080016cc   0x00000006   Code   RO         2349    i.I2C_ClearFlag     stm32f10x_i2c.o
    0x080016d2   0x00000006   Code   RO         2350    i.I2C_ClearITPendingBit  stm32f10x_i2c.o
    0x080016d8   0x00000012   Code   RO         2351    i.I2C_Cmd           stm32f10x_i2c.o
    0x080016ea   0x00000002   PAD
    0x080016ec   0x0000004c   Code   RO          381    i.I2C_Configuration  i2c.o
    0x08001738   0x0000003a   Code   RO         2354    i.I2C_DeInit        stm32f10x_i2c.o
    0x08001772   0x00000012   Code   RO         2358    i.I2C_GenerateSTART  stm32f10x_i2c.o
    0x08001784   0x00000012   Code   RO         2359    i.I2C_GenerateSTOP  stm32f10x_i2c.o
    0x08001796   0x0000001c   Code   RO         2360    i.I2C_GetFlagStatus  stm32f10x_i2c.o
    0x080017b2   0x0000000e   Code   RO         2362    i.I2C_GetLastEvent  stm32f10x_i2c.o
    0x080017c0   0x00000010   Code   RO         2364    i.I2C_ITConfig      stm32f10x_i2c.o
    0x080017d0   0x000000c4   Code   RO         2365    i.I2C_Init          stm32f10x_i2c.o
    0x08001894   0x00000006   Code   RO         2369    i.I2C_ReceiveData   stm32f10x_i2c.o
    0x0800189a   0x00000010   Code   RO         2371    i.I2C_Send7bitAddress  stm32f10x_i2c.o
    0x080018aa   0x00000004   Code   RO         2372    i.I2C_SendData      stm32f10x_i2c.o
    0x080018ae   0x00000002   Code   RO          239    i.MemManage_Handler  stm32f10x_it.o
    0x080018b0   0x00000002   Code   RO          240    i.NMI_Handler       stm32f10x_it.o
    0x080018b2   0x0000006a   Code   RO         1403    i.NVIC_Init         misc.o
    0x0800191c   0x00000014   Code   RO         1404    i.NVIC_PriorityGroupConfig  misc.o
    0x08001930   0x00000002   Code   RO          241    i.PendSV_Handler    stm32f10x_it.o
    0x08001932   0x00000002   PAD
    0x08001934   0x00000018   Code   RO          111    i.QuadC_LEDOff      gpio.o
    0x0800194c   0x00000018   Code   RO          112    i.QuadC_LEDOn       gpio.o
    0x08001964   0x0000001c   Code   RO          113    i.QuadC_LEDToggle   gpio.o
    0x08001980   0x00000014   Code   RO         2085    i.RCC_ADCCLKConfig  stm32f10x_rcc.o
    0x08001994   0x00000018   Code   RO         2087    i.RCC_APB1PeriphClockCmd  stm32f10x_rcc.o
    0x080019ac   0x00000018   Code   RO         2088    i.RCC_APB1PeriphResetCmd  stm32f10x_rcc.o
    0x080019c4   0x00000018   Code   RO         2089    i.RCC_APB2PeriphClockCmd  stm32f10x_rcc.o
    0x080019dc   0x00000010   Code   RO         2093    i.RCC_ClearFlag     stm32f10x_rcc.o
    0x080019ec   0x000000b0   Code   RO         2097    i.RCC_GetClocksFreq  stm32f10x_rcc.o
    0x08001a9c   0x00000030   Code   RO         2098    i.RCC_GetFlagStatus  stm32f10x_rcc.o
    0x08001acc   0x00000014   Code   RO         2108    i.RCC_PCLK1Config   stm32f10x_rcc.o
    0x08001ae0   0x00000002   Code   RO          242    i.RTCAlarm_IRQHandler  stm32f10x_it.o
    0x08001ae2   0x00000002   Code   RO          243    i.RTC_IRQHandler    stm32f10x_it.o
    0x08001ae4   0x00000002   Code   RO          244    i.SVC_Handler       stm32f10x_it.o
    0x08001ae6   0x00000002   PAD
    0x08001ae8   0x00000080   Code   RO          245    i.SysTick_Handler   stm32f10x_it.o
    0x08001b68   0x000000d0   Code   RO         2724    i.SystemInit        system_stm32f10x.o
    0x08001c38   0x00000002   Code   RO          246    i.TIM1_CC_IRQHandler  stm32f10x_it.o
    0x08001c3a   0x00000002   Code   RO          247    i.TIM1_TRG_COM_IRQHandler  stm32f10x_it.o
    0x08001c3c   0x00000002   Code   RO          248    i.TIM2_IRQHandler   stm32f10x_it.o
    0x08001c3e   0x00000002   PAD
    0x08001c40   0x00000068   Code   RO          584    i.TIM3_Configuration  tim.o
    0x08001ca8   0x00000038   Code   RO          249    i.TIM3_IRQHandler   stm32f10x_it.o
    0x08001ce0   0x00000006   Code   RO         1446    i.TIM_ClearITPendingBit  stm32f10x_tim.o
    0x08001ce6   0x00000012   Code   RO         1451    i.TIM_Cmd           stm32f10x_tim.o
    0x08001cf8   0x00000004   Code   RO         1466    i.TIM_GetCapture1   stm32f10x_tim.o
    0x08001cfc   0x00000010   Code   RO         1476    i.TIM_ITConfig      stm32f10x_tim.o
    0x08001d0c   0x00000084   Code   RO         1480    i.TIM_OC1Init       stm32f10x_tim.o
    0x08001d90   0x0000000c   Code   RO         1483    i.TIM_OC1PreloadConfig  stm32f10x_tim.o
    0x08001d9c   0x00000004   Code   RO         1512    i.TIM_SetCompare1   stm32f10x_tim.o
    0x08001da0   0x0000009c   Code   RO         1522    i.TIM_TimeBaseInit  stm32f10x_tim.o
    0x08001e3c   0x00000018   Code   RO          153    i.TimingDelay_Decrement  main.o
    0x08001e54   0x00000070   Code   RO          250    i.USART1_IRQHandler  stm32f10x_it.o
    0x08001ec4   0x00000018   Code   RO          251    i.USART2_IRQHandler  stm32f10x_it.o
    0x08001edc   0x00000012   Code   RO         2547    i.USART_Cmd         stm32f10x_usart.o
    0x08001eee   0x00000002   PAD
    0x08001ef0   0x00000048   Code   RO          598    i.USART_Configuration  uart.o
    0x08001f38   0x0000004e   Code   RO         2551    i.USART_GetITStatus  stm32f10x_usart.o
    0x08001f86   0x00000030   Code   RO         2553    i.USART_ITConfig    stm32f10x_usart.o
    0x08001fb6   0x00000002   PAD
    0x08001fb8   0x000000b4   Code   RO         2554    i.USART_Init        stm32f10x_usart.o
    0x0800206c   0x00000048   Code   RO          599    i.USART_RC_Config   uart.o
    0x080020b4   0x00000008   Code   RO         2561    i.USART_ReceiveData  stm32f10x_usart.o
    0x080020bc   0x00000008   Code   RO         2564    i.USART_SendData    stm32f10x_usart.o
    0x080020c4   0x00000002   Code   RO          252    i.USB_LP_CAN1_RX0_IRQHandler  stm32f10x_it.o
    0x080020c6   0x00000002   Code   RO          253    i.UsageFault_Handler  stm32f10x_it.o
    0x080020c8   0x0000000e   Code   RO         2834    i.__scatterload_copy  mc_w.l(handlers.o)
    0x080020d6   0x00000002   Code   RO         2835    i.__scatterload_null  mc_w.l(handlers.o)
    0x080020d8   0x0000000e   Code   RO         2836    i.__scatterload_zeroinit  mc_w.l(handlers.o)
    0x080020e6   0x00000002   PAD
    0x080020e8   0x000000d4   Code   RO          535    i.levelcontroller   mixer.o
    0x080021bc   0x000002cc   Code   RO          154    i.main              main.o
    0x08002488   0x000001d4   Code   RO          537    i.mixer             mixer.o
    0x0800265c   0x0000015c   Code   RO          538    i.mode_flight       mixer.o
    0x080027b8   0x000000ec   Code   RO          422    i.rcdsl_parse_data  rcdsl.o
    0x080028a4   0x000000f8   Code   RO          384    i.readmem           i2c.o
    0x0800299c   0x00000006   Data   RO          114    .constdata          gpio.o
    0x080029a2   0x00000002   PAD
    0x080029a4   0x00000020   Data   RO         2832    Region$$Table       anon$$obj.o


    Execution Region RW_IRAM1 (Base: 0x20000000, Size: 0x000005a0, Max: 0x00005000, ABSOLUTE)

    Base Addr    Size         Type   Attr      Idx    E Section Name        Object

    0x20000000   0x00000002   Data   RW           78    .data               eeprom.o
    0x20000002   0x00000002   PAD
    0x20000004   0x0000000c   Data   RW          115    .data               gpio.o
    0x20000010   0x00000001   Data   RW          158    .data               main.o
    0x20000011   0x00000004   Data   RW          159    .data               main.o
    0x20000015   0x00000003   PAD
    0x20000018   0x00000018   Data   RW          160    .data               main.o
    0x20000030   0x00000008   Data   RW          163    .data               main.o
    0x20000038   0x00000001   Data   RW          164    .data               main.o
    0x20000039   0x00000001   Data   RW          165    .data               main.o
    0x2000003a   0x00000002   PAD
    0x2000003c   0x0000000c   Data   RW          254    .data               stm32f10x_it.o
    0x20000048   0x0000000e   Data   RW          423    .data               rcdsl.o
    0x20000056   0x00000002   PAD
    0x20000058   0x00000068   Data   RW          543    .data               mixer.o
    0x200000c0   0x0000000c   Data   RW          601    .data               uart.o
    0x200000cc   0x00000014   Data   RW         2117    .data               stm32f10x_rcc.o
    0x200000e0   0x00000014   Data   RW         2725    .data               system_stm32f10x.o
    0x200000f4   0x0000002e   Zero   RW          156    .bss                main.o
    0x20000122   0x00000002   PAD
    0x20000124   0x00000010   Zero   RW          542    .bss                mixer.o
    0x20000134   0x00000069   Zero   RW          600    .bss                uart.o
    0x2000019d   0x00000003   PAD
    0x200001a0   0x00000400   Zero   RW         2774    STACK               startup_stm32f10x_md.o


==============================================================================

Image component sizes


      Code (inc. data)   RO Data    RW Data    ZI Data      Debug   Object Name

       108          4          0          0          0     274553   adc.o
         0          0          0          0          0         32   core_cm3.o
       944         48          0          2          0       5485   eeprom.o
       304         34          6         12          0       2693   gpio.o
       412         42          0          0          0       2123   i2c.o
       928         48          0         39         46      20844   main.o
       126          6          0          0          0       1791   misc.o
      1028         94          0        104         16       3692   mixer.o
       236         30          0         14          0       3647   rcdsl.o
        36          8        236          0       1024        912   startup_stm32f10x_md.o
       360          4          0          0          0       9539   stm32f10x_adc.o
       260         32          0          0          0       5411   stm32f10x_flash.o
       170          0          0          0          0       2040   stm32f10x_gpio.o
       448          8          0          0          0      11407   stm32f10x_i2c.o
       880        104          0         12          0       9689   stm32f10x_it.o
       352         60          0         20          0       7716   stm32f10x_rcc.o
       348          8          0          0          0       6864   stm32f10x_tim.o
       340          6          0          0          0       5931   stm32f10x_usart.o
       208         16          0         20          0       1177   system_stm32f10x.o
       104          6          0          0          0        541   tim.o
       892        136          0         12        105       3408   uart.o

    ----------------------------------------------------------------------
      8504        694        276        244       1196     379495   Object Totals
         0          0         32          0          0          0   (incl. Generated)
        20          0          2          9          5          1   (incl. Padding)

    ----------------------------------------------------------------------

      Code (inc. data)   RO Data    RW Data    ZI Data      Debug   Library Member Name

         0          0          0          0          0          0   entry.o
         8          4          0          0          0          0   entry2.o
         4          0          0          0          0          0   entry5.o
         8          4          0          0          0          0   entry7.o
        30          0          0          0          0          0   handlers.o
        36          8          0          0          0         68   init.o
         0          0          0          0          0          0   iusefp.o
        30          0          0          0          0         68   llshl.o
        36          0          0          0          0         68   llsshr.o
        32          0          0          0          0         68   llushr.o
        36          0          0          0          0         68   memcpya.o
        44          0          0          0          0         80   strstr.o
       330          0          0          0          0        148   dadd.o
       222          0          0          0          0        100   ddiv.o
       194          0          0          0          0        184   depilogue.o
        62          0          0          0          0         80   dfixi.o
        46          0          0          0          0         68   dfixui.o
        34          0          0          0          0         76   dflti.o
        26          0          0          0          0         76   dfltui.o
       226          0          0          0          0         96   dmul.o
       176          0          0          0          0        140   fadd.o
       112          0          0          0          0        168   fepilogue.o
        50          0          0          0          0         68   ffixi.o
        40          0          0          0          0         68   ffixui.o
        18          0          0          0          0         68   fflti.o
       108          0          0          0          0         76   fmul.o

    ----------------------------------------------------------------------
      1912         16          0          0          0       1836   Library Totals
         4          0          0          0          0          0   (incl. Padding)

    ----------------------------------------------------------------------

      Code (inc. data)   RO Data    RW Data    ZI Data      Debug   Library Name

       264         16          0          0          0        420   mc_w.l
      1644          0          0          0          0       1416   mf_w.l

    ----------------------------------------------------------------------
      1912         16          0          0          0       1836   Library Totals

    ----------------------------------------------------------------------

==============================================================================


      Code (inc. data)   RO Data    RW Data    ZI Data      Debug   

     10416        710        276        244       1196     375144   Grand Totals
     10416        710        276        244       1196     375144   ELF Image Totals
     10416        710        276        244          0          0   ROM Totals

==============================================================================

    Total RO  Size (Code + RO Data)                10692 (  10.44kB)
    Total RW  Size (RW Data + ZI Data)              1440 (   1.41kB)
    Total ROM Size (Code + RO Data + RW Data)      10936 (  10.68kB)

==============================================================================

